-- The C compiler identification is GNU 12.3.0
-- The CXX compiler identification is GNU 12.3.0
-- Detecting C compiler ABI info
-- Detecting C compiler ABI info - done
-- Check for working C compiler: /usr/bin/cc - skipped
-- Detecting C compile features
-- Detecting C compile features - done
-- Detecting CXX compiler ABI info
-- Detecting CXX compiler ABI info - done
-- Check for working CXX compiler: /usr/bin/c++ - skipped
-- Detecting CXX compile features
-- Detecting CXX compile features - done
-- Found ament_cmake: 1.3.14 (/opt/ros/humble/share/ament_cmake/cmake)
-- Found Python3: /usr/bin/python3 (found version "3.10.12") found components: Interpreter 
-- Override CMake install command with custom implementation using symlinks instead of copying resources
-- Found ament_lint_auto: 0.12.15 (/opt/ros/humble/share/ament_lint_auto/cmake)
-- Configuring done
-- Generating done
-- Build files have been written to: /home/user/Desktop/ur_pick/ros2_ws/build/ur_onrobot_description
-- Install configuration: ""
-- Execute custom install script
-- Symlinking: /home/user/Desktop/ur_pick/ros2_ws/install/ur_onrobot_description/share/ur_onrobot_description/launch/view_robot.launch.py
-- Symlinking: /home/user/Desktop/ur_pick/ros2_ws/install/ur_onrobot_description/share/ur_onrobot_description/rviz/view_robot.rviz
-- Symlinking: /home/user/Desktop/ur_pick/ros2_ws/install/ur_onrobot_description/share/ur_onrobot_description/urdf/ur_onrobot.urdf.xacro
-- Symlinking: /home/user/Desktop/ur_pick/ros2_ws/install/ur_onrobot_description/share/ur_onrobot_description/urdf/ur_onrobot_macro.xacro
-- Symlinking: /home/user/Desktop/ur_pick/ros2_ws/install/ur_onrobot_description/share/ament_index/resource_index/package_run_dependencies/ur_onrobot_description
-- Symlinking: /home/user/Desktop/ur_pick/ros2_ws/install/ur_onrobot_description/share/ament_index/resource_index/parent_prefix_path/ur_onrobot_description
-- Symlinking: /home/user/Desktop/ur_pick/ros2_ws/install/ur_onrobot_description/share/ur_onrobot_description/environment/ament_prefix_path.sh
-- Symlinking: /home/user/Desktop/ur_pick/ros2_ws/install/ur_onrobot_description/share/ur_onrobot_description/environment/ament_prefix_path.dsv
-- Symlinking: /home/user/Desktop/ur_pick/ros2_ws/install/ur_onrobot_description/share/ur_onrobot_description/environment/path.sh
-- Symlinking: /home/user/Desktop/ur_pick/ros2_ws/install/ur_onrobot_description/share/ur_onrobot_description/environment/path.dsv
-- Symlinking: /home/user/Desktop/ur_pick/ros2_ws/install/ur_onrobot_description/share/ur_onrobot_description/local_setup.bash
-- Symlinking: /home/user/Desktop/ur_pick/ros2_ws/install/ur_onrobot_description/share/ur_onrobot_description/local_setup.sh
-- Symlinking: /home/user/Desktop/ur_pick/ros2_ws/install/ur_onrobot_description/share/ur_onrobot_description/local_setup.zsh
-- Symlinking: /home/user/Desktop/ur_pick/ros2_ws/install/ur_onrobot_description/share/ur_onrobot_description/local_setup.dsv
-- Symlinking: /home/user/Desktop/ur_pick/ros2_ws/install/ur_onrobot_description/share/ur_onrobot_description/package.dsv
-- Symlinking: /home/user/Desktop/ur_pick/ros2_ws/install/ur_onrobot_description/share/ament_index/resource_index/packages/ur_onrobot_description
-- Symlinking: /home/user/Desktop/ur_pick/ros2_ws/install/ur_onrobot_description/share/ur_onrobot_description/cmake/ur_onrobot_descriptionConfig.cmake
-- Symlinking: /home/user/Desktop/ur_pick/ros2_ws/install/ur_onrobot_description/share/ur_onrobot_description/cmake/ur_onrobot_descriptionConfig-version.cmake
-- Symlinking: /home/user/Desktop/ur_pick/ros2_ws/install/ur_onrobot_description/share/ur_onrobot_description/package.xml
