[0.010s] Invoking command in '/home/user/Desktop/ur_pick/ros2_ws/build/ur_onrobot_description': AMENT_PREFIX_PATH=/home/user/Desktop/ur_pick/ros2_ws/install/onrobot_description:${AMENT_PREFIX_PATH} CMAKE_PREFIX_PATH=/home/user/Desktop/ur_pick/ros2_ws/install/onrobot_description:/opt/ros/humble /usr/bin/cmake /home/user/Desktop/ur_pick/ros2_ws/src/UR_OnRobot_ROS2/ur_onrobot_description -DAMENT_CMAKE_SYMLINK_INSTALL=1 -DCMAKE_INSTALL_PREFIX=/home/user/Desktop/ur_pick/ros2_ws/install/ur_onrobot_description
[0.085s] -- The C compiler identification is GNU 12.3.0
[0.157s] -- The CXX compiler identification is GNU 12.3.0
[0.166s] -- Detecting C compiler ABI info
[0.264s] -- Detecting C compiler ABI info - done
[0.276s] -- Check for working C compiler: /usr/bin/cc - skipped
[0.276s] -- Detecting C compile features
[0.277s] -- Detecting C compile features - done
[0.280s] -- Detecting CXX compiler ABI info
[0.386s] -- Detecting CXX compiler ABI info - done
[0.393s] -- Check for working CXX compiler: /usr/bin/c++ - skipped
[0.393s] -- Detecting CXX compile features
[0.393s] -- Detecting CXX compile features - done
[0.396s] -- Found ament_cmake: 1.3.14 (/opt/ros/humble/share/ament_cmake/cmake)
[0.548s] -- Found Python3: /usr/bin/python3 (found version "3.10.12") found components: Interpreter 
[0.604s] -- Override CMake install command with custom implementation using symlinks instead of copying resources
[0.637s] -- Found ament_lint_auto: 0.12.15 (/opt/ros/humble/share/ament_lint_auto/cmake)
[0.693s] -- Configuring done
[0.696s] -- Generating done
[0.698s] -- Build files have been written to: /home/user/Desktop/ur_pick/ros2_ws/build/ur_onrobot_description
[0.702s] Invoked command in '/home/user/Desktop/ur_pick/ros2_ws/build/ur_onrobot_description' returned '0': AMENT_PREFIX_PATH=/home/user/Desktop/ur_pick/ros2_ws/install/onrobot_description:${AMENT_PREFIX_PATH} CMAKE_PREFIX_PATH=/home/user/Desktop/ur_pick/ros2_ws/install/onrobot_description:/opt/ros/humble /usr/bin/cmake /home/user/Desktop/ur_pick/ros2_ws/src/UR_OnRobot_ROS2/ur_onrobot_description -DAMENT_CMAKE_SYMLINK_INSTALL=1 -DCMAKE_INSTALL_PREFIX=/home/user/Desktop/ur_pick/ros2_ws/install/ur_onrobot_description
[0.704s] Invoking command in '/home/user/Desktop/ur_pick/ros2_ws/build/ur_onrobot_description': AMENT_PREFIX_PATH=/home/user/Desktop/ur_pick/ros2_ws/install/onrobot_description:${AMENT_PREFIX_PATH} CMAKE_PREFIX_PATH=/home/user/Desktop/ur_pick/ros2_ws/install/onrobot_description:/opt/ros/humble /usr/bin/cmake --build /home/user/Desktop/ur_pick/ros2_ws/build/ur_onrobot_description -- -j15 -l15
[0.754s] Invoked command in '/home/user/Desktop/ur_pick/ros2_ws/build/ur_onrobot_description' returned '0': AMENT_PREFIX_PATH=/home/user/Desktop/ur_pick/ros2_ws/install/onrobot_description:${AMENT_PREFIX_PATH} CMAKE_PREFIX_PATH=/home/user/Desktop/ur_pick/ros2_ws/install/onrobot_description:/opt/ros/humble /usr/bin/cmake --build /home/user/Desktop/ur_pick/ros2_ws/build/ur_onrobot_description -- -j15 -l15
[0.757s] Invoking command in '/home/user/Desktop/ur_pick/ros2_ws/build/ur_onrobot_description': AMENT_PREFIX_PATH=/home/user/Desktop/ur_pick/ros2_ws/install/onrobot_description:${AMENT_PREFIX_PATH} CMAKE_PREFIX_PATH=/home/user/Desktop/ur_pick/ros2_ws/install/onrobot_description:/opt/ros/humble /usr/bin/cmake --install /home/user/Desktop/ur_pick/ros2_ws/build/ur_onrobot_description
[0.768s] -- Install configuration: ""
[0.768s] -- Execute custom install script
[0.769s] -- Symlinking: /home/user/Desktop/ur_pick/ros2_ws/install/ur_onrobot_description/share/ur_onrobot_description/launch/view_robot.launch.py
[0.783s] -- Symlinking: /home/user/Desktop/ur_pick/ros2_ws/install/ur_onrobot_description/share/ur_onrobot_description/rviz/view_robot.rviz
[0.799s] -- Symlinking: /home/user/Desktop/ur_pick/ros2_ws/install/ur_onrobot_description/share/ur_onrobot_description/urdf/ur_onrobot.urdf.xacro
[0.809s] -- Symlinking: /home/user/Desktop/ur_pick/ros2_ws/install/ur_onrobot_description/share/ur_onrobot_description/urdf/ur_onrobot_macro.xacro
[0.824s] -- Symlinking: /home/user/Desktop/ur_pick/ros2_ws/install/ur_onrobot_description/share/ament_index/resource_index/package_run_dependencies/ur_onrobot_description
[0.833s] -- Symlinking: /home/user/Desktop/ur_pick/ros2_ws/install/ur_onrobot_description/share/ament_index/resource_index/parent_prefix_path/ur_onrobot_description
[0.847s] -- Symlinking: /home/user/Desktop/ur_pick/ros2_ws/install/ur_onrobot_description/share/ur_onrobot_description/environment/ament_prefix_path.sh
[0.861s] -- Symlinking: /home/user/Desktop/ur_pick/ros2_ws/install/ur_onrobot_description/share/ur_onrobot_description/environment/ament_prefix_path.dsv
[0.875s] -- Symlinking: /home/user/Desktop/ur_pick/ros2_ws/install/ur_onrobot_description/share/ur_onrobot_description/environment/path.sh
[0.887s] -- Symlinking: /home/user/Desktop/ur_pick/ros2_ws/install/ur_onrobot_description/share/ur_onrobot_description/environment/path.dsv
[0.901s] -- Symlinking: /home/user/Desktop/ur_pick/ros2_ws/install/ur_onrobot_description/share/ur_onrobot_description/local_setup.bash
[0.911s] -- Symlinking: /home/user/Desktop/ur_pick/ros2_ws/install/ur_onrobot_description/share/ur_onrobot_description/local_setup.sh
[0.920s] -- Symlinking: /home/user/Desktop/ur_pick/ros2_ws/install/ur_onrobot_description/share/ur_onrobot_description/local_setup.zsh
[0.932s] -- Symlinking: /home/user/Desktop/ur_pick/ros2_ws/install/ur_onrobot_description/share/ur_onrobot_description/local_setup.dsv
[0.942s] -- Symlinking: /home/user/Desktop/ur_pick/ros2_ws/install/ur_onrobot_description/share/ur_onrobot_description/package.dsv
[0.959s] -- Symlinking: /home/user/Desktop/ur_pick/ros2_ws/install/ur_onrobot_description/share/ament_index/resource_index/packages/ur_onrobot_description
[0.973s] -- Symlinking: /home/user/Desktop/ur_pick/ros2_ws/install/ur_onrobot_description/share/ur_onrobot_description/cmake/ur_onrobot_descriptionConfig.cmake
[0.989s] -- Symlinking: /home/user/Desktop/ur_pick/ros2_ws/install/ur_onrobot_description/share/ur_onrobot_description/cmake/ur_onrobot_descriptionConfig-version.cmake
[1.004s] -- Symlinking: /home/user/Desktop/ur_pick/ros2_ws/install/ur_onrobot_description/share/ur_onrobot_description/package.xml
[1.021s] Invoked command in '/home/user/Desktop/ur_pick/ros2_ws/build/ur_onrobot_description' returned '0': AMENT_PREFIX_PATH=/home/user/Desktop/ur_pick/ros2_ws/install/onrobot_description:${AMENT_PREFIX_PATH} CMAKE_PREFIX_PATH=/home/user/Desktop/ur_pick/ros2_ws/install/onrobot_description:/opt/ros/humble /usr/bin/cmake --install /home/user/Desktop/ur_pick/ros2_ws/build/ur_onrobot_description
