-- Install configuration: ""
-- Execute custom install script
-- Symlinking: /home/user/Desktop/ur_pick/ros2_ws/install/onrobot_description/share/onrobot_description/launch/view_onrobot.launch.py
-- Symlinking: /home/user/Desktop/ur_pick/ros2_ws/install/onrobot_description/share/onrobot_description/meshes/rg2/collision/base_link.stl
-- Symlinking: /home/user/Desktop/ur_pick/ros2_ws/install/onrobot_description/share/onrobot_description/meshes/rg2/collision/inner_finger.stl
-- Symlinking: /home/user/Desktop/ur_pick/ros2_ws/install/onrobot_description/share/onrobot_description/meshes/rg2/collision/inner_knuckle.stl
-- Symlinking: /home/user/Desktop/ur_pick/ros2_ws/install/onrobot_description/share/onrobot_description/meshes/rg2/collision/outer_knuckle.stl
-- Symlinking: /home/user/Desktop/ur_pick/ros2_ws/install/onrobot_description/share/onrobot_description/meshes/rg2/visual/base_link.stl
-- Symlinking: /home/user/Desktop/ur_pick/ros2_ws/install/onrobot_description/share/onrobot_description/meshes/rg2/visual/inner_finger.stl
-- Symlinking: /home/user/Desktop/ur_pick/ros2_ws/install/onrobot_description/share/onrobot_description/meshes/rg2/visual/inner_knuckle.stl
-- Symlinking: /home/user/Desktop/ur_pick/ros2_ws/install/onrobot_description/share/onrobot_description/meshes/rg2/visual/outer_knuckle.stl
-- Symlinking: /home/user/Desktop/ur_pick/ros2_ws/install/onrobot_description/share/onrobot_description/meshes/rg6/collision/base_link.stl
-- Symlinking: /home/user/Desktop/ur_pick/ros2_ws/install/onrobot_description/share/onrobot_description/meshes/rg6/collision/inner_finger.stl
-- Symlinking: /home/user/Desktop/ur_pick/ros2_ws/install/onrobot_description/share/onrobot_description/meshes/rg6/collision/inner_knuckle.stl
-- Symlinking: /home/user/Desktop/ur_pick/ros2_ws/install/onrobot_description/share/onrobot_description/meshes/rg6/collision/outer_knuckle.stl
-- Symlinking: /home/user/Desktop/ur_pick/ros2_ws/install/onrobot_description/share/onrobot_description/meshes/rg6/visual/base_link.stl
-- Symlinking: /home/user/Desktop/ur_pick/ros2_ws/install/onrobot_description/share/onrobot_description/meshes/rg6/visual/inner_finger.stl
-- Symlinking: /home/user/Desktop/ur_pick/ros2_ws/install/onrobot_description/share/onrobot_description/meshes/rg6/visual/inner_knuckle.stl
-- Symlinking: /home/user/Desktop/ur_pick/ros2_ws/install/onrobot_description/share/onrobot_description/meshes/rg6/visual/outer_knuckle.stl
-- Symlinking: /home/user/Desktop/ur_pick/ros2_ws/install/onrobot_description/share/onrobot_description/rviz/view_onrobot.rviz
-- Symlinking: /home/user/Desktop/ur_pick/ros2_ws/install/onrobot_description/share/onrobot_description/urdf/inc/rg_common.xacro
-- Symlinking: /home/user/Desktop/ur_pick/ros2_ws/install/onrobot_description/share/onrobot_description/urdf/onrobot.urdf.xacro
-- Symlinking: /home/user/Desktop/ur_pick/ros2_ws/install/onrobot_description/share/onrobot_description/urdf/onrobot_macro.xacro
-- Symlinking: /home/user/Desktop/ur_pick/ros2_ws/install/onrobot_description/share/onrobot_description/urdf/rg2_macro.xacro
-- Symlinking: /home/user/Desktop/ur_pick/ros2_ws/install/onrobot_description/share/onrobot_description/urdf/rg6_macro.xacro
-- Symlinking: /home/user/Desktop/ur_pick/ros2_ws/install/onrobot_description/share/ament_index/resource_index/package_run_dependencies/onrobot_description
-- Symlinking: /home/user/Desktop/ur_pick/ros2_ws/install/onrobot_description/share/ament_index/resource_index/parent_prefix_path/onrobot_description
-- Symlinking: /home/user/Desktop/ur_pick/ros2_ws/install/onrobot_description/share/onrobot_description/environment/ament_prefix_path.sh
-- Symlinking: /home/user/Desktop/ur_pick/ros2_ws/install/onrobot_description/share/onrobot_description/environment/ament_prefix_path.dsv
-- Symlinking: /home/user/Desktop/ur_pick/ros2_ws/install/onrobot_description/share/onrobot_description/environment/path.sh
-- Symlinking: /home/user/Desktop/ur_pick/ros2_ws/install/onrobot_description/share/onrobot_description/environment/path.dsv
-- Symlinking: /home/user/Desktop/ur_pick/ros2_ws/install/onrobot_description/share/onrobot_description/local_setup.bash
-- Symlinking: /home/user/Desktop/ur_pick/ros2_ws/install/onrobot_description/share/onrobot_description/local_setup.sh
-- Symlinking: /home/user/Desktop/ur_pick/ros2_ws/install/onrobot_description/share/onrobot_description/local_setup.zsh
-- Symlinking: /home/user/Desktop/ur_pick/ros2_ws/install/onrobot_description/share/onrobot_description/local_setup.dsv
-- Symlinking: /home/user/Desktop/ur_pick/ros2_ws/install/onrobot_description/share/onrobot_description/package.dsv
-- Symlinking: /home/user/Desktop/ur_pick/ros2_ws/install/onrobot_description/share/ament_index/resource_index/packages/onrobot_description
-- Symlinking: /home/user/Desktop/ur_pick/ros2_ws/install/onrobot_description/share/onrobot_description/cmake/onrobot_descriptionConfig.cmake
-- Symlinking: /home/user/Desktop/ur_pick/ros2_ws/install/onrobot_description/share/onrobot_description/cmake/onrobot_descriptionConfig-version.cmake
-- Symlinking: /home/user/Desktop/ur_pick/ros2_ws/install/onrobot_description/share/onrobot_description/package.xml
