-- The C compiler identification is GNU 12.3.0
-- The CXX compiler identification is GNU 12.3.0
-- Detecting C compiler ABI info
-- Detecting C compiler ABI info - done
-- Check for working C compiler: /usr/bin/cc - skipped
-- Detecting C compile features
-- Detecting C compile features - done
-- Detecting CXX compiler ABI info
-- Detecting CXX compiler ABI info - done
-- Check for working CXX compiler: /usr/bin/c++ - skipped
-- Detecting CXX compile features
-- Detecting CXX compile features - done
-- Found ament_cmake: 1.3.14 (/opt/ros/humble/share/ament_cmake/cmake)
-- Found Python3: /usr/bin/python3 (found version "3.10.12") found components: Interpreter 
-- Override CMake install command with custom implementation using symlinks instead of copying resources
-- Found geometry_msgs: 4.9.1 (/opt/ros/humble/share/geometry_msgs/cmake)
-- Found rosidl_generator_c: 3.1.8 (/opt/ros/humble/share/rosidl_generator_c/cmake)
-- Found rosidl_adapter: 3.1.8 (/opt/ros/humble/share/rosidl_adapter/cmake)
-- Found rosidl_generator_cpp: 3.1.8 (/opt/ros/humble/share/rosidl_generator_cpp/cmake)
-- Using all available rosidl_typesupport_c: rosidl_typesupport_fastrtps_c;rosidl_typesupport_introspection_c
-- Using all available rosidl_typesupport_cpp: rosidl_typesupport_fastrtps_cpp;rosidl_typesupport_introspection_cpp
-- Found moveit_msgs: 2.2.1 (/opt/ros/humble/share/moveit_msgs/cmake)
-- Found moveit_ros_planning_interface: 2.5.9 (/opt/ros/humble/share/moveit_ros_planning_interface/cmake)
-- Found Boost: /usr/lib/x86_64-linux-gnu/cmake/Boost-1.74.0/BoostConfig.cmake (found version "1.74.0") found components: date_time filesystem program_options system thread 
-- Found Boost: /usr/lib/x86_64-linux-gnu/cmake/Boost-1.74.0/BoostConfig.cmake (found version "1.74.0") found components: chrono date_time filesystem iostreams program_options regex serialization system thread 
-- Found parameter_traits: 0.7.1 (/opt/ros/humble/share/parameter_traits/cmake)
-- Found rmw_implementation_cmake: 6.1.2 (/opt/ros/humble/share/rmw_implementation_cmake/cmake)
-- Found rmw_fastrtps_cpp: 6.2.10 (/opt/ros/humble/share/rmw_fastrtps_cpp/cmake)
-- Found OpenSSL: /usr/lib/x86_64-linux-gnu/libcrypto.so (found version "3.0.2")  
-- Found FastRTPS: /opt/ros/humble/include  
-- Using RMW implementation 'rmw_fastrtps_cpp' as default
-- Found Threads: TRUE  
-- Found rclcpp_lifecycle: 16.0.19 (/opt/ros/humble/share/rclcpp_lifecycle/cmake)
-- Found Boost: /usr/lib/x86_64-linux-gnu/cmake/Boost-1.74.0/BoostConfig.cmake (found version "1.74.0") found components: filesystem 
-- library: /usr/lib/x86_64-linux-gnu/libcurl.so
-- Found Eigen3: TRUE (found version "3.4.0") 
-- Ensuring Eigen3 include directory is part of orocos-kdl CMake target
-- Found Boost: /usr/lib/x86_64-linux-gnu/cmake/Boost-1.74.0/BoostConfig.cmake (found version "1.74.0") found components: system filesystem date_time program_options thread chrono 
-- Found Boost: /usr/lib/x86_64-linux-gnu/cmake/Boost-1.74.0/BoostConfig.cmake (found version "1.74.0") found components: thread system filesystem regex date_time program_options 
-- Found Boost: /usr/lib/x86_64-linux-gnu/cmake/Boost-1.74.0/BoostConfig.cmake (found version "1.74.0") found components: system filesystem date_time program_options thread 
-- Found moveit_task_constructor_core: 0.1.3 (/opt/ros/humble/share/moveit_task_constructor_core/cmake)
-- Found ament_lint_auto: 0.12.15 (/opt/ros/humble/share/ament_lint_auto/cmake)
-- Added test 'cppcheck' to perform static code analysis on C / C++ code
-- Configured cppcheck include dirs: $<BUILD_INTERFACE:/home/user/Desktop/ur_pick/ros2_ws/src/moveit2_tutorials_ur_onrobot/ur_onrobot_mtc/include>
-- Configured cppcheck exclude dirs and/or files: 
-- Added test 'flake8' to check Python code syntax and style conventions
-- Added test 'lint_cmake' to check CMake code style
-- Added test 'pep257' to check Python code against some of the docstring style conventions in PEP 257
-- Added test 'uncrustify' to check C / C++ code style
-- Configured uncrustify additional arguments: 
-- Added test 'xmllint' to check XML markup files
-- Configuring done
-- Generating done
-- Build files have been written to: /home/user/Desktop/ur_pick/ros2_ws/build/ur_onrobot_mtc
[ 25%] Building CXX object CMakeFiles/minimal.dir/src/minimal.cpp.o
[ 50%] Building CXX object CMakeFiles/pick_and_place.dir/src/pick_and_place.cpp.o
[ 75%] Linking CXX executable minimal
[ 75%] Built target minimal
[100%] Linking CXX executable pick_and_place
[100%] Built target pick_and_place
-- Install configuration: ""
-- Execute custom install script
-- Symlinking: /home/user/Desktop/ur_pick/ros2_ws/install/ur_onrobot_mtc/lib/ur_onrobot_mtc/minimal
-- Symlinking: /home/user/Desktop/ur_pick/ros2_ws/install/ur_onrobot_mtc/lib/ur_onrobot_mtc/pick_and_place
-- Symlinking: /home/user/Desktop/ur_pick/ros2_ws/install/ur_onrobot_mtc/share/ur_onrobot_mtc/config/mtc_ur_onrobot.rviz
-- Symlinking: /home/user/Desktop/ur_pick/ros2_ws/install/ur_onrobot_mtc/share/ur_onrobot_mtc/launch/pick_and_place_demo.launch.py
-- Symlinking: /home/user/Desktop/ur_pick/ros2_ws/install/ur_onrobot_mtc/share/ament_index/resource_index/package_run_dependencies/ur_onrobot_mtc
-- Symlinking: /home/user/Desktop/ur_pick/ros2_ws/install/ur_onrobot_mtc/share/ament_index/resource_index/parent_prefix_path/ur_onrobot_mtc
-- Symlinking: /home/user/Desktop/ur_pick/ros2_ws/install/ur_onrobot_mtc/share/ur_onrobot_mtc/environment/ament_prefix_path.sh
-- Symlinking: /home/user/Desktop/ur_pick/ros2_ws/install/ur_onrobot_mtc/share/ur_onrobot_mtc/environment/ament_prefix_path.dsv
-- Symlinking: /home/user/Desktop/ur_pick/ros2_ws/install/ur_onrobot_mtc/share/ur_onrobot_mtc/environment/path.sh
-- Symlinking: /home/user/Desktop/ur_pick/ros2_ws/install/ur_onrobot_mtc/share/ur_onrobot_mtc/environment/path.dsv
-- Symlinking: /home/user/Desktop/ur_pick/ros2_ws/install/ur_onrobot_mtc/share/ur_onrobot_mtc/local_setup.bash
-- Symlinking: /home/user/Desktop/ur_pick/ros2_ws/install/ur_onrobot_mtc/share/ur_onrobot_mtc/local_setup.sh
-- Symlinking: /home/user/Desktop/ur_pick/ros2_ws/install/ur_onrobot_mtc/share/ur_onrobot_mtc/local_setup.zsh
-- Symlinking: /home/user/Desktop/ur_pick/ros2_ws/install/ur_onrobot_mtc/share/ur_onrobot_mtc/local_setup.dsv
-- Symlinking: /home/user/Desktop/ur_pick/ros2_ws/install/ur_onrobot_mtc/share/ur_onrobot_mtc/package.dsv
-- Symlinking: /home/user/Desktop/ur_pick/ros2_ws/install/ur_onrobot_mtc/share/ament_index/resource_index/packages/ur_onrobot_mtc
-- Symlinking: /home/user/Desktop/ur_pick/ros2_ws/install/ur_onrobot_mtc/share/ur_onrobot_mtc/cmake/ur_onrobot_mtcConfig.cmake
-- Symlinking: /home/user/Desktop/ur_pick/ros2_ws/install/ur_onrobot_mtc/share/ur_onrobot_mtc/cmake/ur_onrobot_mtcConfig-version.cmake
-- Symlinking: /home/user/Desktop/ur_pick/ros2_ws/install/ur_onrobot_mtc/share/ur_onrobot_mtc/package.xml
