[0.018s] Invoking command in '/home/user/Desktop/ur_pick/ros2_ws/build/ur_onrobot_mtc': AMENT_PREFIX_PATH=/home/user/Desktop/ur_pick/ros2_ws/install/ur_onrobot_moveit_config:/home/user/Desktop/ur_pick/ros2_ws/install/ur_onrobot_control:/home/user/Desktop/ur_pick/ros2_ws/install/ur_onrobot_description:/home/user/Desktop/ur_pick/ros2_ws/install/onrobot_driver:/home/user/Desktop/ur_pick/ros2_ws/install/onrobot_description:${AMENT_PREFIX_PATH} CMAKE_PREFIX_PATH=/home/user/Desktop/ur_pick/ros2_ws/install/ur_onrobot_moveit_config:/home/user/Desktop/ur_pick/ros2_ws/install/ur_onrobot_control:/home/user/Desktop/ur_pick/ros2_ws/install/ur_onrobot_description:/home/user/Desktop/ur_pick/ros2_ws/install/onrobot_driver:/home/user/Desktop/ur_pick/ros2_ws/install/onrobot_description:/opt/ros/humble LD_LIBRARY_PATH=/home/user/Desktop/ur_pick/ros2_ws/install/onrobot_driver/lib:${LD_LIBRARY_PATH} PYTHONPATH=/home/user/Desktop/ur_pick/ros2_ws/install/ur_onrobot_moveit_config/local/lib/python3.10/dist-packages:${PYTHONPATH} /usr/bin/cmake /home/user/Desktop/ur_pick/ros2_ws/src/moveit2_tutorials_ur_onrobot/ur_onrobot_mtc -DAMENT_CMAKE_SYMLINK_INSTALL=1 -DCMAKE_INSTALL_PREFIX=/home/user/Desktop/ur_pick/ros2_ws/install/ur_onrobot_mtc
[0.089s] -- The C compiler identification is GNU 12.3.0
[0.159s] -- The CXX compiler identification is GNU 12.3.0
[0.169s] -- Detecting C compiler ABI info
[0.264s] -- Detecting C compiler ABI info - done
[0.275s] -- Check for working C compiler: /usr/bin/cc - skipped
[0.275s] -- Detecting C compile features
[0.276s] -- Detecting C compile features - done
[0.279s] -- Detecting CXX compiler ABI info
[0.386s] -- Detecting CXX compiler ABI info - done
[0.394s] -- Check for working CXX compiler: /usr/bin/c++ - skipped
[0.395s] -- Detecting CXX compile features
[0.395s] -- Detecting CXX compile features - done
[0.399s] -- Found ament_cmake: 1.3.14 (/opt/ros/humble/share/ament_cmake/cmake)
[0.558s] -- Found Python3: /usr/bin/python3 (found version "3.10.12") found components: Interpreter 
[0.617s] -- Override CMake install command with custom implementation using symlinks instead of copying resources
[0.662s] -- Found geometry_msgs: 4.9.1 (/opt/ros/humble/share/geometry_msgs/cmake)
[0.715s] -- Found rosidl_generator_c: 3.1.8 (/opt/ros/humble/share/rosidl_generator_c/cmake)
[0.721s] -- Found rosidl_adapter: 3.1.8 (/opt/ros/humble/share/rosidl_adapter/cmake)
[0.731s] -- Found rosidl_generator_cpp: 3.1.8 (/opt/ros/humble/share/rosidl_generator_cpp/cmake)
[0.744s] -- Using all available rosidl_typesupport_c: rosidl_typesupport_fastrtps_c;rosidl_typesupport_introspection_c
[0.762s] -- Using all available rosidl_typesupport_cpp: rosidl_typesupport_fastrtps_cpp;rosidl_typesupport_introspection_cpp
[0.807s] -- Found moveit_msgs: 2.2.1 (/opt/ros/humble/share/moveit_msgs/cmake)
[0.965s] -- Found moveit_ros_planning_interface: 2.5.9 (/opt/ros/humble/share/moveit_ros_planning_interface/cmake)
[1.231s] -- Found Boost: /usr/lib/x86_64-linux-gnu/cmake/Boost-1.74.0/BoostConfig.cmake (found version "1.74.0") found components: date_time filesystem program_options system thread 
[1.259s] -- Found Boost: /usr/lib/x86_64-linux-gnu/cmake/Boost-1.74.0/BoostConfig.cmake (found version "1.74.0") found components: chrono date_time filesystem iostreams program_options regex serialization system thread 
[1.326s] -- Found parameter_traits: 0.7.1 (/opt/ros/humble/share/parameter_traits/cmake)
[1.378s] -- Found rmw_implementation_cmake: 6.1.2 (/opt/ros/humble/share/rmw_implementation_cmake/cmake)
[1.382s] -- Found rmw_fastrtps_cpp: 6.2.10 (/opt/ros/humble/share/rmw_fastrtps_cpp/cmake)
[1.526s] -- Found OpenSSL: /usr/lib/x86_64-linux-gnu/libcrypto.so (found version "3.0.2")  
[1.559s] -- Found FastRTPS: /opt/ros/humble/include  
[1.616s] -- Using RMW implementation 'rmw_fastrtps_cpp' as default
[1.628s] -- Found Threads: TRUE  
[1.684s] -- Found rclcpp_lifecycle: 16.0.19 (/opt/ros/humble/share/rclcpp_lifecycle/cmake)
[1.710s] -- Found Boost: /usr/lib/x86_64-linux-gnu/cmake/Boost-1.74.0/BoostConfig.cmake (found version "1.74.0") found components: filesystem 
[1.858s] -- library: /usr/lib/x86_64-linux-gnu/libcurl.so
[1.894s] -- Found Eigen3: TRUE (found version "3.4.0") 
[1.894s] -- Ensuring Eigen3 include directory is part of orocos-kdl CMake target
[2.049s] -- Found Boost: /usr/lib/x86_64-linux-gnu/cmake/Boost-1.74.0/BoostConfig.cmake (found version "1.74.0") found components: system filesystem date_time program_options thread chrono 
[2.080s] -- Found Boost: /usr/lib/x86_64-linux-gnu/cmake/Boost-1.74.0/BoostConfig.cmake (found version "1.74.0") found components: thread system filesystem regex date_time program_options 
[2.103s] -- Found Boost: /usr/lib/x86_64-linux-gnu/cmake/Boost-1.74.0/BoostConfig.cmake (found version "1.74.0") found components: system filesystem date_time program_options thread 
[2.132s] -- Found moveit_task_constructor_core: 0.1.3 (/opt/ros/humble/share/moveit_task_constructor_core/cmake)
[2.194s] -- Found ament_lint_auto: 0.12.15 (/opt/ros/humble/share/ament_lint_auto/cmake)
[2.285s] -- Added test 'cppcheck' to perform static code analysis on C / C++ code
[2.285s] -- Configured cppcheck include dirs: $<BUILD_INTERFACE:/home/user/Desktop/ur_pick/ros2_ws/src/moveit2_tutorials_ur_onrobot/ur_onrobot_mtc/include>
[2.285s] -- Configured cppcheck exclude dirs and/or files: 
[2.286s] -- Added test 'flake8' to check Python code syntax and style conventions
[2.286s] -- Added test 'lint_cmake' to check CMake code style
[2.287s] -- Added test 'pep257' to check Python code against some of the docstring style conventions in PEP 257
[2.288s] -- Added test 'uncrustify' to check C / C++ code style
[2.288s] -- Configured uncrustify additional arguments: 
[2.289s] -- Added test 'xmllint' to check XML markup files
[2.291s] -- Configuring done
[2.344s] -- Generating done
[2.355s] -- Build files have been written to: /home/user/Desktop/ur_pick/ros2_ws/build/ur_onrobot_mtc
[2.369s] Invoked command in '/home/user/Desktop/ur_pick/ros2_ws/build/ur_onrobot_mtc' returned '0': AMENT_PREFIX_PATH=/home/user/Desktop/ur_pick/ros2_ws/install/ur_onrobot_moveit_config:/home/user/Desktop/ur_pick/ros2_ws/install/ur_onrobot_control:/home/user/Desktop/ur_pick/ros2_ws/install/ur_onrobot_description:/home/user/Desktop/ur_pick/ros2_ws/install/onrobot_driver:/home/user/Desktop/ur_pick/ros2_ws/install/onrobot_description:${AMENT_PREFIX_PATH} CMAKE_PREFIX_PATH=/home/user/Desktop/ur_pick/ros2_ws/install/ur_onrobot_moveit_config:/home/user/Desktop/ur_pick/ros2_ws/install/ur_onrobot_control:/home/user/Desktop/ur_pick/ros2_ws/install/ur_onrobot_description:/home/user/Desktop/ur_pick/ros2_ws/install/onrobot_driver:/home/user/Desktop/ur_pick/ros2_ws/install/onrobot_description:/opt/ros/humble LD_LIBRARY_PATH=/home/user/Desktop/ur_pick/ros2_ws/install/onrobot_driver/lib:${LD_LIBRARY_PATH} PYTHONPATH=/home/user/Desktop/ur_pick/ros2_ws/install/ur_onrobot_moveit_config/local/lib/python3.10/dist-packages:${PYTHONPATH} /usr/bin/cmake /home/user/Desktop/ur_pick/ros2_ws/src/moveit2_tutorials_ur_onrobot/ur_onrobot_mtc -DAMENT_CMAKE_SYMLINK_INSTALL=1 -DCMAKE_INSTALL_PREFIX=/home/user/Desktop/ur_pick/ros2_ws/install/ur_onrobot_mtc
[2.370s] Invoking command in '/home/user/Desktop/ur_pick/ros2_ws/build/ur_onrobot_mtc': AMENT_PREFIX_PATH=/home/user/Desktop/ur_pick/ros2_ws/install/ur_onrobot_moveit_config:/home/user/Desktop/ur_pick/ros2_ws/install/ur_onrobot_control:/home/user/Desktop/ur_pick/ros2_ws/install/ur_onrobot_description:/home/user/Desktop/ur_pick/ros2_ws/install/onrobot_driver:/home/user/Desktop/ur_pick/ros2_ws/install/onrobot_description:${AMENT_PREFIX_PATH} CMAKE_PREFIX_PATH=/home/user/Desktop/ur_pick/ros2_ws/install/ur_onrobot_moveit_config:/home/user/Desktop/ur_pick/ros2_ws/install/ur_onrobot_control:/home/user/Desktop/ur_pick/ros2_ws/install/ur_onrobot_description:/home/user/Desktop/ur_pick/ros2_ws/install/onrobot_driver:/home/user/Desktop/ur_pick/ros2_ws/install/onrobot_description:/opt/ros/humble LD_LIBRARY_PATH=/home/user/Desktop/ur_pick/ros2_ws/install/onrobot_driver/lib:${LD_LIBRARY_PATH} PYTHONPATH=/home/user/Desktop/ur_pick/ros2_ws/install/ur_onrobot_moveit_config/local/lib/python3.10/dist-packages:${PYTHONPATH} /usr/bin/cmake --build /home/user/Desktop/ur_pick/ros2_ws/build/ur_onrobot_mtc -- -j15 -l15
[2.446s] [ 25%] Building CXX object CMakeFiles/minimal.dir/src/minimal.cpp.o
[2.448s] [ 50%] Building CXX object CMakeFiles/pick_and_place.dir/src/pick_and_place.cpp.o
[11.345s] [ 75%] Linking CXX executable minimal
[11.697s] [ 75%] Built target minimal
[12.566s] [100%] Linking CXX executable pick_and_place
[12.945s] [100%] Built target pick_and_place
[12.962s] Invoked command in '/home/user/Desktop/ur_pick/ros2_ws/build/ur_onrobot_mtc' returned '0': AMENT_PREFIX_PATH=/home/user/Desktop/ur_pick/ros2_ws/install/ur_onrobot_moveit_config:/home/user/Desktop/ur_pick/ros2_ws/install/ur_onrobot_control:/home/user/Desktop/ur_pick/ros2_ws/install/ur_onrobot_description:/home/user/Desktop/ur_pick/ros2_ws/install/onrobot_driver:/home/user/Desktop/ur_pick/ros2_ws/install/onrobot_description:${AMENT_PREFIX_PATH} CMAKE_PREFIX_PATH=/home/user/Desktop/ur_pick/ros2_ws/install/ur_onrobot_moveit_config:/home/user/Desktop/ur_pick/ros2_ws/install/ur_onrobot_control:/home/user/Desktop/ur_pick/ros2_ws/install/ur_onrobot_description:/home/user/Desktop/ur_pick/ros2_ws/install/onrobot_driver:/home/user/Desktop/ur_pick/ros2_ws/install/onrobot_description:/opt/ros/humble LD_LIBRARY_PATH=/home/user/Desktop/ur_pick/ros2_ws/install/onrobot_driver/lib:${LD_LIBRARY_PATH} PYTHONPATH=/home/user/Desktop/ur_pick/ros2_ws/install/ur_onrobot_moveit_config/local/lib/python3.10/dist-packages:${PYTHONPATH} /usr/bin/cmake --build /home/user/Desktop/ur_pick/ros2_ws/build/ur_onrobot_mtc -- -j15 -l15
[12.965s] Invoking command in '/home/user/Desktop/ur_pick/ros2_ws/build/ur_onrobot_mtc': AMENT_PREFIX_PATH=/home/user/Desktop/ur_pick/ros2_ws/install/ur_onrobot_moveit_config:/home/user/Desktop/ur_pick/ros2_ws/install/ur_onrobot_control:/home/user/Desktop/ur_pick/ros2_ws/install/ur_onrobot_description:/home/user/Desktop/ur_pick/ros2_ws/install/onrobot_driver:/home/user/Desktop/ur_pick/ros2_ws/install/onrobot_description:${AMENT_PREFIX_PATH} CMAKE_PREFIX_PATH=/home/user/Desktop/ur_pick/ros2_ws/install/ur_onrobot_moveit_config:/home/user/Desktop/ur_pick/ros2_ws/install/ur_onrobot_control:/home/user/Desktop/ur_pick/ros2_ws/install/ur_onrobot_description:/home/user/Desktop/ur_pick/ros2_ws/install/onrobot_driver:/home/user/Desktop/ur_pick/ros2_ws/install/onrobot_description:/opt/ros/humble LD_LIBRARY_PATH=/home/user/Desktop/ur_pick/ros2_ws/install/onrobot_driver/lib:${LD_LIBRARY_PATH} PYTHONPATH=/home/user/Desktop/ur_pick/ros2_ws/install/ur_onrobot_moveit_config/local/lib/python3.10/dist-packages:${PYTHONPATH} /usr/bin/cmake --install /home/user/Desktop/ur_pick/ros2_ws/build/ur_onrobot_mtc
[12.976s] -- Install configuration: ""
[12.977s] -- Execute custom install script
[12.978s] -- Symlinking: /home/user/Desktop/ur_pick/ros2_ws/install/ur_onrobot_mtc/lib/ur_onrobot_mtc/minimal
[12.991s] -- Symlinking: /home/user/Desktop/ur_pick/ros2_ws/install/ur_onrobot_mtc/lib/ur_onrobot_mtc/pick_and_place
[13.002s] -- Symlinking: /home/user/Desktop/ur_pick/ros2_ws/install/ur_onrobot_mtc/share/ur_onrobot_mtc/config/mtc_ur_onrobot.rviz
[13.012s] -- Symlinking: /home/user/Desktop/ur_pick/ros2_ws/install/ur_onrobot_mtc/share/ur_onrobot_mtc/launch/pick_and_place_demo.launch.py
[13.022s] -- Symlinking: /home/user/Desktop/ur_pick/ros2_ws/install/ur_onrobot_mtc/share/ament_index/resource_index/package_run_dependencies/ur_onrobot_mtc
[13.032s] -- Symlinking: /home/user/Desktop/ur_pick/ros2_ws/install/ur_onrobot_mtc/share/ament_index/resource_index/parent_prefix_path/ur_onrobot_mtc
[13.044s] -- Symlinking: /home/user/Desktop/ur_pick/ros2_ws/install/ur_onrobot_mtc/share/ur_onrobot_mtc/environment/ament_prefix_path.sh
[13.054s] -- Symlinking: /home/user/Desktop/ur_pick/ros2_ws/install/ur_onrobot_mtc/share/ur_onrobot_mtc/environment/ament_prefix_path.dsv
[13.064s] -- Symlinking: /home/user/Desktop/ur_pick/ros2_ws/install/ur_onrobot_mtc/share/ur_onrobot_mtc/environment/path.sh
[13.073s] -- Symlinking: /home/user/Desktop/ur_pick/ros2_ws/install/ur_onrobot_mtc/share/ur_onrobot_mtc/environment/path.dsv
[13.088s] -- Symlinking: /home/user/Desktop/ur_pick/ros2_ws/install/ur_onrobot_mtc/share/ur_onrobot_mtc/local_setup.bash
[13.098s] -- Symlinking: /home/user/Desktop/ur_pick/ros2_ws/install/ur_onrobot_mtc/share/ur_onrobot_mtc/local_setup.sh
[13.111s] -- Symlinking: /home/user/Desktop/ur_pick/ros2_ws/install/ur_onrobot_mtc/share/ur_onrobot_mtc/local_setup.zsh
[13.121s] -- Symlinking: /home/user/Desktop/ur_pick/ros2_ws/install/ur_onrobot_mtc/share/ur_onrobot_mtc/local_setup.dsv
[13.131s] -- Symlinking: /home/user/Desktop/ur_pick/ros2_ws/install/ur_onrobot_mtc/share/ur_onrobot_mtc/package.dsv
[13.144s] -- Symlinking: /home/user/Desktop/ur_pick/ros2_ws/install/ur_onrobot_mtc/share/ament_index/resource_index/packages/ur_onrobot_mtc
[13.154s] -- Symlinking: /home/user/Desktop/ur_pick/ros2_ws/install/ur_onrobot_mtc/share/ur_onrobot_mtc/cmake/ur_onrobot_mtcConfig.cmake
[13.169s] -- Symlinking: /home/user/Desktop/ur_pick/ros2_ws/install/ur_onrobot_mtc/share/ur_onrobot_mtc/cmake/ur_onrobot_mtcConfig-version.cmake
[13.184s] -- Symlinking: /home/user/Desktop/ur_pick/ros2_ws/install/ur_onrobot_mtc/share/ur_onrobot_mtc/package.xml
[13.200s] Invoked command in '/home/user/Desktop/ur_pick/ros2_ws/build/ur_onrobot_mtc' returned '0': AMENT_PREFIX_PATH=/home/user/Desktop/ur_pick/ros2_ws/install/ur_onrobot_moveit_config:/home/user/Desktop/ur_pick/ros2_ws/install/ur_onrobot_control:/home/user/Desktop/ur_pick/ros2_ws/install/ur_onrobot_description:/home/user/Desktop/ur_pick/ros2_ws/install/onrobot_driver:/home/user/Desktop/ur_pick/ros2_ws/install/onrobot_description:${AMENT_PREFIX_PATH} CMAKE_PREFIX_PATH=/home/user/Desktop/ur_pick/ros2_ws/install/ur_onrobot_moveit_config:/home/user/Desktop/ur_pick/ros2_ws/install/ur_onrobot_control:/home/user/Desktop/ur_pick/ros2_ws/install/ur_onrobot_description:/home/user/Desktop/ur_pick/ros2_ws/install/onrobot_driver:/home/user/Desktop/ur_pick/ros2_ws/install/onrobot_description:/opt/ros/humble LD_LIBRARY_PATH=/home/user/Desktop/ur_pick/ros2_ws/install/onrobot_driver/lib:${LD_LIBRARY_PATH} PYTHONPATH=/home/user/Desktop/ur_pick/ros2_ws/install/ur_onrobot_moveit_config/local/lib/python3.10/dist-packages:${PYTHONPATH} /usr/bin/cmake --install /home/user/Desktop/ur_pick/ros2_ws/build/ur_onrobot_mtc
