[INFO] Using python from: C:\isaac\IsaacLab\\_isaac_sim\python.bat
Loading user config located at: 'c:/isaac/isaaclab/_isaac_sim/kit/data/Kit/Isaac-Sim/5.1/user.config.json'
[Info] [carb] Logging to file: c:/isaac/isaaclab/_isaac_sim/kit/logs/Kit/Isaac-Sim/5.1/kit_20260524_144021.log
2026-05-24T14:40:21Z [8ms] [Warning] [carb.crashreporter-breakpad.plugin] [previous crash] preventing upload of minidump due to user opt-out: 'c:/isaac/isaaclab/_isaac_sim/kit/data/Kit/Isaac-Sim/5.1\efde220c-6e43-4396-9ebf-04ac38c3c3ab.dmp'
2026-05-24T14:40:21Z [9ms] [Warning] [carb.crashreporter-breakpad.plugin] [previous crash] preventing upload of minidump due to user opt-out: 'c:/isaac/isaaclab/_isaac_sim/kit/data/Kit/Isaac-Sim/5.1\70240354-5010-4701-89e5-49169f90e3d5.dmp'
2026-05-24T14:40:21Z [10ms] [Warning] [carb.crashreporter-breakpad.plugin] [previous crash] preventing upload of minidump due to user opt-out: 'c:/isaac/isaaclab/_isaac_sim/kit/data/Kit/Isaac-Sim/5.1\1714334a-906b-460b-80a0-b3680117e012.dmp'
2026-05-24T14:40:21Z [11ms] [Warning] [carb.crashreporter-breakpad.plugin] [previous crash] preventing upload of minidump due to user opt-out: 'c:/isaac/isaaclab/_isaac_sim/kit/data/Kit/Isaac-Sim/5.1\a6a3bc87-6d94-4043-9f19-6e2a0c1f12cd.dmp'

|---------------------------------------------------------------------------------------------|
| Driver Version: 572.60        | Graphics API: Vulkan
|=============================================================================================|
| GPU | Name                             | Active | LDA | GPU Memory | Vendor-ID | LUID       |
|     |                                  |        |     |            | Device-ID | UUID       |
|     |                                  |        |     |            | Bus-ID    |            |
|---------------------------------------------------------------------------------------------|
| 0   | Tesla T4                         | Yes: 0 |     | 15295   MB | 10de      | 87830000.. |
|     |                                  |        |     |            | 1eb8      | 39186826.. |
|     |                                  |        |     |            | 0         |            |
|=============================================================================================|
| OS: Windows Server 2022 Datacenter, Version: 10.0 (21H2), Build: 20348, Kernel: 10.0.20348.2461
| Processor: Intel(R) Xeon(R) Platinum 8259CL CPU @ 2.50GHz
| Cores: 8 | Logical Cores: 16
|---------------------------------------------------------------------------------------------|
| Total Memory (MB): 64723 | Free Memory: 55491
| Total Page/Swap (MB): 74451 | Free Page/Swap: 62220
|---------------------------------------------------------------------------------------------|
2026-05-24T14:40:23Z [1,542ms] [Warning] [gpu.foundation.plugin] ECC is enabled on physical device 0
2026-05-24T14:40:23Z [1,543ms] [Warning] [gpu.foundation.plugin] PCIe link width current (8) and maximum (16) for device 0 don't match.
2026-05-24T14:40:24Z [2,901ms] [Warning] [carb] Acquiring non optional plugin interface which is not listed as dependency: [omni::physx::IPhysxBenchmarks v1.0] (plugin: <default plugin>), by client: omni.physics.physx.plugin. Add it to CARB_PLUGIN_IMPL_DEPS() macro of a client.
2026-05-24T14:40:24Z [2,911ms] [Warning] [omni.isaac.dynamic_control] omni.isaac.dynamic_control is deprecated as of Isaac Sim 4.5. No action is needed from end-users.
2026-05-24T14:40:29Z [7,635ms] [Warning] [pxr.Semantics] pxr.Semantics is deprecated - please use Semantics instead
2026-05-24T14:40:29Z [7,839ms] [Warning] [omni.graph.core.plugin] Found duplicate of category 'Replicator' - was 'Annotators', adding 'Fabric Reader'
2026-05-24T14:40:29Z [7,840ms] [Warning] [omni.graph.core.plugin] Category 'Replicator' not accepted on node type 'omni.replicator.core.FabricReader' in extension 'omni.replicator.core'
2026-05-24T14:40:29Z [7,842ms] [Warning] [omni.replicator.core.scripts.extension] No material configuration file, adding configuration to material settings directly.
2026-05-24T14:40:37Z [15,855ms] [Warning] [carb.graphics-vulkan.plugin] NGX DLSS Frame Generation Feature AdaptC:\isaac\IsaacLab\_isaac_sim\kit\python\Lib\site-packages\gymnasium\envs\registration.py:636: UserWarning: [33mWARN: Overriding environment Isaac-Lift-AIR2-UR3e-RG2-v0 already in registry.[0m
  logger.warn(f"Overriding environment {new_spec.id} already in registry.")
C:\isaac\IsaacLab\_isaac_sim\kit\python\Lib\site-packages\gymnasium\envs\registration.py:636: UserWarning: [33mWARN: Overriding environment Isaac-Lift-AIR2-UR3e-RG2-Play-v0 already in registry.[0m
  logger.warn(f"Overriding environment {new_spec.id} already in registry.")
C:\isaac\IsaacLab\_isaac_sim\kit\python\Lib\site-packages\gymnasium\envs\registration.py:636: UserWarning: [33mWARN: Overriding environment Isaac-Lift-AIR2-UR3e-RG2-Segmentation-v0 already in registry.[0m
  logger.warn(f"Overriding environment {new_spec.id} already in registry.")
C:\isaac\IsaacLab\_isaac_sim\kit\python\Lib\site-packages\gymnasium\envs\registration.py:636: UserWarning: [33mWARN: Overriding environment Isaac-Lift-AIR2-UR3e-RG2-Segmentation-Play-v0 already in registry.[0m
  logger.warn(f"Overriding environment {new_spec.id} already in registry.")
[INFO][AppLauncher]: Using device: cuda:0
[INFO][AppLauncher]: Loading experience file: C:\isaac\IsaacLab\apps\isaaclab.python.headless.rendering.kit
[collect] output dir: datasets\air2_demos_v4
[INFO]: Parsing configuration from: isaaclab_ext.tasks.lift_air2_ur3e_rg2.segmentation_env_cfg:AIR2SegmentationEnvCfg_PLAY
[collect] episode_length_s = 30.0 (override)

[36m========================================================================================================================[0m
[36m[1m[INFO][IsaacLab]: Logging to file: C:\Users\ADMINI~1\AppData\Local\Temp\1\isaaclab\logs\isaaclab_2026-05-24_14-40-42.log[0m
[36m========================================================================================================================[0m

[33m14:40:42 [simulation_context.py] WARNING: The `enable_external_forces_every_iteration` parameter in the PhysxCfg is set to False. If you are experiencing noisy velocities, consider enabling this flag. You may need to slightly increase the number of velocity iterations (setting it to 1 or 2 rather than 0), together with this flag, to improve the accuracy of velocity updates.[0m
[INFO]: Base environment:
	Environment device    : cuda:0
	Environment seed      : None
	Physics step-size     : 0.01
	Rendering step-size   : 0.02
	Environment step-size : 0.02
[33m14:40:43 [prims.py] WARNING: Could not perform 'modify_mass_properties' on any prims under: '/World/envs/env_0/Object'. This might be because of the following reasons:
	(1) The desired attribute does not exist on any of the prims.
	(2) The desired attribute exists on an instanced prim.
		Discovered list of instanced prim paths: [][0m
[33m14:40:44 [prims.py] WARNING: Could not perform 'modify_mass_properties' on any prims under: '/World/envs/env_0/ToolPliers'. This might be because of the following reasons:
	(1) The desired attribute does not exist on any of the prims.
	(2) The desired attribute exists on an instanced prim.
		Discovered list of instanced prim paths: [][0m
[33m14:40:44 [prims.py] WARNING: Could not perform 'modify_mass_properties' on any prims under: '/World/envs/env_0/ToolScissors'. This might be because of the following reasons:
	(1) The desired attribute does not exist on any of the prims.
	(2) The desired attribute exists on an instanced prim.
		Discovered list of instanced prim paths: [][0m
[33m14:40:44 [prims.py] WARNING: Could not perform 'modify_mass_properties' on any prims under: '/World/envs/env_0/ToolSilicone'. This might be because of the following reasons:
	(1) The desired attribute does not exist on any of the prims.
	(2) The desired attribute exists on an instanced prim.
		Discovered list of instanced prim paths: [][0m
erUnsupported
2026-05-24T14:40:41Z [19,506ms] [Warning] [omni.fabric.plugin] Warning: attribute overrideClipRange not found for bucket id 7

2026-05-24T14:40:42Z [20,449ms] [Warning] [isaaclab.envs.manager_based_env] Seed not set for the environment. The environment creation may not be deterministic.
2026-05-24T14:40:44Z [22,386ms] [Warning] [omni.usd] Warning: in _ReportErrors at line 3172 of C:\g\201060795\USD\pxr\usd\usd\stage.cpp -- In </World/envs/env_0/Environment/AIR/AI_Robotics/_4_cm_floor_pegboard_display_stand>: Could not open asset @C:/Users/Administrator/Desktop/Downloads/84_cm_floor_pegboard_display_stand.usd@ for payload introduced by @C:/Users/Administrator/Desktop/AI_Robot_Manipulation_UR3e/scene/AI_Robotics.usd@</World/_4_cm_floor_pegboard_display_stand>. (recomposing stage on stage @anon:00000175C6504B50:World0.usd@ <00000175C85F0440>)

2026-05-24T14:40:44Z [23,015ms] [Warning] [omni.usd] Warning: in _ReportErrors at line 3172 of C:\g\201060795\USD\pxr\usd\usd\stage.cpp -- In </World/envs/env_1/Environment/AIR/AI_Robotics/_4_cm_floor_pegboard_display_stand>: Could not open asset @C:/Users/Administrator/Desktop/Downloads/84_cm_floor_pegboard_display_stand.usd@ for payload introduced by @C:/Users/Administrator/Desktop/AI_Robot_Manipulation_UR3e/scene/AI_Robotics.usd@</World/_4_cm_floor_pegboard_display_stand>. (recomposing stage on stage @anon:00000175C6504B50:World0.usd@ <00000175C85F0440>)

2026-05-24T14:40:44Z [23,015ms] [Warning] [omni.usd] Warning: in _ReportErrors at line 3172 of C:\g\201060795\USD\pxr\usd\usd\stage.cpp -- In </World/envs/env_3/Environment/AIR/AI_Robotics/_4_cm_floor_pegboard_display_stand>: Could not open asset @C:/Users/Administrator/Desktop/Downloads/84_cm_floor_pegboard_display_stand.usd@ for payload introduced by @C:/Users/Administrator/Desktop/AI_Robot_Manipulation_UR3e/scene/AI_Robotics.usd@</World/_4_cm_floor_pegboard_display_stand>. (recomposing stage on stage @anon:00000175C6504B50:World0.usd@ <00000175C85F0440>)

2026-05-24T14:40:44Z [23,015ms] [Warning] [omni.usd] Warning: in _ReportErrors at line 3172 of C:\g\201060795\USD\pxr\usd\usd\stage.cpp -- In </World/envs/env_2/Environment/AIR/AI_Robotics/_4_cm_floor_pegboard_display_stand>: Could not open asset @C:/Users/Administrator/Desktop/Downloads/84_cm_floor_pegboard_display_stand.usd@ for payload introduced by @C:/Users/Administrator/Desktop/AI_Robot_Manipulation_UR3e/scene/AI_Robotics.usd@</World/_4_cm_floor_pegboard_display_stand>. (recomposing stage on stage @anon:00000175C6504B50:World0.usd@ <00000175C85F0440>)

2026-05-24T14:40:45Z [23,622ms] [Error] [omni.physicsschema.plugin] RigidBodyAPI applied to a non-xformable primitive. (/World/envs/env_0/Environment/AIR/AI_Robotics/_4_cm_floor_pegboard_display_stand)
[INFO]: Time taken for scene creation : 2.942983 seconds
[INFO]: Scene manager:  <class InteractiveScene>
	Number of environments: 4
	Environment spacing   : 2.5
	Source prim name      : /World/envs/env_0
	Global prim paths     : []
	Replicate physics     : True
[INFO]: Starting the simulation. This may take a few seconds. Please wait...
[INFO]: Time taken for simulation start : 10.002301 seconds
[INFO] Command Manager:  <CommandManager> contains 1 active terms.
+------------------------------------------+
|           Active Command Terms           |
+-------+-------------+--------------------+
| Index | Name        |        Type        |
+-------+-------------+--------------------+
|   0   | object_pose | UniformPoseCommand |
+-------+-------------+--------------------+

[INFO] Event Manager:  <EventManager> contains 2 active terms.
+-------------------------------------+
| Active Event Terms in Mode: 'reset' |
+--------+----------------------------+
| Index  | Name                       |
+--------+----------------------------+
|   0    | reset_all                  |
|   1    | randomize_hook_objects     |
+--------+----------------------------+
+---------------------------------------+
| Active Event Terms in Mode: 'startup' |
+---------+-----------------------------+
|  Index  | Name                        |
+---------+-----------------------------+
|    0    | tag_basket_and_table        |
+---------+-----------------------------+

[INFO] Recorder Manager:  <RecorderManager> contains 0 active terms.
+---------------------+
| Active Recorder Terms |
+-----------+---------+
|   Index   | Name    |
+-----------+---------+
+-----------+---------+

[INFO] Action Manager:  <ActionManager> contains 2 active terms.
+------------------------------------+
|   Active Action Terms (shape: 7)   |
+-------+----------------+-----------+
| Index | Name           | Dimension |
+-------+----------------+-----------+
|   0   | arm_action     |         6 |
|   1   | gripper_action |         1 |
+-------+----------------+-----------+

[INFO] Observation Manager: <ObservationManager> contains 1 groups.
+-----------------------------------------------------------+
| Active Observation Terms in Group: 'policy' (shape: (35,)) |
+----------+-------------------------------------+----------+
|  Index   | Name                                |  Shape   |
+----------+-------------------------------------+----------+
|    0     | joint_pos                           |   (9,)   |
|    1     | joint_vel                           |   (9,)   |
|    2     | object_position                     |   (3,)   |
|    3     | target_object_position              |   (7,)   |
|    4     | actions                             |   (7,)   |
+----------+-------------------------------------+----------+

[INFO] Termination Manager:  <TerminationManager> contains 2 active terms.
+------------------------------------+
|      Active Termination Terms      |
+-------+-----------------+----------+
| Index | Name            | Time Out |
+-------+-----------------+----------+
|   0   | time_out        |   True   |
|   1   | object_dropping |  False   |
+-------+-----------------+----------+

[INFO] Reward Manager:  <RewardManager> contains 7 active terms.
+-------------------------------------+
|         Active Reward Terms         |
+-------+-------------------+---------+
| Index | Name              |  Weight |
+-------+-------------------+---------+
|   0   | reaching_object   |     1.0 |
|   1   | action_rate       | -0.0001 |
|   2   | joint_vel         | -0.0001 |
|   3   | objects_to_basket |     1.0 |
|   4   | objects_off_hook  |     5.0 |
|   5   | objects_in_basket |    20.0 |
|   6   | ee_to_object      |     2.0 |
+-------+-------------------+---------+

[INFO] Curriculum Manager:  <CurriculumManager> contains 2 active terms.
+--------------------------+
| Active Curriculum Terms  |
+---------+----------------+
|  Index  | Name           |
+---------+----------------+
|    0    | action_rate    |
|    1    | joint_vel      |
+---------+----------------+

[DEBUG semantics] Tagged 8 basket prims + 664 table prims (clean-slate post-load)
c:/isaac/isaaclab/source/isaaclab/isaaclab/envs/manager_based_rl_env.py:80: FutureWarning: [93m[1m[DEPRECATION WARNING] ManagerBasedEnvCfg.rerender_on_reset is deprecated. Use ManagerBasedEnvCfg.num_rerenders_on_reset instead.[0m
  super().__init__(cfg=cfg)
2026-05-24T14:40:47Z [25,226ms] [Warning] [carb] Client omni.hydratexture.plugin has acquired [carb::settings::ISettings v1.0] 100 times. Consider accessing this interface with carb::getCachedInterface() (Performance warning)
2026-05-24T14:40:47Z [25,511ms] [Warning] [carb] Client omni.hydratexture.plugin has acquired [carb::dictionary::IDictionary v1.1] 100 times. Consider accessing this interface with carb::getCachedInterface() (Performance warning)
2026-05-24T14:40:56Z [34,992ms] [Error] [usdrt.population.plugin] Semantic array size 0 does not match number of paths 4 for attribute semantic:Semantics:params:semanticType
2026-05-24T14:40:56Z [34,992ms] [Error] [usdrt.population.plugin] Semantic array size 0 does not match number of paths 4 for attribute semantic:Semantics:params:semanticData
2026-05-24T14:40:56Z [35,028ms] [Error] [omni.physicsschema.plugin] RigidBodyAPI applied to a non-xformable primitive. (/World/envs/env_0/Environment/AIR/AI_Robotics/_4_cm_floor_pegboard_display_stand)
2026-05-24T14:40:56Z [35,028ms] [Error] [omni.physicsschema.plugin] RigidBodyAPI applied to a non-xformable primitive. (/World/envs/env_1/Environment/AIR/AI_Robotics/_4_cm_floor_pegboard_display_stand)
2026-05-24T14:40:56Z [35,028ms] [Error] [omni.physicsschema.plugin] RigidBodyAPI applied to a non-xformable primitive. (/World/envs/env_2/Environment/AIR/AI_Robotics/_4_cm_floor_pegboard_display_stand)
2026-05-24T14:40:56Z [35,028ms] [Error] [omni.physicsschema.plugin] RigidBodyAPI applied to a non-xformable primitive. (/World/envs/env_3/Environment/AIR/AI_Robotics/_4_cm_floor_pegboard_display_stand)
[INFO]: Completed setting up the environment...
[DEBUG hooks] env_origins[env_ids[0]] = [1.25, -1.25, 0.0]
[DEBUG hooks] object: hook_local=[-4.433000087738037, -5.900000095367432, 1.5429999828338623]  world=[-3.183000087738037, -7.150000095367432, 1.5429999828338623]
[DEBUG hooks] tool_pliers: hook_local=[-4.365600109100342, -5.900000095367432, 1.340000033378601]  world=[-3.115600109100342, -7.150000095367432, 1.340000033378601]
[DEBUG hooks] tool_scissors: hook_local=[-3.921999931335449, -5.900000095367432, 1.2920000553131104]  world=[-2.671999931335449, -7.150000095367432, 1.2920000553131104]
[DEBUG hooks] tool_silicone: hook_local=[-4.26200008392334, -5.900000095367432, 1.496000051498413]  world=[-3.01200008392334, -7.150000095367432, 1.496000051498413]
[DEBUG stage] Scanning stage for hook prims...
[DEBUG stage] /World/envs/env_0/Environment/AIR/ikea_pegboard  sim=(-2.518, -7.263, 1.288)
[DEBUG stage] /World/envs/env_0/Environment/AIR/single_pegboard_hook_15cm_01  sim=(-3.840, -3.830, 1.680)
[DEBUG stage] /World/envs/env_0/Environment/AIR/single_pegboard_hook_15cm_02  sim=(-3.975, -3.830, 1.780)
[DEBUG stage] /World/envs/env_0/Environment/AIR/single_pegboard_hook_15cm_03  sim=(-4.150, -3.830, 1.720)
[DEBUG stage] /World/envs/env_0/Environment/AIR/single_pegboard_hook_15cm_04  sim=(-4.456, -3.830, 1.470)
[DEBUG stage] /World/envs/env_0/Environment/AIR/single_pegboard_hook_15cm_05  sim=(-4.352, -3.830, 1.626)
[DEBUG stage] /World/envs/env_0/Environment/AIR/single_pegboard_hook_15cm_06  sim=(-4.181, -3.830, 1.470)
[DEBUG stage] /World/envs/env_0/Environment/AIR/single_pegboard_hook_15cm_07  sim=(-4.012, -3.830, 1.422)
[DEBUG stage] /World/envs/env_0/Environment/AIR/single_pegboard_hook_15cm_08  sim=(-4.523, -3.830, 1.673)
[DEBUG stage] /World/envs/env_1/Environment/AIR/ikea_pegboard  sim=(-2.518, -4.763, 1.288)
[DEBUG stage] /World/envs/env_1/Environment/AIR/single_pegboard_hook_15cm_01  sim=(-3.840, -1.330, 1.680)
[DEBUG stage] /World/envs/env_1/Environment/AIR/single_pegboard_hook_15cm_02  sim=(-3.975, -1.330, 1.780)
[DEBUG stage] /World/envs/env_1/Environment/AIR/single_pegboard_hook_15cm_03  sim=(-4.150, -1.330, 1.720)
[DEBUG stage] /World/envs/env_1/Environment/AIR/single_pegboard_hook_15cm_04  sim=(-4.456, -1.330, 1.470)
[DEBUG stage] /World/envs/env_1/Environment/AIR/single_pegboard_hook_15cm_05  sim=(-4.352, -1.330, 1.626)
[DEBUG stage] /World/envs/env_1/Environment/AIR/single_pegboard_hook_15cm_06  sim=(-4.181, -1.330, 1.470)
[DEBUG stage] /World/envs/env_1/Environment/AIR/single_pegboard_hook_15cm_07  sim=(-4.012, -1.330, 1.422)
[DEBUG stage] /World/envs/env_1/Environment/AIR/single_pegboard_hook_15cm_08  sim=(-4.523, -1.330, 1.673)
[DEBUG stage] /World/envs/env_2/Environment/AIR/ikea_pegboard  sim=(-5.018, -7.263, 1.288)
[DEBUG stage] /World/envs/env_2/Environment/AIR/single_pegboard_hook_15cm_01  sim=(-6.340, -3.830, 1.680)
[DEBUG stage] /World/envs/env_2/Environment/AIR/single_pegboard_hook_15cm_02  sim=(-6.475, -3.830, 1.780)
[DEBUG stage] /World/envs/env_2/Environment/AIR/single_pegboard_hook_15cm_03  sim=(-6.650, -3.830, 1.720)
[DEBUG stage] /World/envs/env_2/Environment/AIR/single_pegboard_hook_15cm_04  sim=(-6.956, -3.830, 1.470)
[DEBUG stage] /World/envs/env_2/Environment/AIR/single_pegboard_hook_15cm_05  sim=(-6.852, -3.830, 1.626)
[DEBUG stage] /World/envs/env_2/Environment/AIR/single_pegboard_hook_15cm_06  sim=(-6.681, -3.830, 1.470)
[DEBUG stage] /World/envs/env_2/Environment/AIR/single_pegboard_hook_15cm_07  sim=(-6.512, -3.830, 1.422)
[DEBUG stage] /World/envs/env_2/Environment/AIR/single_pegboard_hook_15cm_08  sim=(-7.023, -3.830, 1.673)
[DEBUG stage] /World/envs/env_3/Environment/AIR/ikea_pegboard  sim=(-5.018, -4.763, 1.288)
[DEBUG stage] /World/envs/env_3/Environment/AIR/single_pegboard_hook_15cm_01  sim=(-6.340, -1.330, 1.680)
[DEBUG stage] /World/envs/env_3/Environment/AIR/single_pegboard_hook_15cm_02  sim=(-6.475, -1.330, 1.780)
[DEBUG stage] /World/envs/env_3/Environment/AIR/single_pegboard_hook_15cm_03  sim=(-6.650, -1.330, 1.720)
[DEBUG stage] /World/envs/env_3/Environment/AIR/single_pegboard_hook_15cm_04  sim=(-6.956, -1.330, 1.470)
[DEBUG stage] /World/envs/env_3/Environment/AIR/single_pegboard_hook_15cm_05  sim=(-6.852, -1.330, 1.626)
[DEBUG stage] /World/envs/env_3/Environment/AIR/single_pegboard_hook_15cm_06  sim=(-6.681, -1.330, 1.470)
[DEBUG stage] /World/envs/env_3/Environment/AIR/single_pegboard_hook_15cm_07  sim=(-6.512, -1.330, 1.422)
[DEBUG stage] /World/envs/env_3/Environment/AIR/single_pegboard_hook_15cm_08  sim=(-7.023, -1.330, 1.673)
[collect] launched Isaac-Lift-AIR2-UR3e-RG2-Segmentation-Play-v0 with 4 envs
[collect] action shape: (4, 7)
[collect] scene keys: ['terrain', 'robot', 'object', 'tool_pliers', 'tool_scissors', 'tool_silicone', 'ee_frame', 'wrist_camera', 'board_camera', 'table', 'plane', 'light']
[collect] single_object mode: each episode picks ONE random object
[collect] entering main loop
[collect] step 50, saved 0 eps, controller.done=[False, False, False, False], wp_idx=[0, 0, 0, 0]
[collect] step 100, saved 0 eps, controller.done=[False, False, False, False], wp_idx=[0, 0, 0, 0]
[collect] step 150, saved 0 eps, controller.done=[False, False, False, False], wp_idx=[3, 3, 3, 1]
[collect] step 200, saved 0 eps, controller.done=[False, False, False, False], wp_idx=[5, 5, 5, 3]
[collect] step 250, saved 0 eps, controller.done=[False, False, False, False], wp_idx=[5, 5, 5, 5]
[collect] step 300, saved 0 eps, controller.done=[False, False, False, False], wp_idx=[5, 5, 5, 5]
[collect] step 350, saved 0 eps, controller.done=[False, False, False, False], wp_idx=[6, 6, 6, 5]
[collect] saved ep_000 (178 frames, success=True)
[collect] step 400, saved 1 eps, controller.done=[False, False, False, False], wp_idx=[0, 0, 0, 0]
[collect] step 450, saved 1 eps, controller.done=[False, False, False, False], wp_idx=[0, 1, 0, 0]
[collect] step 500, saved 1 eps, controller.done=[False, False, False, False], wp_idx=[1, 4, 1, 1]
[collect] step 550, saved 1 eps, controller.done=[False, False, False, False], wp_idx=[1, 5, 1, 1]
[collect] step 600, saved 1 eps, controller.done=[False, False, False, False], wp_idx=[2, 5, 2, 2]
[collect] step 650, saved 1 eps, controller.done=[False, False, False, False], wp_idx=[3, 6, 2, 4]
[collect] step 700, saved 1 eps, controller.done=[False, False, False, False], wp_idx=[5, 6, 2, 5]
[collect] saved ep_001 (374 frames, success=True)
[collect] step 750, saved 2 eps, controller.done=[False, False, False, False], wp_idx=[0, 0, 0, 0]
[collect] step 800, saved 2 eps, controller.done=[False, False, False, False], wp_idx=[0, 0, 0, 0]
[collect] step 850, saved 2 eps, controller.done=[False, False, False, False], wp_idx=[1, 0, 3, 3]
[collect] step 900, saved 2 eps, controller.done=[False, False, False, False], wp_idx=[4, 1, 5, 5]
[collect] step 950, saved 2 eps, controller.done=[False, False, False, False], wp_idx=[5, 1, 5, 5]
[collect] step 1000, saved 2 eps, controller.done=[False, False, False, False], wp_idx=[5, 2, 5, 5]
[collect] saved ep_002 (512 frames, success=True)
[collect] step 1050, saved 3 eps, controller.done=[False, False, False, False], wp_idx=[0, 0, 0, 0]
[collect] step 1100, saved 3 eps, controller.done=[False, False, False, False], wp_idx=[3, 0, 0, 0]
[collect] step 1150, saved 3 eps, controller.done=[False, False, False, False], wp_idx=[5, 1, 1, 1]
[collect] step 1200, saved 3 eps, controller.done=[False, False, False, False], wp_idx=[5, 1, 1, 4]
[collect] step 1250, saved 3 eps, controller.done=[False, False, False, False], wp_idx=[5, 1, 1, 5]
[collect] step 1300, saved 3 eps, controller.done=[False, False, False, False], wp_idx=[6, 2, 2, 5]
[collect] step 1350, saved 3 eps, controller.done=[False, False, False, False], wp_idx=[6, 2, 2, 5]
[collect] saved ep_003 (511 frames, success=True)
[collect] step 1400, saved 4 eps, controller.done=[False, False, False, False], wp_idx=[0, 0, 0, 0]
[collect] step 1450, saved 4 eps, controller.done=[False, False, False, False], wp_idx=[0, 0, 0, 0]
[collect] step 1500, saved 4 eps, controller.done=[False, False, False, False], wp_idx=[0, 0, 0, 0]
[collect] saved ep_004 (59 frames, success=False)
[collect] saved ep_005 (375 frames, success=False)
[collect] saved ep_006 (237 frames, success=False)
[collect] saved ep_007 (750 frames, success=False)
[collect] step 1550, saved 8 eps, controller.done=[False, False, False, False], wp_idx=[0, 0, 0, 0]
[collect] step 1600, saved 8 eps, controller.done=[False, False, False, False], wp_idx=[0, 3, 0, 0]
[collect] step 1650, saved 8 eps, controller.done=[False, False, False, False], wp_idx=[3, 5, 1, 1]
[collect] step 1700, saved 8 eps, controller.done=[False, False, False, False], wp_idx=[5, 5, 1, 3]
[collect] step 1750, saved 8 eps, controller.done=[False, False, False, False], wp_idx=[5, 5, 4, 5]
[collect] step 1800, saved 8 eps, controller.done=[False, False, False, False], wp_idx=[5, 6, 5, 5]
[collect] saved ep_008 (158 frames, success=True)
[collect] step 1850, saved 9 eps, controller.done=[False, False, False, False], wp_idx=[0, 0, 0, 0]
[collect] step 1900, saved 9 eps, controller.done=[False, False, False, False], wp_idx=[0, 0, 0, 0]
[collect] step 1950, saved 9 eps, controller.done=[False, False, False, False], wp_idx=[3, 1, 2, 1]
[collect] step 2000, saved 9 eps, controller.done=[False, False, False, False], wp_idx=[5, 1, 4, 1]
[collect] step 2050, saved 9 eps, controller.done=[False, False, False, False], wp_idx=[5, 1, 5, 4]
[collect] step 2100, saved 9 eps, controller.done=[False, False, False, False], wp_idx=[5, 2, 5, 5]
[collect] saved ep_009 (153 frames, success=True)
[collect] step 2150, saved 10 eps, controller.done=[False, False, False, False], wp_idx=[0, 0, 0, 0]
[collect] step 2200, saved 10 eps, controller.done=[False, False, False, False], wp_idx=[0, 0, 3, 3]
[collect] step 2250, saved 10 eps, controller.done=[False, False, False, False], wp_idx=[1, 1, 5, 5]
[collect] step 2300, saved 10 eps, controller.done=[False, False, False, False], wp_idx=[1, 1, 5, 5]
[collect] step 2350, saved 10 eps, controller.done=[False, False, False, False], wp_idx=[1, 1, 5, 5]
[collect] step 2400, saved 10 eps, controller.done=[False, False, False, False], wp_idx=[2, 2, 6, 6]
[collect] saved ep_010 (457 frames, success=True)
[collect] step 2450, saved 11 eps, controller.done=[False, False, False, False], wp_idx=[0, 0, 0, 0]
[collect] step 2500, saved 11 eps, controller.done=[False, False, False, False], wp_idx=[0, 1, 0, 0]
[collect] step 2550, saved 11 eps, controller.done=[False, False, False, False], wp_idx=[1, 4, 1, 1]
[collect] step 2600, saved 11 eps, controller.done=[False, False, False, False], wp_idx=[1, 5, 1, 3]
[collect] step 2650, saved 11 eps, controller.done=[False, False, False, False], wp_idx=[1, 5, 1, 4]
[collect] step 2700, saved 11 eps, controller.done=[False, False, False, False], wp_idx=[2, 6, 2, 4]
[collect] step 2750, saved 11 eps, controller.done=[False, False, False, False], wp_idx=[2, 6, 2, 5]
[collect] saved ep_011 (647 frames, success=True)
[collect] step 2800, saved 12 eps, controller.done=[False, False, False, False], wp_idx=[0, 0, 0, 0]
[collect] step 2850, saved 12 eps, controller.done=[False, False, False, False], wp_idx=[0, 0, 0, 0]
[collect] step 2900, saved 12 eps, controller.done=[False, False, False, False], wp_idx=[0, 0, 0, 0]
[collect] step 2950, saved 12 eps, controller.done=[False, False, False, False], wp_idx=[1, 1, 1, 1]
[collect] step 3000, saved 12 eps, controller.done=[False, False, False, False], wp_idx=[1, 1, 1, 1]
[collect] saved ep_012 (438 frames, success=False)
[collect] saved ep_013 (102 frames, success=False)
[collect] saved ep_014 (750 frames, success=False)
[collect] saved ep_015 (292 frames, success=False)
[collect] step 3050, saved 16 eps, controller.done=[False, False, False, False], wp_idx=[0, 0, 0, 0]
[collect] step 3100, saved 16 eps, controller.done=[False, False, False, False], wp_idx=[3, 3, 3, 0]
[collect] step 3150, saved 16 eps, controller.done=[False, False, False, False], wp_idx=[5, 5, 5, 1]
[collect] step 3200, saved 16 eps, controller.done=[False, False, False, False], wp_idx=[5, 5, 5, 3]
[collect] step 3250, saved 16 eps, controller.done=[False, False, False, False], wp_idx=[5, 5, 5, 5]
[collect] step 3300, saved 16 eps, controller.done=[False, False, False, False], wp_idx=[6, 6, 6, 5]
[collect] saved ep_016 (173 frames, success=True)
[collect] saved ep_017 (173 frames, success=True)
[collect] saved ep_018 (173 frames, success=True)
[collect] step 3350, saved 19 eps, controller.done=[False, False, False, False], wp_idx=[0, 0, 0, 0]
[collect] step 3400, saved 19 eps, controller.done=[False, False, False, False], wp_idx=[0, 0, 0, 0]
[collect] step 3450, saved 19 eps, controller.done=[False, False, False, False], wp_idx=[0, 0, 0, 0]
[collect] step 3500, saved 19 eps, controller.done=[False, False, False, False], wp_idx=[1, 1, 1, 1]
[collect] step 3550, saved 19 eps, controller.done=[False, False, False, False], wp_idx=[1, 1, 1, 1]
[collect] step 3600, saved 19 eps, controller.done=[False, False, False, False], wp_idx=[4, 2, 2, 2]
[collect] step 3650, saved 19 eps, controller.done=[False, False, False, False], wp_idx=[5, 2, 2, 2]
[collect] step 3700, saved 19 eps, controller.done=[False, False, False, False], wp_idx=[5, 2, 2, 2]
[collect] step 3750, saved 19 eps, controller.done=[False, False, False, False], wp_idx=[6, 3, 3, 3]
[collect] step 3800, saved 19 eps, controller.done=[False, False, False, False], wp_idx=[6, 3, 3, 3]
[collect] step 3850, saved 19 eps, controller.done=[False, False, False, False], wp_idx=[6, 4, 4, 4]
[collect] saved ep_019 (251 frames, success=True)
[collect] step 3900, saved 20 eps, controller.done=[False, False, False, False], wp_idx=[0, 0, 1, 0]
[collect] step 3950, saved 20 eps, controller.done=[False, False, False, False], wp_idx=[1, 0, 1, 0]
[collect] step 4000, saved 20 eps, controller.done=[False, False, False, False], wp_idx=[1, 1, 2, 1]
[collect] step 4050, saved 20 eps, controller.done=[False, False, False, False], wp_idx=[4, 1, 2, 1]
[collect] step 4100, saved 20 eps, controller.done=[False, False, False, False], wp_idx=[5, 2, 2, 2]
[collect] step 4150, saved 20 eps, controller.done=[False, False, False, False], wp_idx=[5, 2, 3, 2]
[collect] step 4200, saved 20 eps, controller.done=[False, False, False, False], wp_idx=[6, 2, 3, 2]
[collect] step 4250, saved 20 eps, controller.done=[False, False, False, False], wp_idx=[6, 3, 4, 3]
[collect] saved ep_020 (221 frames, success=True)
[collect] step 4300, saved 21 eps, controller.done=[False, False, False, False], wp_idx=[0, 0, 0, 0]
[collect] step 4350, saved 21 eps, controller.done=[False, False, False, False], wp_idx=[0, 0, 0, 0]
[collect] step 4400, saved 21 eps, controller.done=[False, False, False, False], wp_idx=[0, 1, 0, 0]
[collect] step 4450, saved 21 eps, controller.done=[False, False, False, False], wp_idx=[1, 4, 1, 1]
[collect] step 4500, saved 21 eps, controller.done=[False, False, False, False], wp_idx=[1, 5, 1, 1]
[collect] saved ep_021 (103 frames, success=False)
[collect] saved ep_022 (576 frames, success=False)
[collect] saved ep_023 (576 frames, success=False)
[collect] saved ep_024 (750 frames, success=False)
[collect] step 4550, saved 25 eps, controller.done=[False, False, False, False], wp_idx=[0, 0, 0, 0]
[collect] step 4600, saved 25 eps, controller.done=[False, False, False, False], wp_idx=[0, 3, 3, 0]
[collect] step 4650, saved 25 eps, controller.done=[False, False, False, False], wp_idx=[1, 5, 5, 1]
[collect] step 4700, saved 25 eps, controller.done=[False, False, False, False], wp_idx=[1, 5, 5, 1]
[collect] step 4750, saved 25 eps, controller.done=[False, False, False, False], wp_idx=[4, 5, 6, 4]
[collect] saved ep_025 (142 frames, success=True)
[collect] step 4800, saved 26 eps, controller.done=[False, False, False, False], wp_idx=[0, 0, 0, 0]
[collect] step 4850, saved 26 eps, controller.done=[False, False, False, False], wp_idx=[0, 0, 0, 0]
[collect] step 4900, saved 26 eps, controller.done=[False, False, False, False], wp_idx=[0, 0, 2, 0]
[collect] step 4950, saved 26 eps, controller.done=[False, False, False, False], wp_idx=[1, 1, 5, 4]
[collect] step 5000, saved 26 eps, controller.done=[False, False, False, False], wp_idx=[1, 3, 5, 5]
[collect] step 5050, saved 26 eps, controller.done=[False, False, False, False], wp_idx=[3, 5, 5, 5]
[collect] saved ep_026 (145 frames, success=True)
[collect] step 5100, saved 27 eps, controller.done=[False, False, False, False], wp_idx=[0, 0, 0, 0]
[collect] step 5150, saved 27 eps, controller.done=[False, False, False, False], wp_idx=[0, 0, 0, 0]
[collect] step 5200, saved 27 eps, controller.done=[False, False, False, False], wp_idx=[1, 3, 1, 2]
[collect] step 5250, saved 27 eps, controller.done=[False, False, False, False], wp_idx=[3, 4, 1, 4]
[collect] step 5300, saved 27 eps, controller.done=[False, False, False, False], wp_idx=[5, 5, 1, 5]
[collect] step 5350, saved 27 eps, controller.done=[False, False, False, False], wp_idx=[5, 5, 4, 5]
[collect] step 5400, saved 27 eps, controller.done=[False, False, False, False], wp_idx=[5, 6, 5, 6]
[collect] saved ep_027 (465 frames, success=True)
[collect] step 5450, saved 28 eps, controller.done=[False, False, False, False], wp_idx=[0, 0, 0, 0]
[collect] step 5500, saved 28 eps, controller.done=[False, False, False, False], wp_idx=[0, 0, 1, 0]
[collect] step 5550, saved 28 eps, controller.done=[False, False, False, False], wp_idx=[0, 2, 4, 0]
[collect] step 5600, saved 28 eps, controller.done=[False, False, False, False], wp_idx=[1, 5, 5, 1]
[collect] step 5650, saved 28 eps, controller.done=[False, False, False, False], wp_idx=[1, 5, 5, 1]
[collect] step 5700, saved 28 eps, controller.done=[False, False, False, False], wp_idx=[2, 5, 6, 2]
[collect] saved ep_028 (335 frames, success=True)
[collect] step 5750, saved 29 eps, controller.done=[False, False, False, False], wp_idx=[0, 0, 0, 0]
[collect] step 5800, saved 29 eps, controller.done=[False, False, False, False], wp_idx=[1, 0, 0, 0]
[collect] step 5850, saved 29 eps, controller.done=[False, False, False, False], wp_idx=[1, 0, 1, 0]
[collect] step 5900, saved 29 eps, controller.done=[False, False, False, False], wp_idx=[2, 1, 3, 1]
[collect] step 5950, saved 29 eps, controller.done=[False, False, False, False], wp_idx=[2, 1, 4, 1]
[collect] step 6000, saved 29 eps, controller.done=[False, False, False, False], wp_idx=[2, 2, 4, 2]
[collect] saved ep_029 (284 frames, success=False)
[collect] saved ep_030 (750 frames, success=False)
[collect] saved ep_031 (126 frames, success=False)
[collect] saved ep_032 (750 frames, success=False)
[collect] step 6050, saved 33 eps, controller.done=[False, False, False, False], wp_idx=[0, 0, 0, 0]
[collect] step 6100, saved 33 eps, controller.done=[False, False, False, False], wp_idx=[3, 3, 0, 0]
[collect] step 6150, saved 33 eps, controller.done=[False, False, False, False], wp_idx=[5, 5, 1, 1]
[collect] step 6200, saved 33 eps, controller.done=[False, False, False, False], wp_idx=[5, 5, 1, 3]
[collect] step 6250, saved 33 eps, controller.done=[False, False, False, False], wp_idx=[6, 6, 4, 5]
[collect] saved ep_033 (142 frames, success=True)
[collect] saved ep_034 (142 frames, success=True)
[collect] step 6300, saved 35 eps, controller.done=[False, False, False, False], wp_idx=[0, 0, 0, 0]
[collect] step 6350, saved 35 eps, controller.done=[False, False, False, False], wp_idx=[0, 0, 0, 4]
[collect] step 6400, saved 35 eps, controller.done=[False, False, False, False], wp_idx=[0, 0, 0, 5]
[collect] step 6450, saved 35 eps, controller.done=[False, False, False, False], wp_idx=[1, 3, 4, 5]
[collect] step 6500, saved 35 eps, controller.done=[False, False, False, False], wp_idx=[1, 5, 5, 6]
[collect] saved ep_035 (250 frames, success=True)
[collect] step 6550, saved 36 eps, controller.done=[False, False, False, False], wp_idx=[0, 0, 1, 0]
[collect] step 6600, saved 36 eps, controller.done=[False, False, False, False], wp_idx=[0, 1, 4, 0]
[collect] step 6650, saved 36 eps, controller.done=[False, False, False, False], wp_idx=[1, 4, 5, 2]
[collect] step 6700, saved 36 eps, controller.done=[False, False, False, False], wp_idx=[1, 5, 5, 5]
[collect] step 6750, saved 36 eps, controller.done=[False, False, False, False], wp_idx=[2, 5, 6, 5]
[collect] saved ep_036 (378 frames, success=True)
[collect] step 6800, saved 37 eps, controller.done=[False, False, False, False], wp_idx=[0, 0, 0, 1]
[collect] step 6850, saved 37 eps, controller.done=[False, False, False, False], wp_idx=[0, 1, 1, 4]
[collect] step 6900, saved 37 eps, controller.done=[False, False, False, False], wp_idx=[1, 4, 4, 5]
[collect] step 6950, saved 37 eps, controller.done=[False, False, False, False], wp_idx=[1, 5, 5, 5]
[collect] step 7000, saved 37 eps, controller.done=[False, False, False, False], wp_idx=[2, 5, 5, 6]
[collect] saved ep_037 (264 frames, success=True)
[collect] step 7050, saved 38 eps, controller.done=[False, False, False, False], wp_idx=[0, 0, 0, 0]
[collect] step 7100, saved 38 eps, controller.done=[False, False, False, False], wp_idx=[0, 0, 0, 0]
[collect] step 7150, saved 38 eps, controller.done=[False, False, False, False], wp_idx=[0, 2, 0, 0]
[collect] step 7200, saved 38 eps, controller.done=[False, False, False, False], wp_idx=[1, 4, 1, 1]
[collect] step 7250, saved 38 eps, controller.done=[False, False, False, False], wp_idx=[1, 5, 2, 1]
[collect] step 7300, saved 38 eps, controller.done=[False, False, False, False], wp_idx=[2, 5, 5, 2]
[collect] saved ep_038 (525 frames, success=True)
[collect] step 7350, saved 39 eps, controller.done=[False, False, False, False], wp_idx=[0, 0, 0, 0]
[collect] step 7400, saved 39 eps, controller.done=[False, False, False, False], wp_idx=[0, 0, 2, 0]
[collect] step 7450, saved 39 eps, controller.done=[False, False, False, False], wp_idx=[0, 0, 4, 2]
[collect] step 7500, saved 39 eps, controller.done=[False, False, False, False], wp_idx=[1, 2, 5, 4]
[collect] saved ep_039 (607 frames, success=False)
[collect] saved ep_040 (81 frames, success=False)
[collect] saved ep_041 (371 frames, success=False)
[collect] saved ep_042 (234 frames, success=False)
[collect] step 7550, saved 43 eps, controller.done=[False, False, False, False], wp_idx=[0, 0, 0, 0]
[collect] step 7600, saved 43 eps, controller.done=[False, False, False, False], wp_idx=[3, 3, 0, 3]
[collect] step 7650, saved 43 eps, controller.done=[False, False, False, False], wp_idx=[5, 5, 1, 5]
[collect] step 7700, saved 43 eps, controller.done=[False, False, False, False], wp_idx=[5, 5, 3, 5]
[collect] step 7750, saved 43 eps, controller.done=[False, False, False, False], wp_idx=[6, 6, 5, 5]
[collect] saved ep_043 (142 frames, success=True)
[collect] saved ep_044 (142 frames, success=True)
[collect] step 7800, saved 45 eps, controller.done=[False, False, False, False], wp_idx=[0, 0, 0, 0]
[collect] step 7850, saved 45 eps, controller.done=[False, False, False, False], wp_idx=[0, 0, 0, 0]
[collect] step 7900, saved 45 eps, controller.done=[False, False, False, False], wp_idx=[0, 0, 0, 0]
[collect] step 7950, saved 45 eps, controller.done=[False, False, False, False], wp_idx=[2, 1, 1, 2]
[collect] step 8000, saved 45 eps, controller.done=[False, False, False, False], wp_idx=[5, 1, 1, 5]
[collect] step 8050, saved 45 eps, controller.done=[False, False, False, False], wp_idx=[5, 2, 2, 5]
[collect] step 8100, saved 45 eps, controller.done=[False, False, False, False], wp_idx=[5, 2, 2, 5]
[collect] step 8150, saved 45 eps, controller.done=[False, False, False, False], wp_idx=[6, 3, 3, 6]
[collect] saved ep_045 (196 frames, success=True)
[collect] step 8200, saved 46 eps, controller.done=[False, False, False, False], wp_idx=[0, 0, 0, 0]
[collect] step 8250, saved 46 eps, controller.done=[False, False, False, False], wp_idx=[0, 0, 0, 0]
[collect] step 8300, saved 46 eps, controller.done=[False, False, False, False], wp_idx=[1, 1, 1, 1]
[collect] step 8350, saved 46 eps, controller.done=[False, False, False, False], wp_idx=[1, 1, 1, 1]
[collect] step 8400, saved 46 eps, controller.done=[False, False, False, False], wp_idx=[1, 1, 1, 4]
[collect] step 8450, saved 46 eps, controller.done=[False, False, False, False], wp_idx=[2, 2, 2, 5]
[collect] step 8500, saved 46 eps, controller.done=[False, False, False, False], wp_idx=[2, 2, 2, 5]
[collect] step 8550, saved 46 eps, controller.done=[False, False, False, False], wp_idx=[3, 3, 3, 6]
[collect] step 8600, saved 46 eps, controller.done=[False, False, False, False], wp_idx=[3, 3, 3, 6]
[collect] saved ep_046 (573 frames, success=True)
[collect] step 8650, saved 47 eps, controller.done=[False, False, False, False], wp_idx=[0, 0, 0, 0]
[collect] step 8700, saved 47 eps, controller.done=[False, False, False, False], wp_idx=[1, 0, 0, 0]
[collect] step 8750, saved 47 eps, controller.done=[False, False, False, False], wp_idx=[3, 0, 1, 0]
[collect] step 8800, saved 47 eps, controller.done=[False, False, False, False], wp_idx=[5, 3, 1, 1]
[collect] step 8850, saved 47 eps, controller.done=[False, False, False, False], wp_idx=[5, 4, 1, 1]
[collect] step 8900, saved 47 eps, controller.done=[False, False, False, False], wp_idx=[6, 4, 2, 2]
[collect] step 8950, saved 47 eps, controller.done=[False, False, False, False], wp_idx=[6, 5, 2, 2]
[collect] step 9000, saved 47 eps, controller.done=[False, False, False, False], wp_idx=[6, 5, 3, 2]
[collect] saved ep_047 (410 frames, success=False)
[collect] saved ep_048 (607 frames, success=False)
[collect] saved ep_049 (750 frames, success=False)
[collect] done — saved 50 episodes to datasets\air2_demos_v4
2026-05-24T14:41:02Z [40,863ms] [Warning] [carb] Client gpu.foundation.plugin has acquired [gpu::unstable::IMemoryBudgetManagerFactory v0.1] 100 times. Consider accessing this interface with carb::getCachedInterface() (Performance warning)
