[INFO] Using python from: C:\isaac\IsaacLab\\_isaac_sim\python.bat
Loading user config located at: 'c:/isaac/isaaclab/_isaac_sim/kit/data/Kit/Isaac-Sim/5.1/user.config.json'
[Info] [carb] Logging to file: c:/isaac/isaaclab/_isaac_sim/kit/logs/Kit/Isaac-Sim/5.1/kit_20260525_014327.log
2026-05-25T01:43:27Z [8ms] [Warning] [carb.crashreporter-breakpad.plugin] [previous crash] preventing upload of minidump due to user opt-out: 'c:/isaac/isaaclab/_isaac_sim/kit/data/Kit/Isaac-Sim/5.1\efde220c-6e43-4396-9ebf-04ac38c3c3ab.dmp'
2026-05-25T01:43:27Z [10ms] [Warning] [carb.crashreporter-breakpad.plugin] [previous crash] preventing upload of minidump due to user opt-out: 'c:/isaac/isaaclab/_isaac_sim/kit/data/Kit/Isaac-Sim/5.1\70240354-5010-4701-89e5-49169f90e3d5.dmp'
2026-05-25T01:43:27Z [11ms] [Warning] [carb.crashreporter-breakpad.plugin] [previous crash] preventing upload of minidump due to user opt-out: 'c:/isaac/isaaclab/_isaac_sim/kit/data/Kit/Isaac-Sim/5.1\1714334a-906b-460b-80a0-b3680117e012.dmp'
2026-05-25T01:43:27Z [13ms] [Warning] [carb.crashreporter-breakpad.plugin] [previous crash] preventing upload of minidump due to user opt-out: 'c:/isaac/isaaclab/_isaac_sim/kit/data/Kit/Isaac-Sim/5.1\a6a3bc87-6d94-4043-9f19-6e2a0c1f12cd.dmp'

|---------------------------------------------------------------------------------------------|
| Driver Version: 572.60        | Graphics API: Vulkan
|=============================================================================================|
| GPU | Name                             | Active | LDA | GPU Memory | Vendor-ID | LUID       |
|     |                                  |        |     |            | Device-ID | UUID       |
|     |                                  |        |     |            | Bus-ID    |            |
|---------------------------------------------------------------------------------------------|
| 0   | Tesla T4                         | Yes: 0 |     | 15295   MB | 10de      | 89820000.. |
|     |                                  |        |     |            | 1eb8      | b1146b0a.. |
|     |                                  |        |     |            | 0         |            |
|=============================================================================================|
| OS: Windows Server 2022 Datacenter, Version: 10.0 (21H2), Build: 20348, Kernel: 10.0.20348.2461
| Processor: Intel(R) Xeon(R) Platinum 8259CL CPU @ 2.50GHz
| Cores: 8 | Logical Cores: 16
|---------------------------------------------------------------------------------------------|
| Total Memory (MB): 64723 | Free Memory: 58264
| Total Page/Swap (MB): 73939 | Free Page/Swap: 64880
|---------------------------------------------------------------------------------------------|
2026-05-25T01:43:28Z [1,439ms] [Warning] [gpu.foundation.plugin] ECC is enabled on physical device 0
2026-05-25T01:43:28Z [1,439ms] [Warning] [gpu.foundation.plugin] PCIe link width current (8) and maximum (16) for device 0 don't match.
2026-05-25T01:43:30Z [2,741ms] [Warning] [carb] Acquiring non optional plugin interface which is not listed as dependency: [omni::physx::IPhysxBenchmarks v1.0] (plugin: <default plugin>), by client: omni.physics.physx.plugin. Add it to CARB_PLUGIN_IMPL_DEPS() macro of a client.
2026-05-25T01:43:30Z [2,751ms] [Warning] [omni.isaac.dynamic_control] omni.isaac.dynamic_control is deprecated as of Isaac Sim 4.5. No action is needed from end-users.
2026-05-25T01:43:34Z [7,385ms] [Warning] [pxr.Semantics] pxr.Semantics is deprecated - please use Semantics instead
2026-05-25T01:43:35Z [7,589ms] [Warning] [omni.graph.core.plugin] Found duplicate of category 'Replicator' - was 'Annotators', adding 'Fabric Reader'
2026-05-25T01:43:35Z [7,589ms] [Warning] [omni.graph.core.plugin] Category 'Replicator' not accepted on node type 'omni.replicator.core.FabricReader' in extension 'omni.replicator.core'
2026-05-25T01:43:35Z [7,591ms] [Warning] [omni.replicator.core.scripts.extension] No material configuration file, adding configuration to material settings directly.
2026-05-25T01:43:43Z [15,611ms] [Warning] [carb.graphics-vulkan.plugin] NGX DLSS Frame Generation Feature AdapC:\isaac\IsaacLab\_isaac_sim\kit\python\Lib\site-packages\gymnasium\envs\registration.py:636: UserWarning: [33mWARN: Overriding environment Isaac-Lift-AIR2-UR3e-RG2-v0 already in registry.[0m
  logger.warn(f"Overriding environment {new_spec.id} already in registry.")
C:\isaac\IsaacLab\_isaac_sim\kit\python\Lib\site-packages\gymnasium\envs\registration.py:636: UserWarning: [33mWARN: Overriding environment Isaac-Lift-AIR2-UR3e-RG2-Play-v0 already in registry.[0m
  logger.warn(f"Overriding environment {new_spec.id} already in registry.")
C:\isaac\IsaacLab\_isaac_sim\kit\python\Lib\site-packages\gymnasium\envs\registration.py:636: UserWarning: [33mWARN: Overriding environment Isaac-Lift-AIR2-UR3e-RG2-Segmentation-v0 already in registry.[0m
  logger.warn(f"Overriding environment {new_spec.id} already in registry.")
C:\isaac\IsaacLab\_isaac_sim\kit\python\Lib\site-packages\gymnasium\envs\registration.py:636: UserWarning: [33mWARN: Overriding environment Isaac-Lift-AIR2-UR3e-RG2-Segmentation-Play-v0 already in registry.[0m
  logger.warn(f"Overriding environment {new_spec.id} already in registry.")
[INFO][AppLauncher]: Using device: cuda:0
[INFO][AppLauncher]: Loading experience file: C:\isaac\IsaacLab\apps\isaaclab.python.headless.rendering.kit
[INFO]: Parsing configuration from: isaaclab_ext.tasks.lift_air2_ur3e_rg2.joint_pos_env_cfg:FrankaAIR2LiftEnvCfg_PLAY

[36m========================================================================================================================[0m
[36m[1m[INFO][IsaacLab]: Logging to file: C:\Users\ADMINI~1\AppData\Local\Temp\1\isaaclab\logs\isaaclab_2026-05-25_01-43-50.log[0m
[36m========================================================================================================================[0m

[33m01:43:50 [simulation_context.py] WARNING: The `enable_external_forces_every_iteration` parameter in the PhysxCfg is set to False. If you are experiencing noisy velocities, consider enabling this flag. You may need to slightly increase the number of velocity iterations (setting it to 1 or 2 rather than 0), together with this flag, to improve the accuracy of velocity updates.[0m
[INFO]: Base environment:
	Environment device    : cuda:0
	Environment seed      : None
	Physics step-size     : 0.01
	Rendering step-size   : 0.02
	Environment step-size : 0.02
[33m01:43:51 [prims.py] WARNING: Could not perform 'modify_mass_properties' on any prims under: '/World/envs/env_0/Object'. This might be because of the following reasons:
	(1) The desired attribute does not exist on any of the prims.
	(2) The desired attribute exists on an instanced prim.
		Discovered list of instanced prim paths: [][0m
[33m01:43:52 [prims.py] WARNING: Could not perform 'modify_mass_properties' on any prims under: '/World/envs/env_0/ToolPliers'. This might be because of the following reasons:
	(1) The desired attribute does not exist on any of the prims.
	(2) The desired attribute exists on an instanced prim.
		Discovered list of instanced prim paths: [][0m
[33m01:43:52 [prims.py] WARNING: Could not perform 'modify_mass_properties' on any prims under: '/World/envs/env_0/ToolScissors'. This might be because of the following reasons:
	(1) The desired attribute does not exist on any of the prims.
	(2) The desired attribute exists on an instanced prim.
		Discovered list of instanced prim paths: [][0m
[33m01:43:53 [prims.py] WARNING: Could not perform 'modify_mass_properties' on any prims under: '/World/envs/env_0/ToolSilicone'. This might be because of the following reasons:
	(1) The desired attribute does not exist on any of the prims.
	(2) The desired attribute exists on an instanced prim.
		Discovered list of instanced prim paths: [][0m
terUnsupported
2026-05-25T01:43:47Z [19,540ms] [Warning] [omni.fabric.plugin] Warning: attribute overrideClipRange not found for bucket id 7

2026-05-25T01:43:50Z [23,082ms] [Warning] [isaaclab.envs.manager_based_env] Seed not set for the environment. The environment creation may not be deterministic.
2026-05-25T01:43:52Z [25,003ms] [Warning] [omni.usd] Warning: in _ReportErrors at line 3172 of C:\g\201060795\USD\pxr\usd\usd\stage.cpp -- In </World/envs/env_0/Environment/AIR/AI_Robotics/_4_cm_floor_pegboard_display_stand>: Could not open asset @C:/Users/Administrator/Desktop/Downloads/84_cm_floor_pegboard_display_stand.usd@ for payload introduced by @C:/Users/Administrator/Desktop/AI_Robot_Manipulation_UR3e/scene/AI_Robotics.usd@</World/_4_cm_floor_pegboard_display_stand>. (recomposing stage on stage @anon:000001A34CA69110:World0.usd@ <000001A34C26F8D0>)

2026-05-25T01:43:53Z [25,602ms] [Warning] [omni.usd] Warning: in _ReportErrors at line 3172 of C:\g\201060795\USD\pxr\usd\usd\stage.cpp -- In </World/envs/env_1/Environment/AIR/AI_Robotics/_4_cm_floor_pegboard_display_stand>: Could not open asset @C:/Users/Administrator/Desktop/Downloads/84_cm_floor_pegboard_display_stand.usd@ for payload introduced by @C:/Users/Administrator/Desktop/AI_Robot_Manipulation_UR3e/scene/AI_Robotics.usd@</World/_4_cm_floor_pegboard_display_stand>. (recomposing stage on stage @anon:000001A34CA69110:World0.usd@ <000001A34C26F8D0>)

2026-05-25T01:43:53Z [25,602ms] [Warning] [omni.usd] Warning: in _ReportErrors at line 3172 of C:\g\201060795\USD\pxr\usd\usd\stage.cpp -- In </World/envs/env_2/Environment/AIR/AI_Robotics/_4_cm_floor_pegboard_display_stand>: Could not open asset @C:/Users/Administrator/Desktop/Downloads/84_cm_floor_pegboard_display_stand.usd@ for payload introduced by @C:/Users/Administrator/Desktop/AI_Robot_Manipulation_UR3e/scene/AI_Robotics.usd@</World/_4_cm_floor_pegboard_display_stand>. (recomposing stage on stage @anon:000001A34CA69110:World0.usd@ <000001A34C26F8D0>)

2026-05-25T01:43:53Z [25,602ms] [Warning] [omni.usd] Warning: in _ReportErrors at line 3172 of C:\g\201060795\USD\pxr\usd\usd\stage.cpp -- In </World/envs/env_3/Environment/AIR/AI_Robotics/_4_cm_floor_pegboard_display_stand>: Could not open asset @C:/Users/Administrator/Desktop/Downloads/84_cm_floor_pegboard_display_stand.usd@ for payload introduced by @C:/Users/Administrator/Desktop/AI_Robot_Manipulation_UR3e/scene/AI_Robotics.usd@</World/_4_cm_floor_pegboard_display_stand>. (recomposing stage on stage @anon:000001A34CA69110:World0.usd@ <000001A34C26F8D0>)

2026-05-25T01:43:53Z [26,392ms] [Error] [omni.physicsschema.plugin] RigidBodyAPI applied to a non-xformable primitive. (/World/envs/env_0/Environment/AIR/AI_Robotics/_4_cm_floor_pegboard_display_stand)
[INFO]: Time taken for scene creation : 3.089385 seconds
[INFO]: Scene manager:  <class InteractiveScene>
	Number of environments: 4
	Environment spacing   : 2.5
	Source prim name      : /World/envs/env_0
	Global prim paths     : []
	Replicate physics     : True
[INFO]: Starting the simulation. This may take a few seconds. Please wait...
[INFO]: Time taken for simulation start : 7.622226 seconds
[INFO] Command Manager:  <CommandManager> contains 1 active terms.
+------------------------------------------+
|           Active Command Terms           |
+-------+-------------+--------------------+
| Index | Name        |        Type        |
+-------+-------------+--------------------+
|   0   | object_pose | UniformPoseCommand |
+-------+-------------+--------------------+

[INFO] Event Manager:  <EventManager> contains 1 active terms.
+-------------------------------------+
| Active Event Terms in Mode: 'reset' |
+--------+----------------------------+
| Index  | Name                       |
+--------+----------------------------+
|   0    | reset_all                  |
|   1    | randomize_hook_objects     |
+--------+----------------------------+

[INFO] Recorder Manager:  <RecorderManager> contains 0 active terms.
+---------------------+
| Active Recorder Terms |
+-----------+---------+
|   Index   | Name    |
+-----------+---------+
+-----------+---------+

[INFO] Action Manager:  <ActionManager> contains 2 active terms.
+------------------------------------+
|   Active Action Terms (shape: 7)   |
+-------+----------------+-----------+
| Index | Name           | Dimension |
+-------+----------------+-----------+
|   0   | arm_action     |         6 |
|   1   | gripper_action |         1 |
+-------+----------------+-----------+

[INFO] Observation Manager: <ObservationManager> contains 1 groups.
+-----------------------------------------------------------+
| Active Observation Terms in Group: 'policy' (shape: (35,)) |
+----------+-------------------------------------+----------+
|  Index   | Name                                |  Shape   |
+----------+-------------------------------------+----------+
|    0     | joint_pos                           |   (9,)   |
|    1     | joint_vel                           |   (9,)   |
|    2     | object_position                     |   (3,)   |
|    3     | target_object_position              |   (7,)   |
|    4     | actions                             |   (7,)   |
+----------+-------------------------------------+----------+

[INFO] Termination Manager:  <TerminationManager> contains 2 active terms.
+------------------------------------+
|      Active Termination Terms      |
+-------+-----------------+----------+
| Index | Name            | Time Out |
+-------+-----------------+----------+
|   0   | time_out        |   True   |
|   1   | object_dropping |  False   |
+-------+-----------------+----------+

[INFO] Reward Manager:  <RewardManager> contains 7 active terms.
+------------------------------------+
|        Active Reward Terms         |
+-------+-------------------+--------+
| Index | Name              | Weight |
+-------+-------------------+--------+
|   0   | reaching_object   |    1.0 |
|   1   | action_rate       | -0.001 |
|   2   | joint_vel         | -0.001 |
|   3   | objects_to_basket |    1.0 |
|   4   | objects_off_hook  |    5.0 |
|   5   | objects_in_basket |   20.0 |
|   6   | ee_to_object      |    2.0 |
+-------+-------------------+--------+

[INFO] Curriculum Manager:  <CurriculumManager> contains 2 active terms.
+--------------------------+
| Active Curriculum Terms  |
+---------+----------------+
|  Index  | Name           |
+---------+----------------+
|    0    | action_rate    |
|    1    | joint_vel      |
+---------+----------------+

[INFO]: Completed setting up the environment...
[DEBUG hooks] env_origins[env_ids[0]] = [1.25, -1.25, 0.0]
[DEBUG hooks] object: hook_local=[-3.921999931335449, -5.900000095367432, 1.2920000553131104]  world=[-2.671999931335449, -7.150000095367432, 1.2920000553131104]
[DEBUG hooks] tool_pliers: hook_local=[-4.091000080108643, -5.900000095367432, 1.340000033378601]  world=[-2.8410000801086426, -7.150000095367432, 1.340000033378601]
[DEBUG hooks] tool_scissors: hook_local=[-4.059999942779541, -5.900000095367432, 1.590000033378601]  world=[-2.809999942779541, -7.150000095367432, 1.590000033378601]
[DEBUG hooks] tool_silicone: hook_local=[-4.26200008392334, -5.900000095367432, 1.496000051498413]  world=[-3.01200008392334, -7.150000095367432, 1.496000051498413]
[DEBUG stage] Scanning stage for hook prims...
[DEBUG stage] /World/envs/env_0/Environment/AIR/ikea_pegboard  sim=(-2.518, -7.263, 1.288)
[DEBUG stage] /World/envs/env_0/Environment/AIR/single_pegboard_hook_15cm_01  sim=(-3.840, -3.830, 1.680)
[DEBUG stage] /World/envs/env_0/Environment/AIR/single_pegboard_hook_15cm_02  sim=(-3.975, -3.830, 1.780)
[DEBUG stage] /World/envs/env_0/Environment/AIR/single_pegboard_hook_15cm_03  sim=(-4.150, -3.830, 1.720)
[DEBUG stage] /World/envs/env_0/Environment/AIR/single_pegboard_hook_15cm_04  sim=(-4.456, -3.830, 1.470)
[DEBUG stage] /World/envs/env_0/Environment/AIR/single_pegboard_hook_15cm_05  sim=(-4.352, -3.830, 1.626)
[DEBUG stage] /World/envs/env_0/Environment/AIR/single_pegboard_hook_15cm_06  sim=(-4.181, -3.830, 1.470)
[DEBUG stage] /World/envs/env_0/Environment/AIR/single_pegboard_hook_15cm_07  sim=(-4.012, -3.830, 1.422)
[DEBUG stage] /World/envs/env_0/Environment/AIR/single_pegboard_hook_15cm_08  sim=(-4.523, -3.830, 1.673)
[DEBUG stage] /World/envs/env_1/Environment/AIR/ikea_pegboard  sim=(-2.518, -4.763, 1.288)
[DEBUG stage] /World/envs/env_1/Environment/AIR/single_pegboard_hook_15cm_01  sim=(-3.840, -1.330, 1.680)
[DEBUG stage] /World/envs/env_1/Environment/AIR/single_pegboard_hook_15cm_02  sim=(-3.975, -1.330, 1.780)
[DEBUG stage] /World/envs/env_1/Environment/AIR/single_pegboard_hook_15cm_03  sim=(-4.150, -1.330, 1.720)
[DEBUG stage] /World/envs/env_1/Environment/AIR/single_pegboard_hook_15cm_04  sim=(-4.456, -1.330, 1.470)
[DEBUG stage] /World/envs/env_1/Environment/AIR/single_pegboard_hook_15cm_05  sim=(-4.352, -1.330, 1.626)
[DEBUG stage] /World/envs/env_1/Environment/AIR/single_pegboard_hook_15cm_06  sim=(-4.181, -1.330, 1.470)
[DEBUG stage] /World/envs/env_1/Environment/AIR/single_pegboard_hook_15cm_07  sim=(-4.012, -1.330, 1.422)
[DEBUG stage] /World/envs/env_1/Environment/AIR/single_pegboard_hook_15cm_08  sim=(-4.523, -1.330, 1.673)
[DEBUG stage] /World/envs/env_2/Environment/AIR/ikea_pegboard  sim=(-5.018, -7.263, 1.288)
[DEBUG stage] /World/envs/env_2/Environment/AIR/single_pegboard_hook_15cm_01  sim=(-6.340, -3.830, 1.680)
[DEBUG stage] /World/envs/env_2/Environment/AIR/single_pegboard_hook_15cm_02  sim=(-6.475, -3.830, 1.780)
[DEBUG stage] /World/envs/env_2/Environment/AIR/single_pegboard_hook_15cm_03  sim=(-6.650, -3.830, 1.720)
[DEBUG stage] /World/envs/env_2/Environment/AIR/single_pegboard_hook_15cm_04  sim=(-6.956, -3.830, 1.470)
[DEBUG stage] /World/envs/env_2/Environment/AIR/single_pegboard_hook_15cm_05  sim=(-6.852, -3.830, 1.626)
[DEBUG stage] /World/envs/env_2/Environment/AIR/single_pegboard_hook_15cm_06  sim=(-6.681, -3.830, 1.470)
[DEBUG stage] /World/envs/env_2/Environment/AIR/single_pegboard_hook_15cm_07  sim=(-6.512, -3.830, 1.422)
[DEBUG stage] /World/envs/env_2/Environment/AIR/single_pegboard_hook_15cm_08  sim=(-7.023, -3.830, 1.673)
[DEBUG stage] /World/envs/env_3/Environment/AIR/ikea_pegboard  sim=(-5.018, -4.763, 1.288)
[DEBUG stage] /World/envs/env_3/Environment/AIR/single_pegboard_hook_15cm_01  sim=(-6.340, -1.330, 1.680)
[DEBUG stage] /World/envs/env_3/Environment/AIR/single_pegboard_hook_15cm_02  sim=(-6.475, -1.330, 1.780)
[DEBUG stage] /World/envs/env_3/Environment/AIR/single_pegboard_hook_15cm_03  sim=(-6.650, -1.330, 1.720)
[DEBUG stage] /World/envs/env_3/Environment/AIR/single_pegboard_hook_15cm_04  sim=(-6.956, -1.330, 1.470)
[DEBUG stage] /World/envs/env_3/Environment/AIR/single_pegboard_hook_15cm_05  sim=(-6.852, -1.330, 1.626)
[DEBUG stage] /World/envs/env_3/Environment/AIR/single_pegboard_hook_15cm_06  sim=(-6.681, -1.330, 1.470)
[DEBUG stage] /World/envs/env_3/Environment/AIR/single_pegboard_hook_15cm_07  sim=(-6.512, -1.330, 1.422)
[DEBUG stage] /World/envs/env_3/Environment/AIR/single_pegboard_hook_15cm_08  sim=(-7.023, -1.330, 1.673)
[state-bc] single_object mode: each episode picks ONE random object
[state-bc] step 349: +1 episodes -> 1/30 (buffer=349 steps)
[state-bc] step 695: +1 episodes -> 2/30 (buffer=695 steps)
[state-bc] step 1000: +2 episodes -> 4/30 (buffer=1000 steps)
[state-bc] step 1250: +4 episodes -> 8/30 (buffer=1250 steps)
[state-bc] step 1636: +1 episodes -> 9/30 (buffer=1636 steps)
[state-bc] step 1862: +1 episodes -> 10/30 (buffer=1862 steps)
[state-bc] step 2131: +1 episodes -> 11/30 (buffer=2131 steps)
[state-bc] step 2250: +2 episodes -> 13/30 (buffer=2250 steps)
[state-bc] step 2500: +4 episodes -> 17/30 (buffer=2500 steps)
[state-bc] step 2786: +1 episodes -> 18/30 (buffer=2786 steps)
[state-bc] step 3035: +1 episodes -> 19/30 (buffer=3035 steps)
[state-bc] step 3297: +1 episodes -> 20/30 (buffer=3297 steps)
[state-bc] step 3500: +1 episodes -> 21/30 (buffer=3500 steps)
[state-bc] step 3750: +4 episodes -> 25/30 (buffer=3750 steps)
[state-bc] step 4036: +1 episodes -> 26/30 (buffer=4036 steps)
[state-bc] step 4400: +1 episodes -> 27/30 (buffer=4400 steps)
[state-bc] step 4750: +3 episodes -> 30/30 (buffer=4750 steps)
[state-bc] collected 19000 (obs, action) pairs, obs_dim=35
[state-bc] MLP: input=35, hidden=[256, 128, 64], output=7, act=elu
[state-bc] arch:
MLP(
  (0): Linear(in_features=35, out_features=256, bias=True)
  (1): ELU(alpha=1.0)
  (2): Linear(in_features=256, out_features=128, bias=True)
  (3): ELU(alpha=1.0)
  (4): Linear(in_features=128, out_features=64, bias=True)
  (5): ELU(alpha=1.0)
  (6): Linear(in_features=64, out_features=7, bias=True)
)
[state-bc] ep 1/200  train_loss=0.0219  val_loss=0.0017
[state-bc] ep 10/200  train_loss=0.0012  val_loss=0.0011
[state-bc] ep 20/200  train_loss=0.0012  val_loss=0.0010
[state-bc] ep 30/200  train_loss=0.0011  val_loss=0.0010
[state-bc] ep 40/200  train_loss=0.0011  val_loss=0.0010
[state-bc] ep 50/200  train_loss=0.0011  val_loss=0.0010
[state-bc] ep 60/200  train_loss=0.0011  val_loss=0.0010
[state-bc] ep 70/200  train_loss=0.0011  val_loss=0.0009
[state-bc] ep 80/200  train_loss=0.0011  val_loss=0.0009
[state-bc] ep 90/200  train_loss=0.0011  val_loss=0.0009
[state-bc] ep 100/200  train_loss=0.0011  val_loss=0.0009
[state-bc] ep 110/200  train_loss=0.0011  val_loss=0.0009
[state-bc] ep 120/200  train_loss=0.0011  val_loss=0.0009
[state-bc] ep 130/200  train_loss=0.0011  val_loss=0.0009
[state-bc] ep 140/200  train_loss=0.0011  val_loss=0.0009
[state-bc] ep 150/200  train_loss=0.0011  val_loss=0.0009
[state-bc] ep 160/200  train_loss=0.0011  val_loss=0.0009
[state-bc] ep 170/200  train_loss=0.0011  val_loss=0.0009
[state-bc] ep 180/200  train_loss=0.0011  val_loss=0.0009
[state-bc] ep 190/200  train_loss=0.0011  val_loss=0.0009
[state-bc] ep 200/200  train_loss=0.0011  val_loss=0.0009
2026-05-25T01:44:00Z [33,396ms] [Warning] [rtx.postprocessing.plugin] DLSS increasing input dimensions: Render resolution of (130, 130) is below minimal input resolution of 300.
2026-05-25T01:44:02Z [34,633ms] [Warning] [omni.physx.fabric.plugin] FabricManager::initializePointInstancer mismatched prototypes on point instancer: /Visuals/Command/goal_pose.
2026-05-25T01:44:02Z [34,633ms] [Warning] [omni.physx.fabric.plugin] FabricManager::initializePointInstancer mismatched prototypes on point instancer: /Visuals/Command/body_pose.
2026-05-25T01:44:02Z [34,891ms] [Warning] [omni.physx.fabric.plugin] FabricManager::initializePointInstancer mismatched prototypes on point instancer: /Visuals/Command/goal_pose.
2026-05-25T01:44:02Z [34,891ms] [Warning] [omni.physx.fabric.plugin] FabricManager::initializePointInstancer mismatched prototypes on point instancer: /Visuals/Command/body_pose.
2026-05-25T01:44:07Z [40,335ms] [Warning] [carb] Client gpu.foundation.plugin has acquired [gpu::unstable::IMemoryBudgetManagerFactory v0.1] 100 times. Consider accessing this interface with carb::getCachedInterface() (Performance warning)
