[INFO] Using python from: C:\isaac\IsaacLab\\_isaac_sim\python.bat
Loading user config located at: 'c:/isaac/isaaclab/_isaac_sim/kit/data/Kit/Isaac-Sim/5.1/user.config.json'
[Info] [carb] Logging to file: c:/isaac/isaaclab/_isaac_sim/kit/logs/Kit/Isaac-Sim/5.1/kit_20260524_052021.log
2026-05-24T05:20:21Z [8ms] [Warning] [carb.crashreporter-breakpad.plugin] [previous crash] preventing upload of minidump due to user opt-out: 'c:/isaac/isaaclab/_isaac_sim/kit/data/Kit/Isaac-Sim/5.1\efde220c-6e43-4396-9ebf-04ac38c3c3ab.dmp'
2026-05-24T05:20:21Z [9ms] [Warning] [carb.crashreporter-breakpad.plugin] [previous crash] preventing upload of minidump due to user opt-out: 'c:/isaac/isaaclab/_isaac_sim/kit/data/Kit/Isaac-Sim/5.1\70240354-5010-4701-89e5-49169f90e3d5.dmp'
2026-05-24T05:20:21Z [11ms] [Warning] [carb.crashreporter-breakpad.plugin] [previous crash] preventing upload of minidump due to user opt-out: 'c:/isaac/isaaclab/_isaac_sim/kit/data/Kit/Isaac-Sim/5.1\1714334a-906b-460b-80a0-b3680117e012.dmp'
2026-05-24T05:20:21Z [12ms] [Warning] [carb.crashreporter-breakpad.plugin] [previous crash] preventing upload of minidump due to user opt-out: 'c:/isaac/isaaclab/_isaac_sim/kit/data/Kit/Isaac-Sim/5.1\a6a3bc87-6d94-4043-9f19-6e2a0c1f12cd.dmp'

|---------------------------------------------------------------------------------------------|
| Driver Version: 572.60        | Graphics API: Vulkan
|=============================================================================================|
| GPU | Name                             | Active | LDA | GPU Memory | Vendor-ID | LUID       |
|     |                                  |        |     |            | Device-ID | UUID       |
|     |                                  |        |     |            | Bus-ID    |            |
|---------------------------------------------------------------------------------------------|
| 0   | Tesla T4                         | Yes: 0 |     | 15295   MB | 10de      | d0820000.. |
|     |                                  |        |     |            | 1eb8      | 39186826.. |
|     |                                  |        |     |            | 0         |            |
|=============================================================================================|
| OS: Windows Server 2022 Datacenter, Version: 10.0 (21H2), Build: 20348, Kernel: 10.0.20348.2461
| Processor: Intel(R) Xeon(R) Platinum 8259CL CPU @ 2.50GHz
| Cores: 8 | Logical Cores: 16
|---------------------------------------------------------------------------------------------|
| Total Memory (MB): 64723 | Free Memory: 55447
| Total Page/Swap (MB): 74451 | Free Page/Swap: 62057
|---------------------------------------------------------------------------------------------|
2026-05-24T05:20:22Z [1,565ms] [Warning] [gpu.foundation.plugin] ECC is enabled on physical device 0
2026-05-24T05:20:22Z [1,566ms] [Warning] [gpu.foundation.plugin] PCIe link width current (8) and maximum (16) for device 0 don't match.
2026-05-24T05:20:24Z [2,912ms] [Warning] [carb] Acquiring non optional plugin interface which is not listed as dependency: [omni::physx::IPhysxBenchmarks v1.0] (plugin: <default plugin>), by client: omni.physics.physx.plugin. Add it to CARB_PLUGIN_IMPL_DEPS() macro of a client.
2026-05-24T05:20:24Z [2,923ms] [Warning] [omni.isaac.dynamic_control] omni.isaac.dynamic_control is deprecated as of Isaac Sim 4.5. No action is needed from end-users.
2026-05-24T05:20:28Z [7,695ms] [Warning] [pxr.Semantics] pxr.Semantics is deprecated - please use Semantics instead
2026-05-24T05:20:29Z [7,901ms] [Warning] [omni.graph.core.plugin] Found duplicate of category 'Replicator' - was 'Annotators', adding 'Fabric Reader'
2026-05-24T05:20:29Z [7,901ms] [Warning] [omni.graph.core.plugin] Category 'Replicator' not accepted on node type 'omni.replicator.core.FabricReader' in extension 'omni.replicator.core'
2026-05-24T05:20:29Z [7,903ms] [Warning] [omni.replicator.core.scripts.extension] No material configuration file, adding configuration to material settings directly.
2026-05-24T05:20:37Z [15,991ms] [Warning] [carb.graphics-vulkan.plugin] NGX DLSS Frame Generation Feature AdaptC:\isaac\IsaacLab\_isaac_sim\kit\python\Lib\site-packages\gymnasium\envs\registration.py:636: UserWarning: [33mWARN: Overriding environment Isaac-Lift-AIR2-UR3e-RG2-v0 already in registry.[0m
  logger.warn(f"Overriding environment {new_spec.id} already in registry.")
C:\isaac\IsaacLab\_isaac_sim\kit\python\Lib\site-packages\gymnasium\envs\registration.py:636: UserWarning: [33mWARN: Overriding environment Isaac-Lift-AIR2-UR3e-RG2-Play-v0 already in registry.[0m
  logger.warn(f"Overriding environment {new_spec.id} already in registry.")
C:\isaac\IsaacLab\_isaac_sim\kit\python\Lib\site-packages\gymnasium\envs\registration.py:636: UserWarning: [33mWARN: Overriding environment Isaac-Lift-AIR2-UR3e-RG2-Segmentation-v0 already in registry.[0m
  logger.warn(f"Overriding environment {new_spec.id} already in registry.")
C:\isaac\IsaacLab\_isaac_sim\kit\python\Lib\site-packages\gymnasium\envs\registration.py:636: UserWarning: [33mWARN: Overriding environment Isaac-Lift-AIR2-UR3e-RG2-Segmentation-Play-v0 already in registry.[0m
  logger.warn(f"Overriding environment {new_spec.id} already in registry.")
[INFO][AppLauncher]: Using device: cuda:0
[INFO][AppLauncher]: Loading experience file: C:\isaac\IsaacLab\apps\isaaclab.python.headless.rendering.kit
[INFO]: Parsing configuration from: isaaclab_ext.tasks.lift_air2_ur3e_rg2.joint_pos_env_cfg:FrankaAIR2LiftEnvCfg_PLAY

[36m========================================================================================================================[0m
[36m[1m[INFO][IsaacLab]: Logging to file: C:\Users\ADMINI~1\AppData\Local\Temp\1\isaaclab\logs\isaaclab_2026-05-24_05-20-44.log[0m
[36m========================================================================================================================[0m

[33m05:20:44 [simulation_context.py] WARNING: The `enable_external_forces_every_iteration` parameter in the PhysxCfg is set to False. If you are experiencing noisy velocities, consider enabling this flag. You may need to slightly increase the number of velocity iterations (setting it to 1 or 2 rather than 0), together with this flag, to improve the accuracy of velocity updates.[0m
[INFO]: Base environment:
	Environment device    : cuda:0
	Environment seed      : None
	Physics step-size     : 0.01
	Rendering step-size   : 0.02
	Environment step-size : 0.02
[33m05:20:45 [prims.py] WARNING: Could not perform 'modify_mass_properties' on any prims under: '/World/envs/env_0/Object'. This might be because of the following reasons:
	(1) The desired attribute does not exist on any of the prims.
	(2) The desired attribute exists on an instanced prim.
		Discovered list of instanced prim paths: [][0m
[33m05:20:46 [prims.py] WARNING: Could not perform 'modify_mass_properties' on any prims under: '/World/envs/env_0/ToolPliers'. This might be because of the following reasons:
	(1) The desired attribute does not exist on any of the prims.
	(2) The desired attribute exists on an instanced prim.
		Discovered list of instanced prim paths: [][0m
[33m05:20:46 [prims.py] WARNING: Could not perform 'modify_mass_properties' on any prims under: '/World/envs/env_0/ToolScissors'. This might be because of the following reasons:
	(1) The desired attribute does not exist on any of the prims.
	(2) The desired attribute exists on an instanced prim.
		Discovered list of instanced prim paths: [][0m
[33m05:20:47 [prims.py] WARNING: Could not perform 'modify_mass_properties' on any prims under: '/World/envs/env_0/ToolSilicone'. This might be because of the following reasons:
	(1) The desired attribute does not exist on any of the prims.
	(2) The desired attribute exists on an instanced prim.
		Discovered list of instanced prim paths: [][0m
erUnsupported
2026-05-24T05:20:40Z [19,680ms] [Warning] [omni.fabric.plugin] Warning: attribute overrideClipRange not found for bucket id 7

2026-05-24T05:20:44Z [23,291ms] [Warning] [isaaclab.envs.manager_based_env] Seed not set for the environment. The environment creation may not be deterministic.
2026-05-24T05:20:46Z [25,288ms] [Warning] [omni.usd] Warning: in _ReportErrors at line 3172 of C:\g\201060795\USD\pxr\usd\usd\stage.cpp -- In </World/envs/env_0/Environment/AIR/AI_Robotics/_4_cm_floor_pegboard_display_stand>: Could not open asset @C:/Users/Administrator/Desktop/Downloads/84_cm_floor_pegboard_display_stand.usd@ for payload introduced by @C:/Users/Administrator/Desktop/AI_Robot_Manipulation_UR3e/scene/AI_Robotics.usd@</World/_4_cm_floor_pegboard_display_stand>. (recomposing stage on stage @anon:000002A2D8C50A80:World0.usd@ <000002A2CFF15B10>)

2026-05-24T05:20:47Z [25,892ms] [Warning] [omni.usd] Warning: in _ReportErrors at line 3172 of C:\g\201060795\USD\pxr\usd\usd\stage.cpp -- In </World/envs/env_3/Environment/AIR/AI_Robotics/_4_cm_floor_pegboard_display_stand>: Could not open asset @C:/Users/Administrator/Desktop/Downloads/84_cm_floor_pegboard_display_stand.usd@ for payload introduced by @C:/Users/Administrator/Desktop/AI_Robot_Manipulation_UR3e/scene/AI_Robotics.usd@</World/_4_cm_floor_pegboard_display_stand>. (recomposing stage on stage @anon:000002A2D8C50A80:World0.usd@ <000002A2CFF15B10>)

2026-05-24T05:20:47Z [25,893ms] [Warning] [omni.usd] Warning: in _ReportErrors at line 3172 of C:\g\201060795\USD\pxr\usd\usd\stage.cpp -- In </World/envs/env_1/Environment/AIR/AI_Robotics/_4_cm_floor_pegboard_display_stand>: Could not open asset @C:/Users/Administrator/Desktop/Downloads/84_cm_floor_pegboard_display_stand.usd@ for payload introduced by @C:/Users/Administrator/Desktop/AI_Robot_Manipulation_UR3e/scene/AI_Robotics.usd@</World/_4_cm_floor_pegboard_display_stand>. (recomposing stage on stage @anon:000002A2D8C50A80:World0.usd@ <000002A2CFF15B10>)

2026-05-24T05:20:47Z [25,893ms] [Warning] [omni.usd] Warning: in _ReportErrors at line 3172 of C:\g\201060795\USD\pxr\usd\usd\stage.cpp -- In </World/envs/env_2/Environment/AIR/AI_Robotics/_4_cm_floor_pegboard_display_stand>: Could not open asset @C:/Users/Administrator/Desktop/Downloads/84_cm_floor_pegboard_display_stand.usd@ for payload introduced by @C:/Users/Administrator/Desktop/AI_Robot_Manipulation_UR3e/scene/AI_Robotics.usd@</World/_4_cm_floor_pegboard_display_stand>. (recomposing stage on stage @anon:000002A2D8C50A80:World0.usd@ <000002A2CFF15B10>)

2026-05-24T05:20:47Z [26,570ms] [Error] [omni.physicsschema.plugin] RigidBodyAPI applied to a non-xformable primitive. (/World/envs/env_0/Environment/AIR/AI_Robotics/_4_cm_floor_pegboard_display_stand)
[INFO]: Time taken for scene creation : 2.988977 seconds
[INFO]: Scene manager:  <class InteractiveScene>
	Number of environments: 4
	Environment spacing   : 2.5
	Source prim name      : /World/envs/env_0
	Global prim paths     : []
	Replicate physics     : True
[INFO]: Starting the simulation. This may take a few seconds. Please wait...
[INFO]: Time taken for simulation start : 7.646732 seconds
[INFO] Command Manager:  <CommandManager> contains 1 active terms.
+------------------------------------------+
|           Active Command Terms           |
+-------+-------------+--------------------+
| Index | Name        |        Type        |
+-------+-------------+--------------------+
|   0   | object_pose | UniformPoseCommand |
+-------+-------------+--------------------+

[INFO] Event Manager:  <EventManager> contains 1 active terms.
+-------------------------------------+
| Active Event Terms in Mode: 'reset' |
+--------+----------------------------+
| Index  | Name                       |
+--------+----------------------------+
|   0    | reset_all                  |
|   1    | randomize_hook_objects     |
+--------+----------------------------+

[INFO] Recorder Manager:  <RecorderManager> contains 0 active terms.
+---------------------+
| Active Recorder Terms |
+-----------+---------+
|   Index   | Name    |
+-----------+---------+
+-----------+---------+

[INFO] Action Manager:  <ActionManager> contains 2 active terms.
+------------------------------------+
|   Active Action Terms (shape: 7)   |
+-------+----------------+-----------+
| Index | Name           | Dimension |
+-------+----------------+-----------+
|   0   | arm_action     |         6 |
|   1   | gripper_action |         1 |
+-------+----------------+-----------+

[INFO] Observation Manager: <ObservationManager> contains 1 groups.
+-----------------------------------------------------------+
| Active Observation Terms in Group: 'policy' (shape: (35,)) |
+----------+-------------------------------------+----------+
|  Index   | Name                                |  Shape   |
+----------+-------------------------------------+----------+
|    0     | joint_pos                           |   (9,)   |
|    1     | joint_vel                           |   (9,)   |
|    2     | object_position                     |   (3,)   |
|    3     | target_object_position              |   (7,)   |
|    4     | actions                             |   (7,)   |
+----------+-------------------------------------+----------+

[INFO] Termination Manager:  <TerminationManager> contains 2 active terms.
+------------------------------------+
|      Active Termination Terms      |
+-------+-----------------+----------+
| Index | Name            | Time Out |
+-------+-----------------+----------+
|   0   | time_out        |   True   |
|   1   | object_dropping |  False   |
+-------+-----------------+----------+

[INFO] Reward Manager:  <RewardManager> contains 6 active terms.
+-----------------------------------------------------+
|                 Active Reward Terms                 |
+-------+-----------------------------------+---------+
| Index | Name                              |  Weight |
+-------+-----------------------------------+---------+
|   0   | reaching_object                   |     1.0 |
|   1   | lifting_object                    |    15.0 |
|   2   | object_goal_tracking              |    16.0 |
|   3   | object_goal_tracking_fine_grained |     5.0 |
|   4   | action_rate                       | -0.0001 |
|   5   | joint_vel                         | -0.0001 |
+-------+-----------------------------------+---------+

[INFO] Curriculum Manager:  <CurriculumManager> contains 2 active terms.
+--------------------------+
| Active Curriculum Terms  |
+---------+----------------+
|  Index  | Name           |
+---------+----------------+
|    0    | action_rate    |
|    1    | joint_vel      |
+---------+----------------+

[INFO]: Completed setting up the environment...
[DEBUG hooks] env_origins[env_ids[0]] = [1.25, -1.25, 0.0]
[DEBUG hooks] object: hook_local=[-4.059999942779541, -5.900000095367432, 1.590000033378601]  world=[-2.809999942779541, -7.150000095367432, 1.590000033378601]
[DEBUG hooks] tool_pliers: hook_local=[-3.921999931335449, -5.900000095367432, 1.2920000553131104]  world=[-2.671999931335449, -7.150000095367432, 1.2920000553131104]
[DEBUG hooks] tool_scissors: hook_local=[-3.75, -5.900000095367432, 1.5499999523162842]  world=[-2.5, -7.150000095367432, 1.5499999523162842]
[DEBUG hooks] tool_silicone: hook_local=[-3.884999990463257, -5.900000095367432, 1.649999976158142]  world=[-2.634999990463257, -7.150000095367432, 1.649999976158142]
[DEBUG stage] Scanning stage for hook prims...
[DEBUG stage] /World/envs/env_0/Environment/AIR/ikea_pegboard  sim=(-2.518, -7.263, 1.288)
[DEBUG stage] /World/envs/env_0/Environment/AIR/single_pegboard_hook_15cm_01  sim=(-3.840, -3.830, 1.680)
[DEBUG stage] /World/envs/env_0/Environment/AIR/single_pegboard_hook_15cm_02  sim=(-3.975, -3.830, 1.780)
[DEBUG stage] /World/envs/env_0/Environment/AIR/single_pegboard_hook_15cm_03  sim=(-4.150, -3.830, 1.720)
[DEBUG stage] /World/envs/env_0/Environment/AIR/single_pegboard_hook_15cm_04  sim=(-4.456, -3.830, 1.470)
[DEBUG stage] /World/envs/env_0/Environment/AIR/single_pegboard_hook_15cm_05  sim=(-4.352, -3.830, 1.626)
[DEBUG stage] /World/envs/env_0/Environment/AIR/single_pegboard_hook_15cm_06  sim=(-4.181, -3.830, 1.470)
[DEBUG stage] /World/envs/env_0/Environment/AIR/single_pegboard_hook_15cm_07  sim=(-4.012, -3.830, 1.422)
[DEBUG stage] /World/envs/env_0/Environment/AIR/single_pegboard_hook_15cm_08  sim=(-4.523, -3.830, 1.673)
[DEBUG stage] /World/envs/env_1/Environment/AIR/ikea_pegboard  sim=(-2.518, -4.763, 1.288)
[DEBUG stage] /World/envs/env_1/Environment/AIR/single_pegboard_hook_15cm_01  sim=(-3.840, -1.330, 1.680)
[DEBUG stage] /World/envs/env_1/Environment/AIR/single_pegboard_hook_15cm_02  sim=(-3.975, -1.330, 1.780)
[DEBUG stage] /World/envs/env_1/Environment/AIR/single_pegboard_hook_15cm_03  sim=(-4.150, -1.330, 1.720)
[DEBUG stage] /World/envs/env_1/Environment/AIR/single_pegboard_hook_15cm_04  sim=(-4.456, -1.330, 1.470)
[DEBUG stage] /World/envs/env_1/Environment/AIR/single_pegboard_hook_15cm_05  sim=(-4.352, -1.330, 1.626)
[DEBUG stage] /World/envs/env_1/Environment/AIR/single_pegboard_hook_15cm_06  sim=(-4.181, -1.330, 1.470)
[DEBUG stage] /World/envs/env_1/Environment/AIR/single_pegboard_hook_15cm_07  sim=(-4.012, -1.330, 1.422)
[DEBUG stage] /World/envs/env_1/Environment/AIR/single_pegboard_hook_15cm_08  sim=(-4.523, -1.330, 1.673)
[DEBUG stage] /World/envs/env_2/Environment/AIR/ikea_pegboard  sim=(-5.018, -7.263, 1.288)
[DEBUG stage] /World/envs/env_2/Environment/AIR/single_pegboard_hook_15cm_01  sim=(-6.340, -3.830, 1.680)
[DEBUG stage] /World/envs/env_2/Environment/AIR/single_pegboard_hook_15cm_02  sim=(-6.475, -3.830, 1.780)
[DEBUG stage] /World/envs/env_2/Environment/AIR/single_pegboard_hook_15cm_03  sim=(-6.650, -3.830, 1.720)
[DEBUG stage] /World/envs/env_2/Environment/AIR/single_pegboard_hook_15cm_04  sim=(-6.956, -3.830, 1.470)
[DEBUG stage] /World/envs/env_2/Environment/AIR/single_pegboard_hook_15cm_05  sim=(-6.852, -3.830, 1.626)
[DEBUG stage] /World/envs/env_2/Environment/AIR/single_pegboard_hook_15cm_06  sim=(-6.681, -3.830, 1.470)
[DEBUG stage] /World/envs/env_2/Environment/AIR/single_pegboard_hook_15cm_07  sim=(-6.512, -3.830, 1.422)
[DEBUG stage] /World/envs/env_2/Environment/AIR/single_pegboard_hook_15cm_08  sim=(-7.023, -3.830, 1.673)
[DEBUG stage] /World/envs/env_3/Environment/AIR/ikea_pegboard  sim=(-5.018, -4.763, 1.288)
[DEBUG stage] /World/envs/env_3/Environment/AIR/single_pegboard_hook_15cm_01  sim=(-6.340, -1.330, 1.680)
[DEBUG stage] /World/envs/env_3/Environment/AIR/single_pegboard_hook_15cm_02  sim=(-6.475, -1.330, 1.780)
[DEBUG stage] /World/envs/env_3/Environment/AIR/single_pegboard_hook_15cm_03  sim=(-6.650, -1.330, 1.720)
[DEBUG stage] /World/envs/env_3/Environment/AIR/single_pegboard_hook_15cm_04  sim=(-6.956, -1.330, 1.470)
[DEBUG stage] /World/envs/env_3/Environment/AIR/single_pegboard_hook_15cm_05  sim=(-6.852, -1.330, 1.626)
[DEBUG stage] /World/envs/env_3/Environment/AIR/single_pegboard_hook_15cm_06  sim=(-6.681, -1.330, 1.470)
[DEBUG stage] /World/envs/env_3/Environment/AIR/single_pegboard_hook_15cm_07  sim=(-6.512, -1.330, 1.422)
[DEBUG stage] /World/envs/env_3/Environment/AIR/single_pegboard_hook_15cm_08  sim=(-7.023, -1.330, 1.673)
[state-bc] step 510: +1 episodes -> 1/40 (buffer=510 steps)
[state-bc] step 800: +3 episodes -> 4/40 (buffer=800 steps)
[state-bc] step 1000: +4 episodes -> 8/40 (buffer=1000 steps)
[state-bc] step 1584: +1 episodes -> 9/40 (buffer=1584 steps)
[state-bc] step 1800: +3 episodes -> 12/40 (buffer=1800 steps)
[state-bc] step 2000: +4 episodes -> 16/40 (buffer=2000 steps)
[state-bc] step 2478: +1 episodes -> 17/40 (buffer=2478 steps)
[state-bc] step 2800: +3 episodes -> 20/40 (buffer=2800 steps)
[state-bc] step 3000: +4 episodes -> 24/40 (buffer=3000 steps)
[state-bc] step 3800: +4 episodes -> 28/40 (buffer=3800 steps)
[state-bc] step 4000: +4 episodes -> 32/40 (buffer=4000 steps)
[state-bc] step 4572: +1 episodes -> 33/40 (buffer=4572 steps)
[state-bc] step 4800: +3 episodes -> 36/40 (buffer=4800 steps)
[state-bc] step 5000: +4 episodes -> 40/40 (buffer=5000 steps)
[state-bc] collected 20000 (obs, action) pairs, obs_dim=35
[state-bc] MLP: input=35, hidden=[256, 128, 64], output=7, act=elu
[state-bc] arch:
MLP(
  (0): Linear(in_features=35, out_features=256, bias=True)
  (1): ELU(alpha=1.0)
  (2): Linear(in_features=256, out_features=128, bias=True)
  (3): ELU(alpha=1.0)
  (4): Linear(in_features=128, out_features=64, bias=True)
  (5): ELU(alpha=1.0)
  (6): Linear(in_features=64, out_features=7, bias=True)
)
[state-bc] ep 1/200  train_loss=0.0107  val_loss=0.0040
[state-bc] ep 10/200  train_loss=0.0004  val_loss=0.0003
[state-bc] ep 20/200  train_loss=0.0003  val_loss=0.0002
[state-bc] ep 30/200  train_loss=0.0003  val_loss=0.0002
[state-bc] ep 40/200  train_loss=0.0003  val_loss=0.0002
[state-bc] ep 50/200  train_loss=0.0003  val_loss=0.0002
[state-bc] ep 60/200  train_loss=0.0003  val_loss=0.0002
[state-bc] ep 70/200  train_loss=0.0003  val_loss=0.0002
[state-bc] ep 80/200  train_loss=0.0003  val_loss=0.0002
[state-bc] ep 90/200  train_loss=0.0003  val_loss=0.0002
[state-bc] ep 100/200  train_loss=0.0003  val_loss=0.0002
[state-bc] ep 110/200  train_loss=0.0003  val_loss=0.0002
[state-bc] ep 120/200  train_loss=0.0003  val_loss=0.0002
[state-bc] ep 130/200  train_loss=0.0003  val_loss=0.0002
[state-bc] ep 140/200  train_loss=0.0003  val_loss=0.0002
[state-bc] ep 150/200  train_loss=0.0003  val_loss=0.0002
[state-bc] ep 160/200  train_loss=0.0003  val_loss=0.0002
[state-bc] ep 170/200  train_loss=0.0003  val_loss=0.0002
[state-bc] ep 180/200  train_loss=0.0003  val_loss=0.0002
[state-bc] ep 190/200  train_loss=0.0003  val_loss=0.0002
[state-bc] ep 200/200  train_loss=0.0003  val_loss=0.0002
2026-05-24T05:20:54Z [33,554ms] [Warning] [rtx.postprocessing.plugin] DLSS increasing input dimensions: Render resolution of (130, 130) is below minimal input resolution of 300.
2026-05-24T05:20:56Z [34,777ms] [Warning] [omni.physx.fabric.plugin] FabricManager::initializePointInstancer mismatched prototypes on point instancer: /Visuals/Command/goal_pose.
2026-05-24T05:20:56Z [34,777ms] [Warning] [omni.physx.fabric.plugin] FabricManager::initializePointInstancer mismatched prototypes on point instancer: /Visuals/Command/body_pose.
2026-05-24T05:20:56Z [35,036ms] [Warning] [omni.physx.fabric.plugin] FabricManager::initializePointInstancer mismatched prototypes on point instancer: /Visuals/Command/goal_pose.
2026-05-24T05:20:56Z [35,036ms] [Warning] [omni.physx.fabric.plugin] FabricManager::initializePointInstancer mismatched prototypes on point instancer: /Visuals/Command/body_pose.
2026-05-24T05:21:01Z [40,384ms] [Warning] [carb] Client gpu.foundation.plugin has acquired [gpu::unstable::IMemoryBudgetManagerFactory v0.1] 100 times. Consider accessing this interface with carb::getCachedInterface() (Performance warning)
