[0.099s] DEBUG:colcon:Command line arguments: ['/usr/bin/colcon', 'build', '--symlink-install', '--event-handlers', 'console_cohesion+']
[0.099s] DEBUG:colcon:Parsed command line arguments: Namespace(log_base=None, log_level=None, verb_name='build', build_base='build', install_base='install', merge_install=False, symlink_install=True, test_result_base=None, continue_on_error=False, executor='parallel', parallel_workers=15, event_handlers=['console_cohesion+'], ignore_user_meta=False, metas=['./colcon.meta'], base_paths=['.'], packages_ignore=None, packages_ignore_regex=None, paths=None, packages_up_to=None, packages_up_to_regex=None, packages_above=None, packages_above_and_dependencies=None, packages_above_depth=None, packages_select_by_dep=None, packages_skip_by_dep=None, packages_skip_up_to=None, packages_select_build_failed=False, packages_skip_build_finished=False, packages_select_test_failures=False, packages_skip_test_passed=False, packages_select=None, packages_skip=None, packages_select_regex=None, packages_skip_regex=None, packages_start=None, packages_end=None, allow_overriding=[], cmake_args=None, cmake_target=None, cmake_target_skip_unavailable=False, cmake_clean_cache=False, cmake_clean_first=False, cmake_force_configure=False, ament_cmake_args=None, catkin_cmake_args=None, catkin_skip_building_tests=False, mixin_files=None, mixin=None, verb_parser=<colcon_mixin.mixin.mixin_argument.MixinArgumentDecorator object at 0x71b76c5673d0>, verb_extension=<colcon_core.verb.build.BuildVerb object at 0x71b76c6b0430>, main=<bound method BuildVerb.main of <colcon_core.verb.build.BuildVerb object at 0x71b76c6b0430>>, mixin_verb=('build',))
[0.316s] Level 1:colcon.colcon_core.package_discovery:discover_packages(colcon_meta) check parameters
[0.317s] Level 1:colcon.colcon_core.package_discovery:discover_packages(recursive) check parameters
[0.317s] Level 1:colcon.colcon_core.package_discovery:discover_packages(ignore) check parameters
[0.317s] Level 1:colcon.colcon_core.package_discovery:discover_packages(path) check parameters
[0.317s] Level 1:colcon.colcon_core.package_discovery:discover_packages(colcon_meta) discover
[0.317s] Level 1:colcon.colcon_core.package_discovery:discover_packages(recursive) discover
[0.317s] INFO:colcon.colcon_core.package_discovery:Crawling recursively for packages in '/home/user/Desktop/ur_pick/ros2_ws'
[0.317s] Level 1:colcon.colcon_core.package_identification:_identify(.) by extensions ['ignore', 'ignore_ament_install']
[0.317s] Level 1:colcon.colcon_core.package_identification:_identify(.) by extension 'ignore'
[0.317s] Level 1:colcon.colcon_core.package_identification:_identify(.) by extension 'ignore_ament_install'
[0.317s] Level 1:colcon.colcon_core.package_identification:_identify(.) by extensions ['colcon_pkg']
[0.317s] Level 1:colcon.colcon_core.package_identification:_identify(.) by extension 'colcon_pkg'
[0.317s] Level 1:colcon.colcon_core.package_identification:_identify(.) by extensions ['colcon_meta']
[0.317s] Level 1:colcon.colcon_core.package_identification:_identify(.) by extension 'colcon_meta'
[0.317s] Level 1:colcon.colcon_core.package_identification:_identify(.) by extensions ['ros']
[0.317s] Level 1:colcon.colcon_core.package_identification:_identify(.) by extension 'ros'
[0.326s] Level 1:colcon.colcon_core.package_identification:_identify(.) by extensions ['cmake', 'python']
[0.326s] Level 1:colcon.colcon_core.package_identification:_identify(.) by extension 'cmake'
[0.326s] Level 1:colcon.colcon_core.package_identification:_identify(.) by extension 'python'
[0.326s] Level 1:colcon.colcon_core.package_identification:_identify(.) by extensions ['python_setup_py']
[0.326s] Level 1:colcon.colcon_core.package_identification:_identify(.) by extension 'python_setup_py'
[0.326s] Level 1:colcon.colcon_core.package_identification:_identify(build) by extensions ['ignore', 'ignore_ament_install']
[0.326s] Level 1:colcon.colcon_core.package_identification:_identify(build) by extension 'ignore'
[0.326s] Level 1:colcon.colcon_core.package_identification:_identify(build) ignored
[0.326s] Level 1:colcon.colcon_core.package_identification:_identify(install) by extensions ['ignore', 'ignore_ament_install']
[0.326s] Level 1:colcon.colcon_core.package_identification:_identify(install) by extension 'ignore'
[0.326s] Level 1:colcon.colcon_core.package_identification:_identify(install) ignored
[0.326s] Level 1:colcon.colcon_core.package_identification:_identify(log) by extensions ['ignore', 'ignore_ament_install']
[0.326s] Level 1:colcon.colcon_core.package_identification:_identify(log) by extension 'ignore'
[0.326s] Level 1:colcon.colcon_core.package_identification:_identify(log) ignored
[0.326s] Level 1:colcon.colcon_core.package_identification:_identify(src) by extensions ['ignore', 'ignore_ament_install']
[0.326s] Level 1:colcon.colcon_core.package_identification:_identify(src) by extension 'ignore'
[0.326s] Level 1:colcon.colcon_core.package_identification:_identify(src) by extension 'ignore_ament_install'
[0.326s] Level 1:colcon.colcon_core.package_identification:_identify(src) by extensions ['colcon_pkg']
[0.326s] Level 1:colcon.colcon_core.package_identification:_identify(src) by extension 'colcon_pkg'
[0.327s] Level 1:colcon.colcon_core.package_identification:_identify(src) by extensions ['colcon_meta']
[0.327s] Level 1:colcon.colcon_core.package_identification:_identify(src) by extension 'colcon_meta'
[0.327s] Level 1:colcon.colcon_core.package_identification:_identify(src) by extensions ['ros']
[0.327s] Level 1:colcon.colcon_core.package_identification:_identify(src) by extension 'ros'
[0.327s] Level 1:colcon.colcon_core.package_identification:_identify(src) by extensions ['cmake', 'python']
[0.327s] Level 1:colcon.colcon_core.package_identification:_identify(src) by extension 'cmake'
[0.327s] Level 1:colcon.colcon_core.package_identification:_identify(src) by extension 'python'
[0.327s] Level 1:colcon.colcon_core.package_identification:_identify(src) by extensions ['python_setup_py']
[0.327s] Level 1:colcon.colcon_core.package_identification:_identify(src) by extension 'python_setup_py'
[0.327s] Level 1:colcon.colcon_core.package_identification:_identify(src/UR_OnRobot_ROS2) by extensions ['ignore', 'ignore_ament_install']
[0.327s] Level 1:colcon.colcon_core.package_identification:_identify(src/UR_OnRobot_ROS2) by extension 'ignore'
[0.327s] Level 1:colcon.colcon_core.package_identification:_identify(src/UR_OnRobot_ROS2) by extension 'ignore_ament_install'
[0.327s] Level 1:colcon.colcon_core.package_identification:_identify(src/UR_OnRobot_ROS2) by extensions ['colcon_pkg']
[0.327s] Level 1:colcon.colcon_core.package_identification:_identify(src/UR_OnRobot_ROS2) by extension 'colcon_pkg'
[0.327s] Level 1:colcon.colcon_core.package_identification:_identify(src/UR_OnRobot_ROS2) by extensions ['colcon_meta']
[0.327s] Level 1:colcon.colcon_core.package_identification:_identify(src/UR_OnRobot_ROS2) by extension 'colcon_meta'
[0.327s] Level 1:colcon.colcon_core.package_identification:_identify(src/UR_OnRobot_ROS2) by extensions ['ros']
[0.327s] Level 1:colcon.colcon_core.package_identification:_identify(src/UR_OnRobot_ROS2) by extension 'ros'
[0.327s] Level 1:colcon.colcon_core.package_identification:_identify(src/UR_OnRobot_ROS2) by extensions ['cmake', 'python']
[0.327s] Level 1:colcon.colcon_core.package_identification:_identify(src/UR_OnRobot_ROS2) by extension 'cmake'
[0.327s] Level 1:colcon.colcon_core.package_identification:_identify(src/UR_OnRobot_ROS2) by extension 'python'
[0.327s] Level 1:colcon.colcon_core.package_identification:_identify(src/UR_OnRobot_ROS2) by extensions ['python_setup_py']
[0.327s] Level 1:colcon.colcon_core.package_identification:_identify(src/UR_OnRobot_ROS2) by extension 'python_setup_py'
[0.327s] Level 1:colcon.colcon_core.package_identification:_identify(src/UR_OnRobot_ROS2/doc) by extensions ['ignore', 'ignore_ament_install']
[0.327s] Level 1:colcon.colcon_core.package_identification:_identify(src/UR_OnRobot_ROS2/doc) by extension 'ignore'
[0.327s] Level 1:colcon.colcon_core.package_identification:_identify(src/UR_OnRobot_ROS2/doc) by extension 'ignore_ament_install'
[0.328s] Level 1:colcon.colcon_core.package_identification:_identify(src/UR_OnRobot_ROS2/doc) by extensions ['colcon_pkg']
[0.328s] Level 1:colcon.colcon_core.package_identification:_identify(src/UR_OnRobot_ROS2/doc) by extension 'colcon_pkg'
[0.328s] Level 1:colcon.colcon_core.package_identification:_identify(src/UR_OnRobot_ROS2/doc) by extensions ['colcon_meta']
[0.328s] Level 1:colcon.colcon_core.package_identification:_identify(src/UR_OnRobot_ROS2/doc) by extension 'colcon_meta'
[0.328s] Level 1:colcon.colcon_core.package_identification:_identify(src/UR_OnRobot_ROS2/doc) by extensions ['ros']
[0.328s] Level 1:colcon.colcon_core.package_identification:_identify(src/UR_OnRobot_ROS2/doc) by extension 'ros'
[0.328s] Level 1:colcon.colcon_core.package_identification:_identify(src/UR_OnRobot_ROS2/doc) by extensions ['cmake', 'python']
[0.328s] Level 1:colcon.colcon_core.package_identification:_identify(src/UR_OnRobot_ROS2/doc) by extension 'cmake'
[0.328s] Level 1:colcon.colcon_core.package_identification:_identify(src/UR_OnRobot_ROS2/doc) by extension 'python'
[0.328s] Level 1:colcon.colcon_core.package_identification:_identify(src/UR_OnRobot_ROS2/doc) by extensions ['python_setup_py']
[0.328s] Level 1:colcon.colcon_core.package_identification:_identify(src/UR_OnRobot_ROS2/doc) by extension 'python_setup_py'
[0.328s] Level 1:colcon.colcon_core.package_identification:_identify(src/UR_OnRobot_ROS2/doc/images) by extensions ['ignore', 'ignore_ament_install']
[0.328s] Level 1:colcon.colcon_core.package_identification:_identify(src/UR_OnRobot_ROS2/doc/images) by extension 'ignore'
[0.328s] Level 1:colcon.colcon_core.package_identification:_identify(src/UR_OnRobot_ROS2/doc/images) by extension 'ignore_ament_install'
[0.328s] Level 1:colcon.colcon_core.package_identification:_identify(src/UR_OnRobot_ROS2/doc/images) by extensions ['colcon_pkg']
[0.328s] Level 1:colcon.colcon_core.package_identification:_identify(src/UR_OnRobot_ROS2/doc/images) by extension 'colcon_pkg'
[0.328s] Level 1:colcon.colcon_core.package_identification:_identify(src/UR_OnRobot_ROS2/doc/images) by extensions ['colcon_meta']
[0.328s] Level 1:colcon.colcon_core.package_identification:_identify(src/UR_OnRobot_ROS2/doc/images) by extension 'colcon_meta'
[0.328s] Level 1:colcon.colcon_core.package_identification:_identify(src/UR_OnRobot_ROS2/doc/images) by extensions ['ros']
[0.328s] Level 1:colcon.colcon_core.package_identification:_identify(src/UR_OnRobot_ROS2/doc/images) by extension 'ros'
[0.328s] Level 1:colcon.colcon_core.package_identification:_identify(src/UR_OnRobot_ROS2/doc/images) by extensions ['cmake', 'python']
[0.328s] Level 1:colcon.colcon_core.package_identification:_identify(src/UR_OnRobot_ROS2/doc/images) by extension 'cmake'
[0.328s] Level 1:colcon.colcon_core.package_identification:_identify(src/UR_OnRobot_ROS2/doc/images) by extension 'python'
[0.328s] Level 1:colcon.colcon_core.package_identification:_identify(src/UR_OnRobot_ROS2/doc/images) by extensions ['python_setup_py']
[0.328s] Level 1:colcon.colcon_core.package_identification:_identify(src/UR_OnRobot_ROS2/doc/images) by extension 'python_setup_py'
[0.329s] Level 1:colcon.colcon_core.package_identification:_identify(src/UR_OnRobot_ROS2/ur_onrobot_control) by extensions ['ignore', 'ignore_ament_install']
[0.329s] Level 1:colcon.colcon_core.package_identification:_identify(src/UR_OnRobot_ROS2/ur_onrobot_control) by extension 'ignore'
[0.329s] Level 1:colcon.colcon_core.package_identification:_identify(src/UR_OnRobot_ROS2/ur_onrobot_control) by extension 'ignore_ament_install'
[0.329s] Level 1:colcon.colcon_core.package_identification:_identify(src/UR_OnRobot_ROS2/ur_onrobot_control) by extensions ['colcon_pkg']
[0.329s] Level 1:colcon.colcon_core.package_identification:_identify(src/UR_OnRobot_ROS2/ur_onrobot_control) by extension 'colcon_pkg'
[0.329s] Level 1:colcon.colcon_core.package_identification:_identify(src/UR_OnRobot_ROS2/ur_onrobot_control) by extensions ['colcon_meta']
[0.329s] Level 1:colcon.colcon_core.package_identification:_identify(src/UR_OnRobot_ROS2/ur_onrobot_control) by extension 'colcon_meta'
[0.329s] Level 1:colcon.colcon_core.package_identification:_identify(src/UR_OnRobot_ROS2/ur_onrobot_control) by extensions ['ros']
[0.329s] Level 1:colcon.colcon_core.package_identification:_identify(src/UR_OnRobot_ROS2/ur_onrobot_control) by extension 'ros'
[0.331s] DEBUG:colcon.colcon_core.package_identification:Package 'src/UR_OnRobot_ROS2/ur_onrobot_control' with type 'ros.ament_cmake' and name 'ur_onrobot_control'
[0.331s] Level 1:colcon.colcon_core.package_identification:_identify(src/UR_OnRobot_ROS2/ur_onrobot_description) by extensions ['ignore', 'ignore_ament_install']
[0.331s] Level 1:colcon.colcon_core.package_identification:_identify(src/UR_OnRobot_ROS2/ur_onrobot_description) by extension 'ignore'
[0.331s] Level 1:colcon.colcon_core.package_identification:_identify(src/UR_OnRobot_ROS2/ur_onrobot_description) by extension 'ignore_ament_install'
[0.331s] Level 1:colcon.colcon_core.package_identification:_identify(src/UR_OnRobot_ROS2/ur_onrobot_description) by extensions ['colcon_pkg']
[0.331s] Level 1:colcon.colcon_core.package_identification:_identify(src/UR_OnRobot_ROS2/ur_onrobot_description) by extension 'colcon_pkg'
[0.331s] Level 1:colcon.colcon_core.package_identification:_identify(src/UR_OnRobot_ROS2/ur_onrobot_description) by extensions ['colcon_meta']
[0.331s] Level 1:colcon.colcon_core.package_identification:_identify(src/UR_OnRobot_ROS2/ur_onrobot_description) by extension 'colcon_meta'
[0.331s] Level 1:colcon.colcon_core.package_identification:_identify(src/UR_OnRobot_ROS2/ur_onrobot_description) by extensions ['ros']
[0.331s] Level 1:colcon.colcon_core.package_identification:_identify(src/UR_OnRobot_ROS2/ur_onrobot_description) by extension 'ros'
[0.332s] DEBUG:colcon.colcon_core.package_identification:Package 'src/UR_OnRobot_ROS2/ur_onrobot_description' with type 'ros.ament_cmake' and name 'ur_onrobot_description'
[0.332s] Level 1:colcon.colcon_core.package_identification:_identify(src/UR_OnRobot_ROS2/ur_onrobot_moveit_config) by extensions ['ignore', 'ignore_ament_install']
[0.332s] Level 1:colcon.colcon_core.package_identification:_identify(src/UR_OnRobot_ROS2/ur_onrobot_moveit_config) by extension 'ignore'
[0.332s] Level 1:colcon.colcon_core.package_identification:_identify(src/UR_OnRobot_ROS2/ur_onrobot_moveit_config) by extension 'ignore_ament_install'
[0.332s] Level 1:colcon.colcon_core.package_identification:_identify(src/UR_OnRobot_ROS2/ur_onrobot_moveit_config) by extensions ['colcon_pkg']
[0.332s] Level 1:colcon.colcon_core.package_identification:_identify(src/UR_OnRobot_ROS2/ur_onrobot_moveit_config) by extension 'colcon_pkg'
[0.332s] Level 1:colcon.colcon_core.package_identification:_identify(src/UR_OnRobot_ROS2/ur_onrobot_moveit_config) by extensions ['colcon_meta']
[0.332s] Level 1:colcon.colcon_core.package_identification:_identify(src/UR_OnRobot_ROS2/ur_onrobot_moveit_config) by extension 'colcon_meta'
[0.332s] Level 1:colcon.colcon_core.package_identification:_identify(src/UR_OnRobot_ROS2/ur_onrobot_moveit_config) by extensions ['ros']
[0.332s] Level 1:colcon.colcon_core.package_identification:_identify(src/UR_OnRobot_ROS2/ur_onrobot_moveit_config) by extension 'ros'
[0.333s] DEBUG:colcon.colcon_core.package_identification:Package 'src/UR_OnRobot_ROS2/ur_onrobot_moveit_config' with type 'ros.ament_cmake' and name 'ur_onrobot_moveit_config'
[0.333s] Level 1:colcon.colcon_core.package_identification:_identify(src/moveit2_tutorials_ur_onrobot) by extensions ['ignore', 'ignore_ament_install']
[0.333s] Level 1:colcon.colcon_core.package_identification:_identify(src/moveit2_tutorials_ur_onrobot) by extension 'ignore'
[0.333s] Level 1:colcon.colcon_core.package_identification:_identify(src/moveit2_tutorials_ur_onrobot) by extension 'ignore_ament_install'
[0.333s] Level 1:colcon.colcon_core.package_identification:_identify(src/moveit2_tutorials_ur_onrobot) by extensions ['colcon_pkg']
[0.333s] Level 1:colcon.colcon_core.package_identification:_identify(src/moveit2_tutorials_ur_onrobot) by extension 'colcon_pkg'
[0.333s] Level 1:colcon.colcon_core.package_identification:_identify(src/moveit2_tutorials_ur_onrobot) by extensions ['colcon_meta']
[0.333s] Level 1:colcon.colcon_core.package_identification:_identify(src/moveit2_tutorials_ur_onrobot) by extension 'colcon_meta'
[0.333s] Level 1:colcon.colcon_core.package_identification:_identify(src/moveit2_tutorials_ur_onrobot) by extensions ['ros']
[0.333s] Level 1:colcon.colcon_core.package_identification:_identify(src/moveit2_tutorials_ur_onrobot) by extension 'ros'
[0.333s] Level 1:colcon.colcon_core.package_identification:_identify(src/moveit2_tutorials_ur_onrobot) by extensions ['cmake', 'python']
[0.333s] Level 1:colcon.colcon_core.package_identification:_identify(src/moveit2_tutorials_ur_onrobot) by extension 'cmake'
[0.333s] Level 1:colcon.colcon_core.package_identification:_identify(src/moveit2_tutorials_ur_onrobot) by extension 'python'
[0.333s] Level 1:colcon.colcon_core.package_identification:_identify(src/moveit2_tutorials_ur_onrobot) by extensions ['python_setup_py']
[0.333s] Level 1:colcon.colcon_core.package_identification:_identify(src/moveit2_tutorials_ur_onrobot) by extension 'python_setup_py'
[0.333s] Level 1:colcon.colcon_core.package_identification:_identify(src/moveit2_tutorials_ur_onrobot/docs) by extensions ['ignore', 'ignore_ament_install']
[0.333s] Level 1:colcon.colcon_core.package_identification:_identify(src/moveit2_tutorials_ur_onrobot/docs) by extension 'ignore'
[0.333s] Level 1:colcon.colcon_core.package_identification:_identify(src/moveit2_tutorials_ur_onrobot/docs) by extension 'ignore_ament_install'
[0.334s] Level 1:colcon.colcon_core.package_identification:_identify(src/moveit2_tutorials_ur_onrobot/docs) by extensions ['colcon_pkg']
[0.334s] Level 1:colcon.colcon_core.package_identification:_identify(src/moveit2_tutorials_ur_onrobot/docs) by extension 'colcon_pkg'
[0.334s] Level 1:colcon.colcon_core.package_identification:_identify(src/moveit2_tutorials_ur_onrobot/docs) by extensions ['colcon_meta']
[0.334s] Level 1:colcon.colcon_core.package_identification:_identify(src/moveit2_tutorials_ur_onrobot/docs) by extension 'colcon_meta'
[0.334s] Level 1:colcon.colcon_core.package_identification:_identify(src/moveit2_tutorials_ur_onrobot/docs) by extensions ['ros']
[0.334s] Level 1:colcon.colcon_core.package_identification:_identify(src/moveit2_tutorials_ur_onrobot/docs) by extension 'ros'
[0.334s] Level 1:colcon.colcon_core.package_identification:_identify(src/moveit2_tutorials_ur_onrobot/docs) by extensions ['cmake', 'python']
[0.334s] Level 1:colcon.colcon_core.package_identification:_identify(src/moveit2_tutorials_ur_onrobot/docs) by extension 'cmake'
[0.334s] Level 1:colcon.colcon_core.package_identification:_identify(src/moveit2_tutorials_ur_onrobot/docs) by extension 'python'
[0.334s] Level 1:colcon.colcon_core.package_identification:_identify(src/moveit2_tutorials_ur_onrobot/docs) by extensions ['python_setup_py']
[0.334s] Level 1:colcon.colcon_core.package_identification:_identify(src/moveit2_tutorials_ur_onrobot/docs) by extension 'python_setup_py'
[0.334s] Level 1:colcon.colcon_core.package_identification:_identify(src/moveit2_tutorials_ur_onrobot/docs/gifs) by extensions ['ignore', 'ignore_ament_install']
[0.334s] Level 1:colcon.colcon_core.package_identification:_identify(src/moveit2_tutorials_ur_onrobot/docs/gifs) by extension 'ignore'
[0.334s] Level 1:colcon.colcon_core.package_identification:_identify(src/moveit2_tutorials_ur_onrobot/docs/gifs) by extension 'ignore_ament_install'
[0.334s] Level 1:colcon.colcon_core.package_identification:_identify(src/moveit2_tutorials_ur_onrobot/docs/gifs) by extensions ['colcon_pkg']
[0.334s] Level 1:colcon.colcon_core.package_identification:_identify(src/moveit2_tutorials_ur_onrobot/docs/gifs) by extension 'colcon_pkg'
[0.334s] Level 1:colcon.colcon_core.package_identification:_identify(src/moveit2_tutorials_ur_onrobot/docs/gifs) by extensions ['colcon_meta']
[0.334s] Level 1:colcon.colcon_core.package_identification:_identify(src/moveit2_tutorials_ur_onrobot/docs/gifs) by extension 'colcon_meta'
[0.334s] Level 1:colcon.colcon_core.package_identification:_identify(src/moveit2_tutorials_ur_onrobot/docs/gifs) by extensions ['ros']
[0.334s] Level 1:colcon.colcon_core.package_identification:_identify(src/moveit2_tutorials_ur_onrobot/docs/gifs) by extension 'ros'
[0.334s] Level 1:colcon.colcon_core.package_identification:_identify(src/moveit2_tutorials_ur_onrobot/docs/gifs) by extensions ['cmake', 'python']
[0.334s] Level 1:colcon.colcon_core.package_identification:_identify(src/moveit2_tutorials_ur_onrobot/docs/gifs) by extension 'cmake'
[0.334s] Level 1:colcon.colcon_core.package_identification:_identify(src/moveit2_tutorials_ur_onrobot/docs/gifs) by extension 'python'
[0.334s] Level 1:colcon.colcon_core.package_identification:_identify(src/moveit2_tutorials_ur_onrobot/docs/gifs) by extensions ['python_setup_py']
[0.334s] Level 1:colcon.colcon_core.package_identification:_identify(src/moveit2_tutorials_ur_onrobot/docs/gifs) by extension 'python_setup_py'
[0.334s] Level 1:colcon.colcon_core.package_identification:_identify(src/moveit2_tutorials_ur_onrobot/ur_onrobot_hello_moveit) by extensions ['ignore', 'ignore_ament_install']
[0.335s] Level 1:colcon.colcon_core.package_identification:_identify(src/moveit2_tutorials_ur_onrobot/ur_onrobot_hello_moveit) by extension 'ignore'
[0.335s] Level 1:colcon.colcon_core.package_identification:_identify(src/moveit2_tutorials_ur_onrobot/ur_onrobot_hello_moveit) by extension 'ignore_ament_install'
[0.335s] Level 1:colcon.colcon_core.package_identification:_identify(src/moveit2_tutorials_ur_onrobot/ur_onrobot_hello_moveit) by extensions ['colcon_pkg']
[0.335s] Level 1:colcon.colcon_core.package_identification:_identify(src/moveit2_tutorials_ur_onrobot/ur_onrobot_hello_moveit) by extension 'colcon_pkg'
[0.335s] Level 1:colcon.colcon_core.package_identification:_identify(src/moveit2_tutorials_ur_onrobot/ur_onrobot_hello_moveit) by extensions ['colcon_meta']
[0.335s] Level 1:colcon.colcon_core.package_identification:_identify(src/moveit2_tutorials_ur_onrobot/ur_onrobot_hello_moveit) by extension 'colcon_meta'
[0.335s] Level 1:colcon.colcon_core.package_identification:_identify(src/moveit2_tutorials_ur_onrobot/ur_onrobot_hello_moveit) by extensions ['ros']
[0.335s] Level 1:colcon.colcon_core.package_identification:_identify(src/moveit2_tutorials_ur_onrobot/ur_onrobot_hello_moveit) by extension 'ros'
[0.336s] DEBUG:colcon.colcon_core.package_identification:Package 'src/moveit2_tutorials_ur_onrobot/ur_onrobot_hello_moveit' with type 'ros.ament_cmake' and name 'ur_onrobot_hello_moveit'
[0.336s] Level 1:colcon.colcon_core.package_identification:_identify(src/moveit2_tutorials_ur_onrobot/ur_onrobot_mtc) by extensions ['ignore', 'ignore_ament_install']
[0.336s] Level 1:colcon.colcon_core.package_identification:_identify(src/moveit2_tutorials_ur_onrobot/ur_onrobot_mtc) by extension 'ignore'
[0.336s] Level 1:colcon.colcon_core.package_identification:_identify(src/moveit2_tutorials_ur_onrobot/ur_onrobot_mtc) by extension 'ignore_ament_install'
[0.336s] Level 1:colcon.colcon_core.package_identification:_identify(src/moveit2_tutorials_ur_onrobot/ur_onrobot_mtc) by extensions ['colcon_pkg']
[0.336s] Level 1:colcon.colcon_core.package_identification:_identify(src/moveit2_tutorials_ur_onrobot/ur_onrobot_mtc) by extension 'colcon_pkg'
[0.336s] Level 1:colcon.colcon_core.package_identification:_identify(src/moveit2_tutorials_ur_onrobot/ur_onrobot_mtc) by extensions ['colcon_meta']
[0.336s] Level 1:colcon.colcon_core.package_identification:_identify(src/moveit2_tutorials_ur_onrobot/ur_onrobot_mtc) by extension 'colcon_meta'
[0.336s] Level 1:colcon.colcon_core.package_identification:_identify(src/moveit2_tutorials_ur_onrobot/ur_onrobot_mtc) by extensions ['ros']
[0.336s] Level 1:colcon.colcon_core.package_identification:_identify(src/moveit2_tutorials_ur_onrobot/ur_onrobot_mtc) by extension 'ros'
[0.337s] DEBUG:colcon.colcon_core.package_identification:Package 'src/moveit2_tutorials_ur_onrobot/ur_onrobot_mtc' with type 'ros.ament_cmake' and name 'ur_onrobot_mtc'
[0.337s] Level 1:colcon.colcon_core.package_identification:_identify(src/onrobot_description) by extensions ['ignore', 'ignore_ament_install']
[0.337s] Level 1:colcon.colcon_core.package_identification:_identify(src/onrobot_description) by extension 'ignore'
[0.337s] Level 1:colcon.colcon_core.package_identification:_identify(src/onrobot_description) by extension 'ignore_ament_install'
[0.337s] Level 1:colcon.colcon_core.package_identification:_identify(src/onrobot_description) by extensions ['colcon_pkg']
[0.337s] Level 1:colcon.colcon_core.package_identification:_identify(src/onrobot_description) by extension 'colcon_pkg'
[0.337s] Level 1:colcon.colcon_core.package_identification:_identify(src/onrobot_description) by extensions ['colcon_meta']
[0.337s] Level 1:colcon.colcon_core.package_identification:_identify(src/onrobot_description) by extension 'colcon_meta'
[0.337s] Level 1:colcon.colcon_core.package_identification:_identify(src/onrobot_description) by extensions ['ros']
[0.337s] Level 1:colcon.colcon_core.package_identification:_identify(src/onrobot_description) by extension 'ros'
[0.338s] DEBUG:colcon.colcon_core.package_identification:Package 'src/onrobot_description' with type 'ros.ament_cmake' and name 'onrobot_description'
[0.338s] Level 1:colcon.colcon_core.package_identification:_identify(src/onrobot_driver) by extensions ['ignore', 'ignore_ament_install']
[0.338s] Level 1:colcon.colcon_core.package_identification:_identify(src/onrobot_driver) by extension 'ignore'
[0.338s] Level 1:colcon.colcon_core.package_identification:_identify(src/onrobot_driver) by extension 'ignore_ament_install'
[0.338s] Level 1:colcon.colcon_core.package_identification:_identify(src/onrobot_driver) by extensions ['colcon_pkg']
[0.338s] Level 1:colcon.colcon_core.package_identification:_identify(src/onrobot_driver) by extension 'colcon_pkg'
[0.338s] Level 1:colcon.colcon_core.package_identification:_identify(src/onrobot_driver) by extensions ['colcon_meta']
[0.338s] Level 1:colcon.colcon_core.package_identification:_identify(src/onrobot_driver) by extension 'colcon_meta'
[0.338s] Level 1:colcon.colcon_core.package_identification:_identify(src/onrobot_driver) by extensions ['ros']
[0.338s] Level 1:colcon.colcon_core.package_identification:_identify(src/onrobot_driver) by extension 'ros'
[0.340s] DEBUG:colcon.colcon_core.package_identification:Package 'src/onrobot_driver' with type 'ros.ament_cmake' and name 'onrobot_driver'
[0.340s] Level 1:colcon.colcon_core.package_discovery:discover_packages(recursive) using defaults
[0.340s] Level 1:colcon.colcon_core.package_discovery:discover_packages(ignore) discover
[0.340s] Level 1:colcon.colcon_core.package_discovery:discover_packages(ignore) using defaults
[0.340s] Level 1:colcon.colcon_core.package_discovery:discover_packages(path) discover
[0.340s] Level 1:colcon.colcon_core.package_discovery:discover_packages(path) using defaults
[0.366s] Level 1:colcon.colcon_core.package_discovery:discover_packages(prefix_path) check parameters
[0.366s] Level 1:colcon.colcon_core.package_discovery:discover_packages(prefix_path) discover
[0.370s] DEBUG:colcon.colcon_installed_package_information.package_discovery:Found 369 installed packages in /opt/ros/humble
[0.371s] Level 1:colcon.colcon_core.package_discovery:discover_packages(prefix_path) using defaults
[0.410s] Level 5:colcon.colcon_core.verb:set package 'onrobot_description' build argument 'cmake_args' from command line to 'None'
[0.410s] Level 5:colcon.colcon_core.verb:set package 'onrobot_description' build argument 'cmake_target' from command line to 'None'
[0.410s] Level 5:colcon.colcon_core.verb:set package 'onrobot_description' build argument 'cmake_target_skip_unavailable' from command line to 'False'
[0.410s] Level 5:colcon.colcon_core.verb:set package 'onrobot_description' build argument 'cmake_clean_cache' from command line to 'False'
[0.410s] Level 5:colcon.colcon_core.verb:set package 'onrobot_description' build argument 'cmake_clean_first' from command line to 'False'
[0.410s] Level 5:colcon.colcon_core.verb:set package 'onrobot_description' build argument 'cmake_force_configure' from command line to 'False'
[0.410s] Level 5:colcon.colcon_core.verb:set package 'onrobot_description' build argument 'ament_cmake_args' from command line to 'None'
[0.411s] Level 5:colcon.colcon_core.verb:set package 'onrobot_description' build argument 'catkin_cmake_args' from command line to 'None'
[0.411s] Level 5:colcon.colcon_core.verb:set package 'onrobot_description' build argument 'catkin_skip_building_tests' from command line to 'False'
[0.411s] DEBUG:colcon.colcon_core.verb:Building package 'onrobot_description' with the following arguments: {'ament_cmake_args': None, 'build_base': '/home/user/Desktop/ur_pick/ros2_ws/build/onrobot_description', 'catkin_cmake_args': None, 'catkin_skip_building_tests': False, 'cmake_args': None, 'cmake_clean_cache': False, 'cmake_clean_first': False, 'cmake_force_configure': False, 'cmake_target': None, 'cmake_target_skip_unavailable': False, 'install_base': '/home/user/Desktop/ur_pick/ros2_ws/install/onrobot_description', 'merge_install': False, 'path': '/home/user/Desktop/ur_pick/ros2_ws/src/onrobot_description', 'symlink_install': True, 'test_result_base': None}
[0.411s] Level 5:colcon.colcon_core.verb:set package 'onrobot_driver' build argument 'cmake_args' from command line to 'None'
[0.411s] Level 5:colcon.colcon_core.verb:set package 'onrobot_driver' build argument 'cmake_target' from command line to 'None'
[0.411s] Level 5:colcon.colcon_core.verb:set package 'onrobot_driver' build argument 'cmake_target_skip_unavailable' from command line to 'False'
[0.411s] Level 5:colcon.colcon_core.verb:set package 'onrobot_driver' build argument 'cmake_clean_cache' from command line to 'False'
[0.411s] Level 5:colcon.colcon_core.verb:set package 'onrobot_driver' build argument 'cmake_clean_first' from command line to 'False'
[0.411s] Level 5:colcon.colcon_core.verb:set package 'onrobot_driver' build argument 'cmake_force_configure' from command line to 'False'
[0.411s] Level 5:colcon.colcon_core.verb:set package 'onrobot_driver' build argument 'ament_cmake_args' from command line to 'None'
[0.411s] Level 5:colcon.colcon_core.verb:set package 'onrobot_driver' build argument 'catkin_cmake_args' from command line to 'None'
[0.411s] Level 5:colcon.colcon_core.verb:set package 'onrobot_driver' build argument 'catkin_skip_building_tests' from command line to 'False'
[0.411s] DEBUG:colcon.colcon_core.verb:Building package 'onrobot_driver' with the following arguments: {'ament_cmake_args': None, 'build_base': '/home/user/Desktop/ur_pick/ros2_ws/build/onrobot_driver', 'catkin_cmake_args': None, 'catkin_skip_building_tests': False, 'cmake_args': None, 'cmake_clean_cache': False, 'cmake_clean_first': False, 'cmake_force_configure': False, 'cmake_target': None, 'cmake_target_skip_unavailable': False, 'install_base': '/home/user/Desktop/ur_pick/ros2_ws/install/onrobot_driver', 'merge_install': False, 'path': '/home/user/Desktop/ur_pick/ros2_ws/src/onrobot_driver', 'symlink_install': True, 'test_result_base': None}
[0.411s] Level 5:colcon.colcon_core.verb:set package 'ur_onrobot_description' build argument 'cmake_args' from command line to 'None'
[0.411s] Level 5:colcon.colcon_core.verb:set package 'ur_onrobot_description' build argument 'cmake_target' from command line to 'None'
[0.411s] Level 5:colcon.colcon_core.verb:set package 'ur_onrobot_description' build argument 'cmake_target_skip_unavailable' from command line to 'False'
[0.411s] Level 5:colcon.colcon_core.verb:set package 'ur_onrobot_description' build argument 'cmake_clean_cache' from command line to 'False'
[0.411s] Level 5:colcon.colcon_core.verb:set package 'ur_onrobot_description' build argument 'cmake_clean_first' from command line to 'False'
[0.411s] Level 5:colcon.colcon_core.verb:set package 'ur_onrobot_description' build argument 'cmake_force_configure' from command line to 'False'
[0.411s] Level 5:colcon.colcon_core.verb:set package 'ur_onrobot_description' build argument 'ament_cmake_args' from command line to 'None'
[0.411s] Level 5:colcon.colcon_core.verb:set package 'ur_onrobot_description' build argument 'catkin_cmake_args' from command line to 'None'
[0.411s] Level 5:colcon.colcon_core.verb:set package 'ur_onrobot_description' build argument 'catkin_skip_building_tests' from command line to 'False'
[0.411s] DEBUG:colcon.colcon_core.verb:Building package 'ur_onrobot_description' with the following arguments: {'ament_cmake_args': None, 'build_base': '/home/user/Desktop/ur_pick/ros2_ws/build/ur_onrobot_description', 'catkin_cmake_args': None, 'catkin_skip_building_tests': False, 'cmake_args': None, 'cmake_clean_cache': False, 'cmake_clean_first': False, 'cmake_force_configure': False, 'cmake_target': None, 'cmake_target_skip_unavailable': False, 'install_base': '/home/user/Desktop/ur_pick/ros2_ws/install/ur_onrobot_description', 'merge_install': False, 'path': '/home/user/Desktop/ur_pick/ros2_ws/src/UR_OnRobot_ROS2/ur_onrobot_description', 'symlink_install': True, 'test_result_base': None}
[0.412s] Level 5:colcon.colcon_core.verb:set package 'ur_onrobot_control' build argument 'cmake_args' from command line to 'None'
[0.412s] Level 5:colcon.colcon_core.verb:set package 'ur_onrobot_control' build argument 'cmake_target' from command line to 'None'
[0.412s] Level 5:colcon.colcon_core.verb:set package 'ur_onrobot_control' build argument 'cmake_target_skip_unavailable' from command line to 'False'
[0.412s] Level 5:colcon.colcon_core.verb:set package 'ur_onrobot_control' build argument 'cmake_clean_cache' from command line to 'False'
[0.412s] Level 5:colcon.colcon_core.verb:set package 'ur_onrobot_control' build argument 'cmake_clean_first' from command line to 'False'
[0.412s] Level 5:colcon.colcon_core.verb:set package 'ur_onrobot_control' build argument 'cmake_force_configure' from command line to 'False'
[0.412s] Level 5:colcon.colcon_core.verb:set package 'ur_onrobot_control' build argument 'ament_cmake_args' from command line to 'None'
[0.412s] Level 5:colcon.colcon_core.verb:set package 'ur_onrobot_control' build argument 'catkin_cmake_args' from command line to 'None'
[0.412s] Level 5:colcon.colcon_core.verb:set package 'ur_onrobot_control' build argument 'catkin_skip_building_tests' from command line to 'False'
[0.412s] DEBUG:colcon.colcon_core.verb:Building package 'ur_onrobot_control' with the following arguments: {'ament_cmake_args': None, 'build_base': '/home/user/Desktop/ur_pick/ros2_ws/build/ur_onrobot_control', 'catkin_cmake_args': None, 'catkin_skip_building_tests': False, 'cmake_args': None, 'cmake_clean_cache': False, 'cmake_clean_first': False, 'cmake_force_configure': False, 'cmake_target': None, 'cmake_target_skip_unavailable': False, 'install_base': '/home/user/Desktop/ur_pick/ros2_ws/install/ur_onrobot_control', 'merge_install': False, 'path': '/home/user/Desktop/ur_pick/ros2_ws/src/UR_OnRobot_ROS2/ur_onrobot_control', 'symlink_install': True, 'test_result_base': None}
[0.412s] Level 5:colcon.colcon_core.verb:set package 'ur_onrobot_moveit_config' build argument 'cmake_args' from command line to 'None'
[0.412s] Level 5:colcon.colcon_core.verb:set package 'ur_onrobot_moveit_config' build argument 'cmake_target' from command line to 'None'
[0.412s] Level 5:colcon.colcon_core.verb:set package 'ur_onrobot_moveit_config' build argument 'cmake_target_skip_unavailable' from command line to 'False'
[0.412s] Level 5:colcon.colcon_core.verb:set package 'ur_onrobot_moveit_config' build argument 'cmake_clean_cache' from command line to 'False'
[0.412s] Level 5:colcon.colcon_core.verb:set package 'ur_onrobot_moveit_config' build argument 'cmake_clean_first' from command line to 'False'
[0.412s] Level 5:colcon.colcon_core.verb:set package 'ur_onrobot_moveit_config' build argument 'cmake_force_configure' from command line to 'False'
[0.412s] Level 5:colcon.colcon_core.verb:set package 'ur_onrobot_moveit_config' build argument 'ament_cmake_args' from command line to 'None'
[0.412s] Level 5:colcon.colcon_core.verb:set package 'ur_onrobot_moveit_config' build argument 'catkin_cmake_args' from command line to 'None'
[0.412s] Level 5:colcon.colcon_core.verb:set package 'ur_onrobot_moveit_config' build argument 'catkin_skip_building_tests' from command line to 'False'
[0.412s] DEBUG:colcon.colcon_core.verb:Building package 'ur_onrobot_moveit_config' with the following arguments: {'ament_cmake_args': None, 'build_base': '/home/user/Desktop/ur_pick/ros2_ws/build/ur_onrobot_moveit_config', 'catkin_cmake_args': None, 'catkin_skip_building_tests': False, 'cmake_args': None, 'cmake_clean_cache': False, 'cmake_clean_first': False, 'cmake_force_configure': False, 'cmake_target': None, 'cmake_target_skip_unavailable': False, 'install_base': '/home/user/Desktop/ur_pick/ros2_ws/install/ur_onrobot_moveit_config', 'merge_install': False, 'path': '/home/user/Desktop/ur_pick/ros2_ws/src/UR_OnRobot_ROS2/ur_onrobot_moveit_config', 'symlink_install': True, 'test_result_base': None}
[0.413s] Level 5:colcon.colcon_core.verb:set package 'ur_onrobot_hello_moveit' build argument 'cmake_args' from command line to 'None'
[0.413s] Level 5:colcon.colcon_core.verb:set package 'ur_onrobot_hello_moveit' build argument 'cmake_target' from command line to 'None'
[0.413s] Level 5:colcon.colcon_core.verb:set package 'ur_onrobot_hello_moveit' build argument 'cmake_target_skip_unavailable' from command line to 'False'
[0.413s] Level 5:colcon.colcon_core.verb:set package 'ur_onrobot_hello_moveit' build argument 'cmake_clean_cache' from command line to 'False'
[0.413s] Level 5:colcon.colcon_core.verb:set package 'ur_onrobot_hello_moveit' build argument 'cmake_clean_first' from command line to 'False'
[0.413s] Level 5:colcon.colcon_core.verb:set package 'ur_onrobot_hello_moveit' build argument 'cmake_force_configure' from command line to 'False'
[0.413s] Level 5:colcon.colcon_core.verb:set package 'ur_onrobot_hello_moveit' build argument 'ament_cmake_args' from command line to 'None'
[0.413s] Level 5:colcon.colcon_core.verb:set package 'ur_onrobot_hello_moveit' build argument 'catkin_cmake_args' from command line to 'None'
[0.413s] Level 5:colcon.colcon_core.verb:set package 'ur_onrobot_hello_moveit' build argument 'catkin_skip_building_tests' from command line to 'False'
[0.413s] DEBUG:colcon.colcon_core.verb:Building package 'ur_onrobot_hello_moveit' with the following arguments: {'ament_cmake_args': None, 'build_base': '/home/user/Desktop/ur_pick/ros2_ws/build/ur_onrobot_hello_moveit', 'catkin_cmake_args': None, 'catkin_skip_building_tests': False, 'cmake_args': None, 'cmake_clean_cache': False, 'cmake_clean_first': False, 'cmake_force_configure': False, 'cmake_target': None, 'cmake_target_skip_unavailable': False, 'install_base': '/home/user/Desktop/ur_pick/ros2_ws/install/ur_onrobot_hello_moveit', 'merge_install': False, 'path': '/home/user/Desktop/ur_pick/ros2_ws/src/moveit2_tutorials_ur_onrobot/ur_onrobot_hello_moveit', 'symlink_install': True, 'test_result_base': None}
[0.413s] Level 5:colcon.colcon_core.verb:set package 'ur_onrobot_mtc' build argument 'cmake_args' from command line to 'None'
[0.413s] Level 5:colcon.colcon_core.verb:set package 'ur_onrobot_mtc' build argument 'cmake_target' from command line to 'None'
[0.413s] Level 5:colcon.colcon_core.verb:set package 'ur_onrobot_mtc' build argument 'cmake_target_skip_unavailable' from command line to 'False'
[0.413s] Level 5:colcon.colcon_core.verb:set package 'ur_onrobot_mtc' build argument 'cmake_clean_cache' from command line to 'False'
[0.413s] Level 5:colcon.colcon_core.verb:set package 'ur_onrobot_mtc' build argument 'cmake_clean_first' from command line to 'False'
[0.413s] Level 5:colcon.colcon_core.verb:set package 'ur_onrobot_mtc' build argument 'cmake_force_configure' from command line to 'False'
[0.413s] Level 5:colcon.colcon_core.verb:set package 'ur_onrobot_mtc' build argument 'ament_cmake_args' from command line to 'None'
[0.413s] Level 5:colcon.colcon_core.verb:set package 'ur_onrobot_mtc' build argument 'catkin_cmake_args' from command line to 'None'
[0.413s] Level 5:colcon.colcon_core.verb:set package 'ur_onrobot_mtc' build argument 'catkin_skip_building_tests' from command line to 'False'
[0.413s] DEBUG:colcon.colcon_core.verb:Building package 'ur_onrobot_mtc' with the following arguments: {'ament_cmake_args': None, 'build_base': '/home/user/Desktop/ur_pick/ros2_ws/build/ur_onrobot_mtc', 'catkin_cmake_args': None, 'catkin_skip_building_tests': False, 'cmake_args': None, 'cmake_clean_cache': False, 'cmake_clean_first': False, 'cmake_force_configure': False, 'cmake_target': None, 'cmake_target_skip_unavailable': False, 'install_base': '/home/user/Desktop/ur_pick/ros2_ws/install/ur_onrobot_mtc', 'merge_install': False, 'path': '/home/user/Desktop/ur_pick/ros2_ws/src/moveit2_tutorials_ur_onrobot/ur_onrobot_mtc', 'symlink_install': True, 'test_result_base': None}
[0.413s] INFO:colcon.colcon_core.executor:Executing jobs using 'parallel' executor
[0.414s] DEBUG:colcon.colcon_parallel_executor.executor.parallel:run_until_complete
[0.414s] INFO:colcon.colcon_ros.task.ament_cmake.build:Building ROS package in '/home/user/Desktop/ur_pick/ros2_ws/src/onrobot_description' with build type 'ament_cmake'
[0.414s] INFO:colcon.colcon_cmake.task.cmake.build:Building CMake package in '/home/user/Desktop/ur_pick/ros2_ws/src/onrobot_description'
[0.417s] INFO:colcon.colcon_core.plugin_system:Skipping extension 'colcon_core.shell.bat': Not used on non-Windows systems
[0.417s] INFO:colcon.colcon_core.shell:Skip shell extension 'powershell' for command environment: Not usable outside of PowerShell
[0.417s] DEBUG:colcon.colcon_core.shell:Skip shell extension 'dsv' for command environment
[0.427s] DEBUG:colcon.colcon_core.event_handler.log_command:Invoking command in '/home/user/Desktop/ur_pick/ros2_ws/build/onrobot_description': CMAKE_PREFIX_PATH=/opt/ros/humble /usr/bin/cmake --build /home/user/Desktop/ur_pick/ros2_ws/build/onrobot_description -- -j15 -l15
[0.485s] DEBUG:colcon.colcon_core.event_handler.log_command:Invoked command in '/home/user/Desktop/ur_pick/ros2_ws/build/onrobot_description' returned '0': CMAKE_PREFIX_PATH=/opt/ros/humble /usr/bin/cmake --build /home/user/Desktop/ur_pick/ros2_ws/build/onrobot_description -- -j15 -l15
[0.500s] DEBUG:colcon.colcon_core.event_handler.log_command:Invoking command in '/home/user/Desktop/ur_pick/ros2_ws/build/onrobot_description': CMAKE_PREFIX_PATH=/opt/ros/humble /usr/bin/cmake --install /home/user/Desktop/ur_pick/ros2_ws/build/onrobot_description
[0.993s] Level 1:colcon.colcon_core.environment:create_environment_scripts_only(onrobot_description)
[0.993s] DEBUG:colcon.colcon_core.event_handler.log_command:Invoked command in '/home/user/Desktop/ur_pick/ros2_ws/build/onrobot_description' returned '0': CMAKE_PREFIX_PATH=/opt/ros/humble /usr/bin/cmake --install /home/user/Desktop/ur_pick/ros2_ws/build/onrobot_description
[1.000s] Level 1:colcon.colcon_core.environment:checking '/home/user/Desktop/ur_pick/ros2_ws/install/onrobot_description' for CMake module files
[1.001s] Level 1:colcon.colcon_core.environment:checking '/home/user/Desktop/ur_pick/ros2_ws/install/onrobot_description' for CMake config files
[1.002s] Level 1:colcon.colcon_core.shell:create_environment_hook('onrobot_description', 'cmake_prefix_path')
[1.003s] INFO:colcon.colcon_core.shell:Creating environment hook '/home/user/Desktop/ur_pick/ros2_ws/install/onrobot_description/share/onrobot_description/hook/cmake_prefix_path.ps1'
[1.004s] INFO:colcon.colcon_core.shell:Creating environment descriptor '/home/user/Desktop/ur_pick/ros2_ws/install/onrobot_description/share/onrobot_description/hook/cmake_prefix_path.dsv'
[1.004s] INFO:colcon.colcon_core.shell:Creating environment hook '/home/user/Desktop/ur_pick/ros2_ws/install/onrobot_description/share/onrobot_description/hook/cmake_prefix_path.sh'
[1.005s] Level 1:colcon.colcon_core.environment:checking '/home/user/Desktop/ur_pick/ros2_ws/install/onrobot_description/bin'
[1.005s] Level 1:colcon.colcon_core.environment:checking '/home/user/Desktop/ur_pick/ros2_ws/install/onrobot_description/lib/pkgconfig/onrobot_description.pc'
[1.005s] Level 1:colcon.colcon_core.environment:checking '/home/user/Desktop/ur_pick/ros2_ws/install/onrobot_description/lib/python3.10/site-packages'
[1.005s] Level 1:colcon.colcon_core.environment:checking '/home/user/Desktop/ur_pick/ros2_ws/install/onrobot_description/bin'
[1.006s] INFO:colcon.colcon_core.shell:Creating package script '/home/user/Desktop/ur_pick/ros2_ws/install/onrobot_description/share/onrobot_description/package.ps1'
[1.006s] INFO:colcon.colcon_core.shell:Creating package descriptor '/home/user/Desktop/ur_pick/ros2_ws/install/onrobot_description/share/onrobot_description/package.dsv'
[1.007s] INFO:colcon.colcon_core.shell:Creating package script '/home/user/Desktop/ur_pick/ros2_ws/install/onrobot_description/share/onrobot_description/package.sh'
[1.007s] INFO:colcon.colcon_core.shell:Creating package script '/home/user/Desktop/ur_pick/ros2_ws/install/onrobot_description/share/onrobot_description/package.bash'
[1.008s] INFO:colcon.colcon_core.shell:Creating package script '/home/user/Desktop/ur_pick/ros2_ws/install/onrobot_description/share/onrobot_description/package.zsh'
[1.008s] Level 1:colcon.colcon_core.environment:create_file_with_runtime_dependencies(/home/user/Desktop/ur_pick/ros2_ws/install/onrobot_description/share/colcon-core/packages/onrobot_description)
[1.009s] Level 1:colcon.colcon_core.environment:create_environment_scripts_only(onrobot_description)
[1.009s] Level 1:colcon.colcon_core.environment:checking '/home/user/Desktop/ur_pick/ros2_ws/install/onrobot_description' for CMake module files
[1.009s] Level 1:colcon.colcon_core.environment:checking '/home/user/Desktop/ur_pick/ros2_ws/install/onrobot_description' for CMake config files
[1.010s] Level 1:colcon.colcon_core.shell:create_environment_hook('onrobot_description', 'cmake_prefix_path')
[1.010s] INFO:colcon.colcon_core.shell:Creating environment hook '/home/user/Desktop/ur_pick/ros2_ws/install/onrobot_description/share/onrobot_description/hook/cmake_prefix_path.ps1'
[1.010s] INFO:colcon.colcon_core.shell:Creating environment descriptor '/home/user/Desktop/ur_pick/ros2_ws/install/onrobot_description/share/onrobot_description/hook/cmake_prefix_path.dsv'
[1.011s] INFO:colcon.colcon_core.shell:Creating environment hook '/home/user/Desktop/ur_pick/ros2_ws/install/onrobot_description/share/onrobot_description/hook/cmake_prefix_path.sh'
[1.011s] Level 1:colcon.colcon_core.environment:checking '/home/user/Desktop/ur_pick/ros2_ws/install/onrobot_description/bin'
[1.011s] Level 1:colcon.colcon_core.environment:checking '/home/user/Desktop/ur_pick/ros2_ws/install/onrobot_description/lib/pkgconfig/onrobot_description.pc'
[1.011s] Level 1:colcon.colcon_core.environment:checking '/home/user/Desktop/ur_pick/ros2_ws/install/onrobot_description/lib/python3.10/site-packages'
[1.011s] Level 1:colcon.colcon_core.environment:checking '/home/user/Desktop/ur_pick/ros2_ws/install/onrobot_description/bin'
[1.012s] INFO:colcon.colcon_core.shell:Creating package script '/home/user/Desktop/ur_pick/ros2_ws/install/onrobot_description/share/onrobot_description/package.ps1'
[1.012s] INFO:colcon.colcon_core.shell:Creating package descriptor '/home/user/Desktop/ur_pick/ros2_ws/install/onrobot_description/share/onrobot_description/package.dsv'
[1.012s] INFO:colcon.colcon_core.shell:Creating package script '/home/user/Desktop/ur_pick/ros2_ws/install/onrobot_description/share/onrobot_description/package.sh'
[1.013s] INFO:colcon.colcon_core.shell:Creating package script '/home/user/Desktop/ur_pick/ros2_ws/install/onrobot_description/share/onrobot_description/package.bash'
[1.013s] INFO:colcon.colcon_core.shell:Creating package script '/home/user/Desktop/ur_pick/ros2_ws/install/onrobot_description/share/onrobot_description/package.zsh'
[1.013s] Level 1:colcon.colcon_core.environment:create_file_with_runtime_dependencies(/home/user/Desktop/ur_pick/ros2_ws/install/onrobot_description/share/colcon-core/packages/onrobot_description)
[1.014s] INFO:colcon.colcon_ros.task.ament_cmake.build:Building ROS package in '/home/user/Desktop/ur_pick/ros2_ws/src/onrobot_driver' with build type 'ament_cmake'
[1.014s] INFO:colcon.colcon_cmake.task.cmake.build:Building CMake package in '/home/user/Desktop/ur_pick/ros2_ws/src/onrobot_driver'
[1.014s] INFO:colcon.colcon_core.shell:Skip shell extension 'powershell' for command environment: Not usable outside of PowerShell
[1.014s] DEBUG:colcon.colcon_core.shell:Skip shell extension 'dsv' for command environment
[1.018s] INFO:colcon.colcon_ros.task.ament_cmake.build:Building ROS package in '/home/user/Desktop/ur_pick/ros2_ws/src/UR_OnRobot_ROS2/ur_onrobot_description' with build type 'ament_cmake'
[1.018s] INFO:colcon.colcon_cmake.task.cmake.build:Building CMake package in '/home/user/Desktop/ur_pick/ros2_ws/src/UR_OnRobot_ROS2/ur_onrobot_description'
[1.018s] INFO:colcon.colcon_core.shell:Skip shell extension 'powershell' for command environment: Not usable outside of PowerShell
[1.018s] DEBUG:colcon.colcon_core.shell:Skip shell extension 'dsv' for command environment
[1.026s] DEBUG:colcon.colcon_core.event_handler.log_command:Invoking command in '/home/user/Desktop/ur_pick/ros2_ws/build/onrobot_driver': AMENT_PREFIX_PATH=/home/user/Desktop/ur_pick/ros2_ws/install/onrobot_description:${AMENT_PREFIX_PATH} CMAKE_PREFIX_PATH=/home/user/Desktop/ur_pick/ros2_ws/install/onrobot_description:/opt/ros/humble /usr/bin/cmake --build /home/user/Desktop/ur_pick/ros2_ws/build/onrobot_driver -- -j15 -l15
[1.029s] DEBUG:colcon.colcon_core.event_handler.log_command:Invoking command in '/home/user/Desktop/ur_pick/ros2_ws/build/ur_onrobot_description': AMENT_PREFIX_PATH=/home/user/Desktop/ur_pick/ros2_ws/install/onrobot_description:${AMENT_PREFIX_PATH} CMAKE_PREFIX_PATH=/home/user/Desktop/ur_pick/ros2_ws/install/onrobot_description:/opt/ros/humble /usr/bin/cmake --build /home/user/Desktop/ur_pick/ros2_ws/build/ur_onrobot_description -- -j15 -l15
[1.089s] DEBUG:colcon.colcon_core.event_handler.log_command:Invoked command in '/home/user/Desktop/ur_pick/ros2_ws/build/ur_onrobot_description' returned '0': AMENT_PREFIX_PATH=/home/user/Desktop/ur_pick/ros2_ws/install/onrobot_description:${AMENT_PREFIX_PATH} CMAKE_PREFIX_PATH=/home/user/Desktop/ur_pick/ros2_ws/install/onrobot_description:/opt/ros/humble /usr/bin/cmake --build /home/user/Desktop/ur_pick/ros2_ws/build/ur_onrobot_description -- -j15 -l15
[1.090s] DEBUG:colcon.colcon_core.event_handler.log_command:Invoking command in '/home/user/Desktop/ur_pick/ros2_ws/build/ur_onrobot_description': AMENT_PREFIX_PATH=/home/user/Desktop/ur_pick/ros2_ws/install/onrobot_description:${AMENT_PREFIX_PATH} CMAKE_PREFIX_PATH=/home/user/Desktop/ur_pick/ros2_ws/install/onrobot_description:/opt/ros/humble /usr/bin/cmake --install /home/user/Desktop/ur_pick/ros2_ws/build/ur_onrobot_description
[1.243s] DEBUG:colcon.colcon_core.event_handler.log_command:Invoked command in '/home/user/Desktop/ur_pick/ros2_ws/build/onrobot_driver' returned '0': AMENT_PREFIX_PATH=/home/user/Desktop/ur_pick/ros2_ws/install/onrobot_description:${AMENT_PREFIX_PATH} CMAKE_PREFIX_PATH=/home/user/Desktop/ur_pick/ros2_ws/install/onrobot_description:/opt/ros/humble /usr/bin/cmake --build /home/user/Desktop/ur_pick/ros2_ws/build/onrobot_driver -- -j15 -l15
[1.245s] DEBUG:colcon.colcon_core.event_handler.log_command:Invoking command in '/home/user/Desktop/ur_pick/ros2_ws/build/onrobot_driver': AMENT_PREFIX_PATH=/home/user/Desktop/ur_pick/ros2_ws/install/onrobot_description:${AMENT_PREFIX_PATH} CMAKE_PREFIX_PATH=/home/user/Desktop/ur_pick/ros2_ws/install/onrobot_description:/opt/ros/humble /usr/bin/cmake --install /home/user/Desktop/ur_pick/ros2_ws/build/onrobot_driver
[1.326s] Level 1:colcon.colcon_core.environment:create_environment_scripts_only(ur_onrobot_description)
[1.326s] Level 1:colcon.colcon_core.environment:checking '/home/user/Desktop/ur_pick/ros2_ws/install/ur_onrobot_description' for CMake module files
[1.328s] DEBUG:colcon.colcon_core.event_handler.log_command:Invoked command in '/home/user/Desktop/ur_pick/ros2_ws/build/ur_onrobot_description' returned '0': AMENT_PREFIX_PATH=/home/user/Desktop/ur_pick/ros2_ws/install/onrobot_description:${AMENT_PREFIX_PATH} CMAKE_PREFIX_PATH=/home/user/Desktop/ur_pick/ros2_ws/install/onrobot_description:/opt/ros/humble /usr/bin/cmake --install /home/user/Desktop/ur_pick/ros2_ws/build/ur_onrobot_description
[1.328s] Level 1:colcon.colcon_core.environment:checking '/home/user/Desktop/ur_pick/ros2_ws/install/ur_onrobot_description' for CMake config files
[1.329s] Level 1:colcon.colcon_core.shell:create_environment_hook('ur_onrobot_description', 'cmake_prefix_path')
[1.329s] INFO:colcon.colcon_core.shell:Creating environment hook '/home/user/Desktop/ur_pick/ros2_ws/install/ur_onrobot_description/share/ur_onrobot_description/hook/cmake_prefix_path.ps1'
[1.330s] INFO:colcon.colcon_core.shell:Creating environment descriptor '/home/user/Desktop/ur_pick/ros2_ws/install/ur_onrobot_description/share/ur_onrobot_description/hook/cmake_prefix_path.dsv'
[1.331s] INFO:colcon.colcon_core.shell:Creating environment hook '/home/user/Desktop/ur_pick/ros2_ws/install/ur_onrobot_description/share/ur_onrobot_description/hook/cmake_prefix_path.sh'
[1.332s] Level 1:colcon.colcon_core.environment:checking '/home/user/Desktop/ur_pick/ros2_ws/install/ur_onrobot_description/bin'
[1.332s] Level 1:colcon.colcon_core.environment:checking '/home/user/Desktop/ur_pick/ros2_ws/install/ur_onrobot_description/lib/pkgconfig/ur_onrobot_description.pc'
[1.332s] Level 1:colcon.colcon_core.environment:checking '/home/user/Desktop/ur_pick/ros2_ws/install/ur_onrobot_description/lib/python3.10/site-packages'
[1.333s] Level 1:colcon.colcon_core.environment:checking '/home/user/Desktop/ur_pick/ros2_ws/install/ur_onrobot_description/bin'
[1.333s] INFO:colcon.colcon_core.shell:Creating package script '/home/user/Desktop/ur_pick/ros2_ws/install/ur_onrobot_description/share/ur_onrobot_description/package.ps1'
[1.334s] INFO:colcon.colcon_core.shell:Creating package descriptor '/home/user/Desktop/ur_pick/ros2_ws/install/ur_onrobot_description/share/ur_onrobot_description/package.dsv'
[1.334s] INFO:colcon.colcon_core.shell:Creating package script '/home/user/Desktop/ur_pick/ros2_ws/install/ur_onrobot_description/share/ur_onrobot_description/package.sh'
[1.335s] INFO:colcon.colcon_core.shell:Creating package script '/home/user/Desktop/ur_pick/ros2_ws/install/ur_onrobot_description/share/ur_onrobot_description/package.bash'
[1.336s] INFO:colcon.colcon_core.shell:Creating package script '/home/user/Desktop/ur_pick/ros2_ws/install/ur_onrobot_description/share/ur_onrobot_description/package.zsh'
[1.336s] Level 1:colcon.colcon_core.environment:create_file_with_runtime_dependencies(/home/user/Desktop/ur_pick/ros2_ws/install/ur_onrobot_description/share/colcon-core/packages/ur_onrobot_description)
[1.337s] Level 1:colcon.colcon_core.environment:create_environment_scripts_only(ur_onrobot_description)
[1.337s] Level 1:colcon.colcon_core.environment:checking '/home/user/Desktop/ur_pick/ros2_ws/install/ur_onrobot_description' for CMake module files
[1.337s] Level 1:colcon.colcon_core.environment:checking '/home/user/Desktop/ur_pick/ros2_ws/install/ur_onrobot_description' for CMake config files
[1.338s] Level 1:colcon.colcon_core.shell:create_environment_hook('ur_onrobot_description', 'cmake_prefix_path')
[1.338s] INFO:colcon.colcon_core.shell:Creating environment hook '/home/user/Desktop/ur_pick/ros2_ws/install/ur_onrobot_description/share/ur_onrobot_description/hook/cmake_prefix_path.ps1'
[1.338s] INFO:colcon.colcon_core.shell:Creating environment descriptor '/home/user/Desktop/ur_pick/ros2_ws/install/ur_onrobot_description/share/ur_onrobot_description/hook/cmake_prefix_path.dsv'
[1.338s] INFO:colcon.colcon_core.shell:Creating environment hook '/home/user/Desktop/ur_pick/ros2_ws/install/ur_onrobot_description/share/ur_onrobot_description/hook/cmake_prefix_path.sh'
[1.339s] Level 1:colcon.colcon_core.environment:checking '/home/user/Desktop/ur_pick/ros2_ws/install/ur_onrobot_description/bin'
[1.339s] Level 1:colcon.colcon_core.environment:checking '/home/user/Desktop/ur_pick/ros2_ws/install/ur_onrobot_description/lib/pkgconfig/ur_onrobot_description.pc'
[1.339s] Level 1:colcon.colcon_core.environment:checking '/home/user/Desktop/ur_pick/ros2_ws/install/ur_onrobot_description/lib/python3.10/site-packages'
[1.339s] Level 1:colcon.colcon_core.environment:checking '/home/user/Desktop/ur_pick/ros2_ws/install/ur_onrobot_description/bin'
[1.339s] INFO:colcon.colcon_core.shell:Creating package script '/home/user/Desktop/ur_pick/ros2_ws/install/ur_onrobot_description/share/ur_onrobot_description/package.ps1'
[1.340s] INFO:colcon.colcon_core.shell:Creating package descriptor '/home/user/Desktop/ur_pick/ros2_ws/install/ur_onrobot_description/share/ur_onrobot_description/package.dsv'
[1.340s] INFO:colcon.colcon_core.shell:Creating package script '/home/user/Desktop/ur_pick/ros2_ws/install/ur_onrobot_description/share/ur_onrobot_description/package.sh'
[1.341s] INFO:colcon.colcon_core.shell:Creating package script '/home/user/Desktop/ur_pick/ros2_ws/install/ur_onrobot_description/share/ur_onrobot_description/package.bash'
[1.341s] INFO:colcon.colcon_core.shell:Creating package script '/home/user/Desktop/ur_pick/ros2_ws/install/ur_onrobot_description/share/ur_onrobot_description/package.zsh'
[1.341s] Level 1:colcon.colcon_core.environment:create_file_with_runtime_dependencies(/home/user/Desktop/ur_pick/ros2_ws/install/ur_onrobot_description/share/colcon-core/packages/ur_onrobot_description)
[7.505s] Level 1:colcon.colcon_core.environment:create_environment_scripts_only(onrobot_driver)
[7.506s] DEBUG:colcon.colcon_core.event_handler.log_command:Invoked command in '/home/user/Desktop/ur_pick/ros2_ws/build/onrobot_driver' returned '0': AMENT_PREFIX_PATH=/home/user/Desktop/ur_pick/ros2_ws/install/onrobot_description:${AMENT_PREFIX_PATH} CMAKE_PREFIX_PATH=/home/user/Desktop/ur_pick/ros2_ws/install/onrobot_description:/opt/ros/humble /usr/bin/cmake --install /home/user/Desktop/ur_pick/ros2_ws/build/onrobot_driver
[7.507s] Level 1:colcon.colcon_core.environment:checking '/home/user/Desktop/ur_pick/ros2_ws/install/onrobot_driver' for CMake module files
[7.508s] Level 1:colcon.colcon_core.environment:checking '/home/user/Desktop/ur_pick/ros2_ws/install/onrobot_driver' for CMake config files
[7.509s] Level 1:colcon.colcon_core.shell:create_environment_hook('onrobot_driver', 'cmake_prefix_path')
[7.509s] INFO:colcon.colcon_core.shell:Creating environment hook '/home/user/Desktop/ur_pick/ros2_ws/install/onrobot_driver/share/onrobot_driver/hook/cmake_prefix_path.ps1'
[7.510s] INFO:colcon.colcon_core.shell:Creating environment descriptor '/home/user/Desktop/ur_pick/ros2_ws/install/onrobot_driver/share/onrobot_driver/hook/cmake_prefix_path.dsv'
[7.511s] INFO:colcon.colcon_core.shell:Creating environment hook '/home/user/Desktop/ur_pick/ros2_ws/install/onrobot_driver/share/onrobot_driver/hook/cmake_prefix_path.sh'
[7.512s] Level 1:colcon.colcon_core.environment:checking '/home/user/Desktop/ur_pick/ros2_ws/install/onrobot_driver/lib'
[7.512s] Level 1:colcon.colcon_core.shell:create_environment_hook('onrobot_driver', 'ld_library_path_lib')
[7.512s] INFO:colcon.colcon_core.shell:Creating environment hook '/home/user/Desktop/ur_pick/ros2_ws/install/onrobot_driver/share/onrobot_driver/hook/ld_library_path_lib.ps1'
[7.513s] INFO:colcon.colcon_core.shell:Creating environment descriptor '/home/user/Desktop/ur_pick/ros2_ws/install/onrobot_driver/share/onrobot_driver/hook/ld_library_path_lib.dsv'
[7.513s] INFO:colcon.colcon_core.shell:Creating environment hook '/home/user/Desktop/ur_pick/ros2_ws/install/onrobot_driver/share/onrobot_driver/hook/ld_library_path_lib.sh'
[7.514s] Level 1:colcon.colcon_core.environment:checking '/home/user/Desktop/ur_pick/ros2_ws/install/onrobot_driver/bin'
[7.514s] Level 1:colcon.colcon_core.environment:checking '/home/user/Desktop/ur_pick/ros2_ws/install/onrobot_driver/lib/pkgconfig/onrobot_driver.pc'
[7.515s] Level 1:colcon.colcon_core.environment:checking '/home/user/Desktop/ur_pick/ros2_ws/install/onrobot_driver/lib/python3.10/site-packages'
[7.515s] Level 1:colcon.colcon_core.environment:checking '/home/user/Desktop/ur_pick/ros2_ws/install/onrobot_driver/bin'
[7.516s] INFO:colcon.colcon_core.shell:Creating package script '/home/user/Desktop/ur_pick/ros2_ws/install/onrobot_driver/share/onrobot_driver/package.ps1'
[7.516s] INFO:colcon.colcon_core.shell:Creating package descriptor '/home/user/Desktop/ur_pick/ros2_ws/install/onrobot_driver/share/onrobot_driver/package.dsv'
[7.517s] INFO:colcon.colcon_core.shell:Creating package script '/home/user/Desktop/ur_pick/ros2_ws/install/onrobot_driver/share/onrobot_driver/package.sh'
[7.517s] INFO:colcon.colcon_core.shell:Creating package script '/home/user/Desktop/ur_pick/ros2_ws/install/onrobot_driver/share/onrobot_driver/package.bash'
[7.517s] INFO:colcon.colcon_core.shell:Creating package script '/home/user/Desktop/ur_pick/ros2_ws/install/onrobot_driver/share/onrobot_driver/package.zsh'
[7.518s] Level 1:colcon.colcon_core.environment:create_file_with_runtime_dependencies(/home/user/Desktop/ur_pick/ros2_ws/install/onrobot_driver/share/colcon-core/packages/onrobot_driver)
[7.518s] Level 1:colcon.colcon_core.environment:create_environment_scripts_only(onrobot_driver)
[7.518s] Level 1:colcon.colcon_core.environment:checking '/home/user/Desktop/ur_pick/ros2_ws/install/onrobot_driver' for CMake module files
[7.519s] Level 1:colcon.colcon_core.environment:checking '/home/user/Desktop/ur_pick/ros2_ws/install/onrobot_driver' for CMake config files
[7.519s] Level 1:colcon.colcon_core.shell:create_environment_hook('onrobot_driver', 'cmake_prefix_path')
[7.519s] INFO:colcon.colcon_core.shell:Creating environment hook '/home/user/Desktop/ur_pick/ros2_ws/install/onrobot_driver/share/onrobot_driver/hook/cmake_prefix_path.ps1'
[7.520s] INFO:colcon.colcon_core.shell:Creating environment descriptor '/home/user/Desktop/ur_pick/ros2_ws/install/onrobot_driver/share/onrobot_driver/hook/cmake_prefix_path.dsv'
[7.520s] INFO:colcon.colcon_core.shell:Creating environment hook '/home/user/Desktop/ur_pick/ros2_ws/install/onrobot_driver/share/onrobot_driver/hook/cmake_prefix_path.sh'
[7.520s] Level 1:colcon.colcon_core.environment:checking '/home/user/Desktop/ur_pick/ros2_ws/install/onrobot_driver/lib'
[7.520s] Level 1:colcon.colcon_core.shell:create_environment_hook('onrobot_driver', 'ld_library_path_lib')
[7.520s] INFO:colcon.colcon_core.shell:Creating environment hook '/home/user/Desktop/ur_pick/ros2_ws/install/onrobot_driver/share/onrobot_driver/hook/ld_library_path_lib.ps1'
[7.521s] INFO:colcon.colcon_core.shell:Creating environment descriptor '/home/user/Desktop/ur_pick/ros2_ws/install/onrobot_driver/share/onrobot_driver/hook/ld_library_path_lib.dsv'
[7.521s] INFO:colcon.colcon_core.shell:Creating environment hook '/home/user/Desktop/ur_pick/ros2_ws/install/onrobot_driver/share/onrobot_driver/hook/ld_library_path_lib.sh'
[7.521s] Level 1:colcon.colcon_core.environment:checking '/home/user/Desktop/ur_pick/ros2_ws/install/onrobot_driver/bin'
[7.521s] Level 1:colcon.colcon_core.environment:checking '/home/user/Desktop/ur_pick/ros2_ws/install/onrobot_driver/lib/pkgconfig/onrobot_driver.pc'
[7.521s] Level 1:colcon.colcon_core.environment:checking '/home/user/Desktop/ur_pick/ros2_ws/install/onrobot_driver/lib/python3.10/site-packages'
[7.522s] Level 1:colcon.colcon_core.environment:checking '/home/user/Desktop/ur_pick/ros2_ws/install/onrobot_driver/bin'
[7.522s] INFO:colcon.colcon_core.shell:Creating package script '/home/user/Desktop/ur_pick/ros2_ws/install/onrobot_driver/share/onrobot_driver/package.ps1'
[7.523s] INFO:colcon.colcon_core.shell:Creating package descriptor '/home/user/Desktop/ur_pick/ros2_ws/install/onrobot_driver/share/onrobot_driver/package.dsv'
[7.523s] INFO:colcon.colcon_core.shell:Creating package script '/home/user/Desktop/ur_pick/ros2_ws/install/onrobot_driver/share/onrobot_driver/package.sh'
[7.523s] INFO:colcon.colcon_core.shell:Creating package script '/home/user/Desktop/ur_pick/ros2_ws/install/onrobot_driver/share/onrobot_driver/package.bash'
[7.524s] INFO:colcon.colcon_core.shell:Creating package script '/home/user/Desktop/ur_pick/ros2_ws/install/onrobot_driver/share/onrobot_driver/package.zsh'
[7.524s] Level 1:colcon.colcon_core.environment:create_file_with_runtime_dependencies(/home/user/Desktop/ur_pick/ros2_ws/install/onrobot_driver/share/colcon-core/packages/onrobot_driver)
[7.524s] INFO:colcon.colcon_ros.task.ament_cmake.build:Building ROS package in '/home/user/Desktop/ur_pick/ros2_ws/src/UR_OnRobot_ROS2/ur_onrobot_control' with build type 'ament_cmake'
[7.524s] INFO:colcon.colcon_cmake.task.cmake.build:Building CMake package in '/home/user/Desktop/ur_pick/ros2_ws/src/UR_OnRobot_ROS2/ur_onrobot_control'
[7.525s] INFO:colcon.colcon_core.shell:Skip shell extension 'powershell' for command environment: Not usable outside of PowerShell
[7.525s] DEBUG:colcon.colcon_core.shell:Skip shell extension 'dsv' for command environment
[7.543s] DEBUG:colcon.colcon_core.event_handler.log_command:Invoking command in '/home/user/Desktop/ur_pick/ros2_ws/build/ur_onrobot_control': AMENT_PREFIX_PATH=/home/user/Desktop/ur_pick/ros2_ws/install/ur_onrobot_description:/home/user/Desktop/ur_pick/ros2_ws/install/onrobot_driver:/home/user/Desktop/ur_pick/ros2_ws/install/onrobot_description:${AMENT_PREFIX_PATH} CMAKE_PREFIX_PATH=/home/user/Desktop/ur_pick/ros2_ws/install/ur_onrobot_description:/home/user/Desktop/ur_pick/ros2_ws/install/onrobot_driver:/home/user/Desktop/ur_pick/ros2_ws/install/onrobot_description:/opt/ros/humble LD_LIBRARY_PATH=/home/user/Desktop/ur_pick/ros2_ws/install/onrobot_driver/lib:${LD_LIBRARY_PATH} /usr/bin/cmake --build /home/user/Desktop/ur_pick/ros2_ws/build/ur_onrobot_control -- -j15 -l15
[7.592s] DEBUG:colcon.colcon_core.event_handler.log_command:Invoked command in '/home/user/Desktop/ur_pick/ros2_ws/build/ur_onrobot_control' returned '0': AMENT_PREFIX_PATH=/home/user/Desktop/ur_pick/ros2_ws/install/ur_onrobot_description:/home/user/Desktop/ur_pick/ros2_ws/install/onrobot_driver:/home/user/Desktop/ur_pick/ros2_ws/install/onrobot_description:${AMENT_PREFIX_PATH} CMAKE_PREFIX_PATH=/home/user/Desktop/ur_pick/ros2_ws/install/ur_onrobot_description:/home/user/Desktop/ur_pick/ros2_ws/install/onrobot_driver:/home/user/Desktop/ur_pick/ros2_ws/install/onrobot_description:/opt/ros/humble LD_LIBRARY_PATH=/home/user/Desktop/ur_pick/ros2_ws/install/onrobot_driver/lib:${LD_LIBRARY_PATH} /usr/bin/cmake --build /home/user/Desktop/ur_pick/ros2_ws/build/ur_onrobot_control -- -j15 -l15
[7.593s] DEBUG:colcon.colcon_core.event_handler.log_command:Invoking command in '/home/user/Desktop/ur_pick/ros2_ws/build/ur_onrobot_control': AMENT_PREFIX_PATH=/home/user/Desktop/ur_pick/ros2_ws/install/ur_onrobot_description:/home/user/Desktop/ur_pick/ros2_ws/install/onrobot_driver:/home/user/Desktop/ur_pick/ros2_ws/install/onrobot_description:${AMENT_PREFIX_PATH} CMAKE_PREFIX_PATH=/home/user/Desktop/ur_pick/ros2_ws/install/ur_onrobot_description:/home/user/Desktop/ur_pick/ros2_ws/install/onrobot_driver:/home/user/Desktop/ur_pick/ros2_ws/install/onrobot_description:/opt/ros/humble LD_LIBRARY_PATH=/home/user/Desktop/ur_pick/ros2_ws/install/onrobot_driver/lib:${LD_LIBRARY_PATH} /usr/bin/cmake --install /home/user/Desktop/ur_pick/ros2_ws/build/ur_onrobot_control
[7.830s] Level 1:colcon.colcon_core.environment:create_environment_scripts_only(ur_onrobot_control)
[7.831s] DEBUG:colcon.colcon_core.event_handler.log_command:Invoked command in '/home/user/Desktop/ur_pick/ros2_ws/build/ur_onrobot_control' returned '0': AMENT_PREFIX_PATH=/home/user/Desktop/ur_pick/ros2_ws/install/ur_onrobot_description:/home/user/Desktop/ur_pick/ros2_ws/install/onrobot_driver:/home/user/Desktop/ur_pick/ros2_ws/install/onrobot_description:${AMENT_PREFIX_PATH} CMAKE_PREFIX_PATH=/home/user/Desktop/ur_pick/ros2_ws/install/ur_onrobot_description:/home/user/Desktop/ur_pick/ros2_ws/install/onrobot_driver:/home/user/Desktop/ur_pick/ros2_ws/install/onrobot_description:/opt/ros/humble LD_LIBRARY_PATH=/home/user/Desktop/ur_pick/ros2_ws/install/onrobot_driver/lib:${LD_LIBRARY_PATH} /usr/bin/cmake --install /home/user/Desktop/ur_pick/ros2_ws/build/ur_onrobot_control
[7.832s] Level 1:colcon.colcon_core.environment:checking '/home/user/Desktop/ur_pick/ros2_ws/install/ur_onrobot_control' for CMake module files
[7.833s] Level 1:colcon.colcon_core.environment:checking '/home/user/Desktop/ur_pick/ros2_ws/install/ur_onrobot_control' for CMake config files
[7.833s] Level 1:colcon.colcon_core.shell:create_environment_hook('ur_onrobot_control', 'cmake_prefix_path')
[7.833s] INFO:colcon.colcon_core.shell:Creating environment hook '/home/user/Desktop/ur_pick/ros2_ws/install/ur_onrobot_control/share/ur_onrobot_control/hook/cmake_prefix_path.ps1'
[7.834s] INFO:colcon.colcon_core.shell:Creating environment descriptor '/home/user/Desktop/ur_pick/ros2_ws/install/ur_onrobot_control/share/ur_onrobot_control/hook/cmake_prefix_path.dsv'
[7.835s] INFO:colcon.colcon_core.shell:Creating environment hook '/home/user/Desktop/ur_pick/ros2_ws/install/ur_onrobot_control/share/ur_onrobot_control/hook/cmake_prefix_path.sh'
[7.835s] Level 1:colcon.colcon_core.environment:checking '/home/user/Desktop/ur_pick/ros2_ws/install/ur_onrobot_control/bin'
[7.836s] Level 1:colcon.colcon_core.environment:checking '/home/user/Desktop/ur_pick/ros2_ws/install/ur_onrobot_control/lib/pkgconfig/ur_onrobot_control.pc'
[7.836s] Level 1:colcon.colcon_core.environment:checking '/home/user/Desktop/ur_pick/ros2_ws/install/ur_onrobot_control/lib/python3.10/site-packages'
[7.836s] Level 1:colcon.colcon_core.environment:checking '/home/user/Desktop/ur_pick/ros2_ws/install/ur_onrobot_control/bin'
[7.837s] INFO:colcon.colcon_core.shell:Creating package script '/home/user/Desktop/ur_pick/ros2_ws/install/ur_onrobot_control/share/ur_onrobot_control/package.ps1'
[7.838s] INFO:colcon.colcon_core.shell:Creating package descriptor '/home/user/Desktop/ur_pick/ros2_ws/install/ur_onrobot_control/share/ur_onrobot_control/package.dsv'
[7.838s] INFO:colcon.colcon_core.shell:Creating package script '/home/user/Desktop/ur_pick/ros2_ws/install/ur_onrobot_control/share/ur_onrobot_control/package.sh'
[7.839s] INFO:colcon.colcon_core.shell:Creating package script '/home/user/Desktop/ur_pick/ros2_ws/install/ur_onrobot_control/share/ur_onrobot_control/package.bash'
[7.840s] INFO:colcon.colcon_core.shell:Creating package script '/home/user/Desktop/ur_pick/ros2_ws/install/ur_onrobot_control/share/ur_onrobot_control/package.zsh'
[7.840s] Level 1:colcon.colcon_core.environment:create_file_with_runtime_dependencies(/home/user/Desktop/ur_pick/ros2_ws/install/ur_onrobot_control/share/colcon-core/packages/ur_onrobot_control)
[7.841s] Level 1:colcon.colcon_core.environment:create_environment_scripts_only(ur_onrobot_control)
[7.841s] Level 1:colcon.colcon_core.environment:checking '/home/user/Desktop/ur_pick/ros2_ws/install/ur_onrobot_control' for CMake module files
[7.841s] Level 1:colcon.colcon_core.environment:checking '/home/user/Desktop/ur_pick/ros2_ws/install/ur_onrobot_control' for CMake config files
[7.841s] Level 1:colcon.colcon_core.shell:create_environment_hook('ur_onrobot_control', 'cmake_prefix_path')
[7.842s] INFO:colcon.colcon_core.shell:Creating environment hook '/home/user/Desktop/ur_pick/ros2_ws/install/ur_onrobot_control/share/ur_onrobot_control/hook/cmake_prefix_path.ps1'
[7.842s] INFO:colcon.colcon_core.shell:Creating environment descriptor '/home/user/Desktop/ur_pick/ros2_ws/install/ur_onrobot_control/share/ur_onrobot_control/hook/cmake_prefix_path.dsv'
[7.842s] INFO:colcon.colcon_core.shell:Creating environment hook '/home/user/Desktop/ur_pick/ros2_ws/install/ur_onrobot_control/share/ur_onrobot_control/hook/cmake_prefix_path.sh'
[7.843s] Level 1:colcon.colcon_core.environment:checking '/home/user/Desktop/ur_pick/ros2_ws/install/ur_onrobot_control/bin'
[7.843s] Level 1:colcon.colcon_core.environment:checking '/home/user/Desktop/ur_pick/ros2_ws/install/ur_onrobot_control/lib/pkgconfig/ur_onrobot_control.pc'
[7.843s] Level 1:colcon.colcon_core.environment:checking '/home/user/Desktop/ur_pick/ros2_ws/install/ur_onrobot_control/lib/python3.10/site-packages'
[7.843s] Level 1:colcon.colcon_core.environment:checking '/home/user/Desktop/ur_pick/ros2_ws/install/ur_onrobot_control/bin'
[7.843s] INFO:colcon.colcon_core.shell:Creating package script '/home/user/Desktop/ur_pick/ros2_ws/install/ur_onrobot_control/share/ur_onrobot_control/package.ps1'
[7.844s] INFO:colcon.colcon_core.shell:Creating package descriptor '/home/user/Desktop/ur_pick/ros2_ws/install/ur_onrobot_control/share/ur_onrobot_control/package.dsv'
[7.844s] INFO:colcon.colcon_core.shell:Creating package script '/home/user/Desktop/ur_pick/ros2_ws/install/ur_onrobot_control/share/ur_onrobot_control/package.sh'
[7.844s] INFO:colcon.colcon_core.shell:Creating package script '/home/user/Desktop/ur_pick/ros2_ws/install/ur_onrobot_control/share/ur_onrobot_control/package.bash'
[7.845s] INFO:colcon.colcon_core.shell:Creating package script '/home/user/Desktop/ur_pick/ros2_ws/install/ur_onrobot_control/share/ur_onrobot_control/package.zsh'
[7.845s] Level 1:colcon.colcon_core.environment:create_file_with_runtime_dependencies(/home/user/Desktop/ur_pick/ros2_ws/install/ur_onrobot_control/share/colcon-core/packages/ur_onrobot_control)
[7.845s] INFO:colcon.colcon_ros.task.ament_cmake.build:Building ROS package in '/home/user/Desktop/ur_pick/ros2_ws/src/UR_OnRobot_ROS2/ur_onrobot_moveit_config' with build type 'ament_cmake'
[7.845s] INFO:colcon.colcon_cmake.task.cmake.build:Building CMake package in '/home/user/Desktop/ur_pick/ros2_ws/src/UR_OnRobot_ROS2/ur_onrobot_moveit_config'
[7.845s] INFO:colcon.colcon_core.shell:Skip shell extension 'powershell' for command environment: Not usable outside of PowerShell
[7.845s] DEBUG:colcon.colcon_core.shell:Skip shell extension 'dsv' for command environment
[7.865s] DEBUG:colcon.colcon_core.event_handler.log_command:Invoking command in '/home/user/Desktop/ur_pick/ros2_ws/build/ur_onrobot_moveit_config': AMENT_PREFIX_PATH=/home/user/Desktop/ur_pick/ros2_ws/install/ur_onrobot_control:/home/user/Desktop/ur_pick/ros2_ws/install/ur_onrobot_description:/home/user/Desktop/ur_pick/ros2_ws/install/onrobot_driver:/home/user/Desktop/ur_pick/ros2_ws/install/onrobot_description:${AMENT_PREFIX_PATH} CMAKE_PREFIX_PATH=/home/user/Desktop/ur_pick/ros2_ws/install/ur_onrobot_control:/home/user/Desktop/ur_pick/ros2_ws/install/ur_onrobot_description:/home/user/Desktop/ur_pick/ros2_ws/install/onrobot_driver:/home/user/Desktop/ur_pick/ros2_ws/install/onrobot_description:/opt/ros/humble LD_LIBRARY_PATH=/home/user/Desktop/ur_pick/ros2_ws/install/onrobot_driver/lib:${LD_LIBRARY_PATH} /usr/bin/cmake --build /home/user/Desktop/ur_pick/ros2_ws/build/ur_onrobot_moveit_config -- -j15 -l15
[7.940s] DEBUG:colcon.colcon_core.event_handler.log_command:Invoked command in '/home/user/Desktop/ur_pick/ros2_ws/build/ur_onrobot_moveit_config' returned '2': AMENT_PREFIX_PATH=/home/user/Desktop/ur_pick/ros2_ws/install/ur_onrobot_control:/home/user/Desktop/ur_pick/ros2_ws/install/ur_onrobot_description:/home/user/Desktop/ur_pick/ros2_ws/install/onrobot_driver:/home/user/Desktop/ur_pick/ros2_ws/install/onrobot_description:${AMENT_PREFIX_PATH} CMAKE_PREFIX_PATH=/home/user/Desktop/ur_pick/ros2_ws/install/ur_onrobot_control:/home/user/Desktop/ur_pick/ros2_ws/install/ur_onrobot_description:/home/user/Desktop/ur_pick/ros2_ws/install/onrobot_driver:/home/user/Desktop/ur_pick/ros2_ws/install/onrobot_description:/opt/ros/humble LD_LIBRARY_PATH=/home/user/Desktop/ur_pick/ros2_ws/install/onrobot_driver/lib:${LD_LIBRARY_PATH} /usr/bin/cmake --build /home/user/Desktop/ur_pick/ros2_ws/build/ur_onrobot_moveit_config -- -j15 -l15
[7.941s] Level 1:colcon.colcon_core.environment:create_environment_scripts_only(ur_onrobot_moveit_config)
[7.941s] Level 1:colcon.colcon_core.environment:checking '/home/user/Desktop/ur_pick/ros2_ws/install/ur_onrobot_moveit_config' for CMake module files
[7.942s] Level 1:colcon.colcon_core.environment:checking '/home/user/Desktop/ur_pick/ros2_ws/install/ur_onrobot_moveit_config' for CMake config files
[7.942s] Level 1:colcon.colcon_core.shell:create_environment_hook('ur_onrobot_moveit_config', 'cmake_prefix_path')
[7.943s] INFO:colcon.colcon_core.shell:Creating environment hook '/home/user/Desktop/ur_pick/ros2_ws/install/ur_onrobot_moveit_config/share/ur_onrobot_moveit_config/hook/cmake_prefix_path.ps1'
[7.943s] INFO:colcon.colcon_core.shell:Creating environment descriptor '/home/user/Desktop/ur_pick/ros2_ws/install/ur_onrobot_moveit_config/share/ur_onrobot_moveit_config/hook/cmake_prefix_path.dsv'
[7.944s] INFO:colcon.colcon_core.shell:Creating environment hook '/home/user/Desktop/ur_pick/ros2_ws/install/ur_onrobot_moveit_config/share/ur_onrobot_moveit_config/hook/cmake_prefix_path.sh'
[7.945s] Level 1:colcon.colcon_core.environment:checking '/home/user/Desktop/ur_pick/ros2_ws/install/ur_onrobot_moveit_config/bin'
[7.945s] Level 1:colcon.colcon_core.environment:checking '/home/user/Desktop/ur_pick/ros2_ws/install/ur_onrobot_moveit_config/lib/pkgconfig/ur_onrobot_moveit_config.pc'
[7.945s] Level 1:colcon.colcon_core.environment:checking '/home/user/Desktop/ur_pick/ros2_ws/install/ur_onrobot_moveit_config/lib/python3.10/site-packages'
[7.946s] Level 1:colcon.colcon_core.environment:checking '/home/user/Desktop/ur_pick/ros2_ws/install/ur_onrobot_moveit_config/bin'
[7.946s] INFO:colcon.colcon_core.shell:Creating package script '/home/user/Desktop/ur_pick/ros2_ws/install/ur_onrobot_moveit_config/share/ur_onrobot_moveit_config/package.ps1'
[7.947s] INFO:colcon.colcon_core.shell:Creating package descriptor '/home/user/Desktop/ur_pick/ros2_ws/install/ur_onrobot_moveit_config/share/ur_onrobot_moveit_config/package.dsv'
[7.947s] INFO:colcon.colcon_core.shell:Creating package script '/home/user/Desktop/ur_pick/ros2_ws/install/ur_onrobot_moveit_config/share/ur_onrobot_moveit_config/package.sh'
[7.948s] INFO:colcon.colcon_core.shell:Creating package script '/home/user/Desktop/ur_pick/ros2_ws/install/ur_onrobot_moveit_config/share/ur_onrobot_moveit_config/package.bash'
[7.948s] INFO:colcon.colcon_core.shell:Creating package script '/home/user/Desktop/ur_pick/ros2_ws/install/ur_onrobot_moveit_config/share/ur_onrobot_moveit_config/package.zsh'
[7.949s] Level 1:colcon.colcon_core.environment:create_file_with_runtime_dependencies(/home/user/Desktop/ur_pick/ros2_ws/install/ur_onrobot_moveit_config/share/colcon-core/packages/ur_onrobot_moveit_config)
[7.950s] DEBUG:colcon.colcon_parallel_executor.executor.parallel:closing loop
[7.950s] DEBUG:colcon.colcon_parallel_executor.executor.parallel:loop closed
[7.950s] DEBUG:colcon.colcon_parallel_executor.executor.parallel:run_until_complete finished with '2'
[7.950s] DEBUG:colcon.colcon_core.event_reactor:joining thread
[7.958s] INFO:colcon.colcon_core.plugin_system:Skipping extension 'colcon_notification.desktop_notification.notify_send': Could not find 'notify-send'
[7.958s] INFO:colcon.colcon_core.plugin_system:Skipping extension 'colcon_notification.desktop_notification.terminal_notifier': Not used on non-Darwin systems
[7.958s] INFO:colcon.colcon_core.plugin_system:Skipping extension 'colcon_notification.desktop_notification.win32': Not used on non-Windows systems
[7.958s] INFO:colcon.colcon_notification.desktop_notification:Sending desktop notification using 'notify2'
[7.994s] DEBUG:colcon.colcon_core.event_reactor:joined thread
[7.994s] INFO:colcon.colcon_core.shell:Creating prefix script '/home/user/Desktop/ur_pick/ros2_ws/install/local_setup.ps1'
[7.996s] INFO:colcon.colcon_core.shell:Creating prefix util module '/home/user/Desktop/ur_pick/ros2_ws/install/_local_setup_util_ps1.py'
[7.998s] INFO:colcon.colcon_core.shell:Creating prefix chain script '/home/user/Desktop/ur_pick/ros2_ws/install/setup.ps1'
[7.999s] INFO:colcon.colcon_core.shell:Creating prefix script '/home/user/Desktop/ur_pick/ros2_ws/install/local_setup.sh'
[8.000s] INFO:colcon.colcon_core.shell:Creating prefix util module '/home/user/Desktop/ur_pick/ros2_ws/install/_local_setup_util_sh.py'
[8.000s] INFO:colcon.colcon_core.shell:Creating prefix chain script '/home/user/Desktop/ur_pick/ros2_ws/install/setup.sh'
[8.001s] INFO:colcon.colcon_core.shell:Creating prefix script '/home/user/Desktop/ur_pick/ros2_ws/install/local_setup.bash'
[8.002s] INFO:colcon.colcon_core.shell:Creating prefix chain script '/home/user/Desktop/ur_pick/ros2_ws/install/setup.bash'
[8.003s] INFO:colcon.colcon_core.shell:Creating prefix script '/home/user/Desktop/ur_pick/ros2_ws/install/local_setup.zsh'
[8.004s] INFO:colcon.colcon_core.shell:Creating prefix chain script '/home/user/Desktop/ur_pick/ros2_ws/install/setup.zsh'
