-- The C compiler identification is GNU 12.3.0
-- The CXX compiler identification is GNU 12.3.0
-- Detecting C compiler ABI info
-- Detecting C compiler ABI info - done
-- Check for working C compiler: /usr/bin/cc - skipped
-- Detecting C compile features
-- Detecting C compile features - done
-- Detecting CXX compiler ABI info
-- Detecting CXX compiler ABI info - done
-- Check for working CXX compiler: /usr/bin/c++ - skipped
-- Detecting CXX compile features
-- Detecting CXX compile features - done
-- Found ament_cmake: 1.3.14 (/opt/ros/humble/share/ament_cmake/cmake)
-- Found Python3: /usr/bin/python3 (found version "3.10.12") found components: Interpreter 
-- Override CMake install command with custom implementation using symlinks instead of copying resources
-- Configuring done
-- Generating done
-- Build files have been written to: /home/user/Desktop/ur_pick/ros2_ws/build/ur_onrobot_control
-- Install configuration: ""
-- Execute custom install script
-- Symlinking: /home/user/Desktop/ur_pick/ros2_ws/install/ur_onrobot_control/share/ur_onrobot_control/launch/start_robot.launch.py
-- Symlinking: /home/user/Desktop/ur_pick/ros2_ws/install/ur_onrobot_control/share/ur_onrobot_control/config/ur_onrobot_controllers.yaml
-- Symlinking: /home/user/Desktop/ur_pick/ros2_ws/install/ur_onrobot_control/share/ament_index/resource_index/package_run_dependencies/ur_onrobot_control
-- Symlinking: /home/user/Desktop/ur_pick/ros2_ws/install/ur_onrobot_control/share/ament_index/resource_index/parent_prefix_path/ur_onrobot_control
-- Symlinking: /home/user/Desktop/ur_pick/ros2_ws/install/ur_onrobot_control/share/ur_onrobot_control/environment/ament_prefix_path.sh
-- Symlinking: /home/user/Desktop/ur_pick/ros2_ws/install/ur_onrobot_control/share/ur_onrobot_control/environment/ament_prefix_path.dsv
-- Symlinking: /home/user/Desktop/ur_pick/ros2_ws/install/ur_onrobot_control/share/ur_onrobot_control/environment/path.sh
-- Symlinking: /home/user/Desktop/ur_pick/ros2_ws/install/ur_onrobot_control/share/ur_onrobot_control/environment/path.dsv
-- Symlinking: /home/user/Desktop/ur_pick/ros2_ws/install/ur_onrobot_control/share/ur_onrobot_control/local_setup.bash
-- Symlinking: /home/user/Desktop/ur_pick/ros2_ws/install/ur_onrobot_control/share/ur_onrobot_control/local_setup.sh
-- Symlinking: /home/user/Desktop/ur_pick/ros2_ws/install/ur_onrobot_control/share/ur_onrobot_control/local_setup.zsh
-- Symlinking: /home/user/Desktop/ur_pick/ros2_ws/install/ur_onrobot_control/share/ur_onrobot_control/local_setup.dsv
-- Symlinking: /home/user/Desktop/ur_pick/ros2_ws/install/ur_onrobot_control/share/ur_onrobot_control/package.dsv
-- Symlinking: /home/user/Desktop/ur_pick/ros2_ws/install/ur_onrobot_control/share/ament_index/resource_index/packages/ur_onrobot_control
-- Symlinking: /home/user/Desktop/ur_pick/ros2_ws/install/ur_onrobot_control/share/ur_onrobot_control/cmake/ur_onrobot_controlConfig.cmake
-- Symlinking: /home/user/Desktop/ur_pick/ros2_ws/install/ur_onrobot_control/share/ur_onrobot_control/cmake/ur_onrobot_controlConfig-version.cmake
-- Symlinking: /home/user/Desktop/ur_pick/ros2_ws/install/ur_onrobot_control/share/ur_onrobot_control/package.xml
