[0.016s] Invoking command in '/home/user/Desktop/ur_pick/ros2_ws/build/ur_onrobot_control': AMENT_PREFIX_PATH=/home/user/Desktop/ur_pick/ros2_ws/install/ur_onrobot_description:/home/user/Desktop/ur_pick/ros2_ws/install/onrobot_driver:/home/user/Desktop/ur_pick/ros2_ws/install/onrobot_description:${AMENT_PREFIX_PATH} CMAKE_PREFIX_PATH=/home/user/Desktop/ur_pick/ros2_ws/install/ur_onrobot_description:/home/user/Desktop/ur_pick/ros2_ws/install/onrobot_driver:/home/user/Desktop/ur_pick/ros2_ws/install/onrobot_description:/opt/ros/humble LD_LIBRARY_PATH=/home/user/Desktop/ur_pick/ros2_ws/install/onrobot_driver/lib:${LD_LIBRARY_PATH} /usr/bin/cmake /home/user/Desktop/ur_pick/ros2_ws/src/UR_OnRobot_ROS2/ur_onrobot_control -DAMENT_CMAKE_SYMLINK_INSTALL=1 -DCMAKE_INSTALL_PREFIX=/home/user/Desktop/ur_pick/ros2_ws/install/ur_onrobot_control
[0.088s] -- The C compiler identification is GNU 12.3.0
[0.159s] -- The CXX compiler identification is GNU 12.3.0
[0.166s] -- Detecting C compiler ABI info
[0.266s] -- Detecting C compiler ABI info - done
[0.276s] -- Check for working C compiler: /usr/bin/cc - skipped
[0.276s] -- Detecting C compile features
[0.277s] -- Detecting C compile features - done
[0.280s] -- Detecting CXX compiler ABI info
[0.382s] -- Detecting CXX compiler ABI info - done
[0.394s] -- Check for working CXX compiler: /usr/bin/c++ - skipped
[0.394s] -- Detecting CXX compile features
[0.395s] -- Detecting CXX compile features - done
[0.399s] -- Found ament_cmake: 1.3.14 (/opt/ros/humble/share/ament_cmake/cmake)
[0.557s] -- Found Python3: /usr/bin/python3 (found version "3.10.12") found components: Interpreter 
[0.615s] -- Override CMake install command with custom implementation using symlinks instead of copying resources
[0.717s] -- Configuring done
[0.720s] -- Generating done
[0.722s] -- Build files have been written to: /home/user/Desktop/ur_pick/ros2_ws/build/ur_onrobot_control
[0.726s] Invoked command in '/home/user/Desktop/ur_pick/ros2_ws/build/ur_onrobot_control' returned '0': AMENT_PREFIX_PATH=/home/user/Desktop/ur_pick/ros2_ws/install/ur_onrobot_description:/home/user/Desktop/ur_pick/ros2_ws/install/onrobot_driver:/home/user/Desktop/ur_pick/ros2_ws/install/onrobot_description:${AMENT_PREFIX_PATH} CMAKE_PREFIX_PATH=/home/user/Desktop/ur_pick/ros2_ws/install/ur_onrobot_description:/home/user/Desktop/ur_pick/ros2_ws/install/onrobot_driver:/home/user/Desktop/ur_pick/ros2_ws/install/onrobot_description:/opt/ros/humble LD_LIBRARY_PATH=/home/user/Desktop/ur_pick/ros2_ws/install/onrobot_driver/lib:${LD_LIBRARY_PATH} /usr/bin/cmake /home/user/Desktop/ur_pick/ros2_ws/src/UR_OnRobot_ROS2/ur_onrobot_control -DAMENT_CMAKE_SYMLINK_INSTALL=1 -DCMAKE_INSTALL_PREFIX=/home/user/Desktop/ur_pick/ros2_ws/install/ur_onrobot_control
[0.727s] Invoking command in '/home/user/Desktop/ur_pick/ros2_ws/build/ur_onrobot_control': AMENT_PREFIX_PATH=/home/user/Desktop/ur_pick/ros2_ws/install/ur_onrobot_description:/home/user/Desktop/ur_pick/ros2_ws/install/onrobot_driver:/home/user/Desktop/ur_pick/ros2_ws/install/onrobot_description:${AMENT_PREFIX_PATH} CMAKE_PREFIX_PATH=/home/user/Desktop/ur_pick/ros2_ws/install/ur_onrobot_description:/home/user/Desktop/ur_pick/ros2_ws/install/onrobot_driver:/home/user/Desktop/ur_pick/ros2_ws/install/onrobot_description:/opt/ros/humble LD_LIBRARY_PATH=/home/user/Desktop/ur_pick/ros2_ws/install/onrobot_driver/lib:${LD_LIBRARY_PATH} /usr/bin/cmake --build /home/user/Desktop/ur_pick/ros2_ws/build/ur_onrobot_control -- -j15 -l15
[0.785s] Invoked command in '/home/user/Desktop/ur_pick/ros2_ws/build/ur_onrobot_control' returned '0': AMENT_PREFIX_PATH=/home/user/Desktop/ur_pick/ros2_ws/install/ur_onrobot_description:/home/user/Desktop/ur_pick/ros2_ws/install/onrobot_driver:/home/user/Desktop/ur_pick/ros2_ws/install/onrobot_description:${AMENT_PREFIX_PATH} CMAKE_PREFIX_PATH=/home/user/Desktop/ur_pick/ros2_ws/install/ur_onrobot_description:/home/user/Desktop/ur_pick/ros2_ws/install/onrobot_driver:/home/user/Desktop/ur_pick/ros2_ws/install/onrobot_description:/opt/ros/humble LD_LIBRARY_PATH=/home/user/Desktop/ur_pick/ros2_ws/install/onrobot_driver/lib:${LD_LIBRARY_PATH} /usr/bin/cmake --build /home/user/Desktop/ur_pick/ros2_ws/build/ur_onrobot_control -- -j15 -l15
[0.787s] Invoking command in '/home/user/Desktop/ur_pick/ros2_ws/build/ur_onrobot_control': AMENT_PREFIX_PATH=/home/user/Desktop/ur_pick/ros2_ws/install/ur_onrobot_description:/home/user/Desktop/ur_pick/ros2_ws/install/onrobot_driver:/home/user/Desktop/ur_pick/ros2_ws/install/onrobot_description:${AMENT_PREFIX_PATH} CMAKE_PREFIX_PATH=/home/user/Desktop/ur_pick/ros2_ws/install/ur_onrobot_description:/home/user/Desktop/ur_pick/ros2_ws/install/onrobot_driver:/home/user/Desktop/ur_pick/ros2_ws/install/onrobot_description:/opt/ros/humble LD_LIBRARY_PATH=/home/user/Desktop/ur_pick/ros2_ws/install/onrobot_driver/lib:${LD_LIBRARY_PATH} /usr/bin/cmake --install /home/user/Desktop/ur_pick/ros2_ws/build/ur_onrobot_control
[0.798s] -- Install configuration: ""
[0.799s] -- Execute custom install script
[0.799s] -- Symlinking: /home/user/Desktop/ur_pick/ros2_ws/install/ur_onrobot_control/share/ur_onrobot_control/launch/start_robot.launch.py
[0.813s] -- Symlinking: /home/user/Desktop/ur_pick/ros2_ws/install/ur_onrobot_control/share/ur_onrobot_control/config/ur_onrobot_controllers.yaml
[0.827s] -- Symlinking: /home/user/Desktop/ur_pick/ros2_ws/install/ur_onrobot_control/share/ament_index/resource_index/package_run_dependencies/ur_onrobot_control
[0.840s] -- Symlinking: /home/user/Desktop/ur_pick/ros2_ws/install/ur_onrobot_control/share/ament_index/resource_index/parent_prefix_path/ur_onrobot_control
[0.854s] -- Symlinking: /home/user/Desktop/ur_pick/ros2_ws/install/ur_onrobot_control/share/ur_onrobot_control/environment/ament_prefix_path.sh
[0.863s] -- Symlinking: /home/user/Desktop/ur_pick/ros2_ws/install/ur_onrobot_control/share/ur_onrobot_control/environment/ament_prefix_path.dsv
[0.877s] -- Symlinking: /home/user/Desktop/ur_pick/ros2_ws/install/ur_onrobot_control/share/ur_onrobot_control/environment/path.sh
[0.886s] -- Symlinking: /home/user/Desktop/ur_pick/ros2_ws/install/ur_onrobot_control/share/ur_onrobot_control/environment/path.dsv
[0.899s] -- Symlinking: /home/user/Desktop/ur_pick/ros2_ws/install/ur_onrobot_control/share/ur_onrobot_control/local_setup.bash
[0.914s] -- Symlinking: /home/user/Desktop/ur_pick/ros2_ws/install/ur_onrobot_control/share/ur_onrobot_control/local_setup.sh
[0.929s] -- Symlinking: /home/user/Desktop/ur_pick/ros2_ws/install/ur_onrobot_control/share/ur_onrobot_control/local_setup.zsh
[0.939s] -- Symlinking: /home/user/Desktop/ur_pick/ros2_ws/install/ur_onrobot_control/share/ur_onrobot_control/local_setup.dsv
[0.950s] -- Symlinking: /home/user/Desktop/ur_pick/ros2_ws/install/ur_onrobot_control/share/ur_onrobot_control/package.dsv
[0.961s] -- Symlinking: /home/user/Desktop/ur_pick/ros2_ws/install/ur_onrobot_control/share/ament_index/resource_index/packages/ur_onrobot_control
[0.971s] -- Symlinking: /home/user/Desktop/ur_pick/ros2_ws/install/ur_onrobot_control/share/ur_onrobot_control/cmake/ur_onrobot_controlConfig.cmake
[0.985s] -- Symlinking: /home/user/Desktop/ur_pick/ros2_ws/install/ur_onrobot_control/share/ur_onrobot_control/cmake/ur_onrobot_controlConfig-version.cmake
[0.998s] -- Symlinking: /home/user/Desktop/ur_pick/ros2_ws/install/ur_onrobot_control/share/ur_onrobot_control/package.xml
[1.010s] Invoked command in '/home/user/Desktop/ur_pick/ros2_ws/build/ur_onrobot_control' returned '0': AMENT_PREFIX_PATH=/home/user/Desktop/ur_pick/ros2_ws/install/ur_onrobot_description:/home/user/Desktop/ur_pick/ros2_ws/install/onrobot_driver:/home/user/Desktop/ur_pick/ros2_ws/install/onrobot_description:${AMENT_PREFIX_PATH} CMAKE_PREFIX_PATH=/home/user/Desktop/ur_pick/ros2_ws/install/ur_onrobot_description:/home/user/Desktop/ur_pick/ros2_ws/install/onrobot_driver:/home/user/Desktop/ur_pick/ros2_ws/install/onrobot_description:/opt/ros/humble LD_LIBRARY_PATH=/home/user/Desktop/ur_pick/ros2_ws/install/onrobot_driver/lib:${LD_LIBRARY_PATH} /usr/bin/cmake --install /home/user/Desktop/ur_pick/ros2_ws/build/ur_onrobot_control
