[0.020s] Invoking command in '/home/user/Desktop/ur_pick/ros2_ws/build/ur_onrobot_hello_moveit': AMENT_PREFIX_PATH=/home/user/Desktop/ur_pick/ros2_ws/install/ur_onrobot_moveit_config:/home/user/Desktop/ur_pick/ros2_ws/install/ur_onrobot_control:/home/user/Desktop/ur_pick/ros2_ws/install/ur_onrobot_description:/home/user/Desktop/ur_pick/ros2_ws/install/onrobot_driver:/home/user/Desktop/ur_pick/ros2_ws/install/onrobot_description:${AMENT_PREFIX_PATH} CMAKE_PREFIX_PATH=/home/user/Desktop/ur_pick/ros2_ws/install/ur_onrobot_moveit_config:/home/user/Desktop/ur_pick/ros2_ws/install/ur_onrobot_control:/home/user/Desktop/ur_pick/ros2_ws/install/ur_onrobot_description:/home/user/Desktop/ur_pick/ros2_ws/install/onrobot_driver:/home/user/Desktop/ur_pick/ros2_ws/install/onrobot_description:/opt/ros/humble LD_LIBRARY_PATH=/home/user/Desktop/ur_pick/ros2_ws/install/onrobot_driver/lib:${LD_LIBRARY_PATH} PYTHONPATH=/home/user/Desktop/ur_pick/ros2_ws/install/ur_onrobot_moveit_config/local/lib/python3.10/dist-packages:${PYTHONPATH} /usr/bin/cmake /home/user/Desktop/ur_pick/ros2_ws/src/moveit2_tutorials_ur_onrobot/ur_onrobot_hello_moveit -DAMENT_CMAKE_SYMLINK_INSTALL=1 -DCMAKE_INSTALL_PREFIX=/home/user/Desktop/ur_pick/ros2_ws/install/ur_onrobot_hello_moveit
[0.101s] -- The C compiler identification is GNU 12.3.0
[0.175s] -- The CXX compiler identification is GNU 12.3.0
[0.186s] -- Detecting C compiler ABI info
[0.278s] -- Detecting C compiler ABI info - done
[0.285s] -- Check for working C compiler: /usr/bin/cc - skipped
[0.285s] -- Detecting C compile features
[0.285s] -- Detecting C compile features - done
[0.288s] -- Detecting CXX compiler ABI info
[0.396s] -- Detecting CXX compiler ABI info - done
[0.404s] -- Check for working CXX compiler: /usr/bin/c++ - skipped
[0.405s] -- Detecting CXX compile features
[0.406s] -- Detecting CXX compile features - done
[0.409s] -- Found ament_cmake: 1.3.14 (/opt/ros/humble/share/ament_cmake/cmake)
[0.566s] -- Found Python3: /usr/bin/python3 (found version "3.10.12") found components: Interpreter 
[0.625s] -- Override CMake install command with custom implementation using symlinks instead of copying resources
[0.672s] -- Found geometry_msgs: 4.9.1 (/opt/ros/humble/share/geometry_msgs/cmake)
[0.720s] -- Found rosidl_generator_c: 3.1.8 (/opt/ros/humble/share/rosidl_generator_c/cmake)
[0.727s] -- Found rosidl_adapter: 3.1.8 (/opt/ros/humble/share/rosidl_adapter/cmake)
[0.736s] -- Found rosidl_generator_cpp: 3.1.8 (/opt/ros/humble/share/rosidl_generator_cpp/cmake)
[0.750s] -- Using all available rosidl_typesupport_c: rosidl_typesupport_fastrtps_c;rosidl_typesupport_introspection_c
[0.770s] -- Using all available rosidl_typesupport_cpp: rosidl_typesupport_fastrtps_cpp;rosidl_typesupport_introspection_cpp
[0.808s] -- Found moveit_msgs: 2.2.1 (/opt/ros/humble/share/moveit_msgs/cmake)
[0.969s] -- Found moveit_ros_planning_interface: 2.5.9 (/opt/ros/humble/share/moveit_ros_planning_interface/cmake)
[1.224s] -- Found Boost: /usr/lib/x86_64-linux-gnu/cmake/Boost-1.74.0/BoostConfig.cmake (found version "1.74.0") found components: date_time filesystem program_options system thread 
[1.256s] -- Found Boost: /usr/lib/x86_64-linux-gnu/cmake/Boost-1.74.0/BoostConfig.cmake (found version "1.74.0") found components: chrono date_time filesystem iostreams program_options regex serialization system thread 
[1.322s] -- Found parameter_traits: 0.7.1 (/opt/ros/humble/share/parameter_traits/cmake)
[1.370s] -- Found rmw_implementation_cmake: 6.1.2 (/opt/ros/humble/share/rmw_implementation_cmake/cmake)
[1.374s] -- Found rmw_fastrtps_cpp: 6.2.10 (/opt/ros/humble/share/rmw_fastrtps_cpp/cmake)
[1.511s] -- Found OpenSSL: /usr/lib/x86_64-linux-gnu/libcrypto.so (found version "3.0.2")  
[1.548s] -- Found FastRTPS: /opt/ros/humble/include  
[1.595s] -- Using RMW implementation 'rmw_fastrtps_cpp' as default
[1.606s] -- Found Threads: TRUE  
[1.660s] -- Found rclcpp_lifecycle: 16.0.19 (/opt/ros/humble/share/rclcpp_lifecycle/cmake)
[1.685s] -- Found Boost: /usr/lib/x86_64-linux-gnu/cmake/Boost-1.74.0/BoostConfig.cmake (found version "1.74.0") found components: filesystem 
[1.838s] -- library: /usr/lib/x86_64-linux-gnu/libcurl.so
[1.876s] -- Found Eigen3: TRUE (found version "3.4.0") 
[1.876s] -- Ensuring Eigen3 include directory is part of orocos-kdl CMake target
[2.031s] -- Found Boost: /usr/lib/x86_64-linux-gnu/cmake/Boost-1.74.0/BoostConfig.cmake (found version "1.74.0") found components: system filesystem date_time program_options thread chrono 
[2.063s] -- Found Boost: /usr/lib/x86_64-linux-gnu/cmake/Boost-1.74.0/BoostConfig.cmake (found version "1.74.0") found components: thread system filesystem regex date_time program_options 
[2.088s] -- Found Boost: /usr/lib/x86_64-linux-gnu/cmake/Boost-1.74.0/BoostConfig.cmake (found version "1.74.0") found components: system filesystem date_time program_options thread 
[2.117s] -- Found moveit_visual_tools: 4.1.2 (/opt/ros/humble/share/moveit_visual_tools/cmake)
[2.203s] -- Setting assimp_DIR to: '/opt/ros/humble/share/rviz_assimp_vendor/cmake/../../../opt/rviz_assimp_vendor/lib/cmake/assimp-4.1'
[2.215s] -- Setting OGRE_DIR to: '/opt/ros/humble/share/rviz_ogre_vendor/cmake/../../../opt/rviz_ogre_vendor/lib/OGRE/cmake'
[2.217s] -- Found OGRE
[2.218s] --   static     : OFF
[2.218s] --   components : HLMS;MeshLodGenerator;Overlay;Paging;Property;RTShaderSystem;Terrain;Volume
[2.218s] --   plugins    : Plugin_BSPSceneManager;Plugin_OctreeSceneManager;Plugin_PCZSceneManager;Plugin_ParticleFX;RenderSystem_GL;RenderSystem_GL3Plus;Codec_STBI
[2.218s] --   media      : /opt/ros/humble/opt/rviz_ogre_vendor/share/OGRE/Media
[2.218s] -- OGRE_LIBRARIES: OgreHLMS;OgreMeshLodGenerator;OgreOverlay;OgrePaging;OgreProperty;OgreRTShaderSystem;OgreTerrain;OgreVolume;OgreMain
[2.218s] -- OGRE_LIBRARY_DIRS: /opt/ros/humble/opt/rviz_ogre_vendor/lib
[2.218s] -- OGRE_PLUGINS: Plugin_BSPSceneManager;Plugin_OctreeSceneManager;Plugin_PCZSceneManager;Plugin_ParticleFX;RenderSystem_GL;RenderSystem_GL3Plus;Codec_STBI
[2.218s] -- OGRE_PLUGIN_DIR: /opt/ros/humble/opt/rviz_ogre_vendor/lib/OGRE
[2.218s] -- rviz_ogre_vendor::OgreOverlay for IMPORTED_LOCATION_RELEASE: /opt/ros/humble/opt/rviz_ogre_vendor/lib/libOgreOverlay.so
[2.218s] -- rviz_ogre_vendor::OgreOverlay for IMPORTED_LOCATION_DEBUG: /opt/ros/humble/opt/rviz_ogre_vendor/lib/libOgreOverlay.so
[2.218s] -- rviz_ogre_vendor::OgreMain for IMPORTED_LOCATION_RELEASE: /opt/ros/humble/opt/rviz_ogre_vendor/lib/libOgreMain.so
[2.219s] -- rviz_ogre_vendor::OgreMain for IMPORTED_LOCATION_DEBUG: /opt/ros/humble/opt/rviz_ogre_vendor/lib/libOgreMain.so
[2.219s] -- Could not find freeimage library
[2.239s] -- Found ZLIB: /usr/lib/x86_64-linux-gnu/libz.so (found version "1.2.11") 
[2.243s] -- Found OpenGL: /usr/lib/x86_64-linux-gnu/libOpenGL.so   
[2.396s] -- Found X11: /usr/include   
[2.397s] -- Looking for XOpenDisplay in /usr/lib/x86_64-linux-gnu/libX11.so;/usr/lib/x86_64-linux-gnu/libXext.so
[2.499s] -- Looking for XOpenDisplay in /usr/lib/x86_64-linux-gnu/libX11.so;/usr/lib/x86_64-linux-gnu/libXext.so - found
[2.499s] -- Looking for gethostbyname
[2.591s] -- Looking for gethostbyname - found
[2.592s] -- Looking for connect
[2.691s] -- Looking for connect - found
[2.691s] -- Looking for remove
[2.789s] -- Looking for remove - found
[2.789s] -- Looking for shmat
[2.906s] -- Looking for shmat - found
[2.906s] -- Looking for IceConnectionNumber in ICE
[3.011s] -- Looking for IceConnectionNumber in ICE - found
[3.130s] -- Found ament_lint_auto: 0.12.15 (/opt/ros/humble/share/ament_lint_auto/cmake)
[3.215s] -- Added test 'cppcheck' to perform static code analysis on C / C++ code
[3.215s] -- Configured cppcheck include dirs: 
[3.216s] -- Configured cppcheck exclude dirs and/or files: 
[3.216s] -- Added test 'flake8' to check Python code syntax and style conventions
[3.217s] -- Added test 'lint_cmake' to check CMake code style
[3.217s] -- Added test 'pep257' to check Python code against some of the docstring style conventions in PEP 257
[3.219s] -- Added test 'uncrustify' to check C / C++ code style
[3.219s] -- Configured uncrustify additional arguments: 
[3.219s] -- Added test 'xmllint' to check XML markup files
[3.221s] -- Configuring done
[3.287s] -- Generating done
[3.304s] -- Build files have been written to: /home/user/Desktop/ur_pick/ros2_ws/build/ur_onrobot_hello_moveit
[3.317s] Invoked command in '/home/user/Desktop/ur_pick/ros2_ws/build/ur_onrobot_hello_moveit' returned '0': AMENT_PREFIX_PATH=/home/user/Desktop/ur_pick/ros2_ws/install/ur_onrobot_moveit_config:/home/user/Desktop/ur_pick/ros2_ws/install/ur_onrobot_control:/home/user/Desktop/ur_pick/ros2_ws/install/ur_onrobot_description:/home/user/Desktop/ur_pick/ros2_ws/install/onrobot_driver:/home/user/Desktop/ur_pick/ros2_ws/install/onrobot_description:${AMENT_PREFIX_PATH} CMAKE_PREFIX_PATH=/home/user/Desktop/ur_pick/ros2_ws/install/ur_onrobot_moveit_config:/home/user/Desktop/ur_pick/ros2_ws/install/ur_onrobot_control:/home/user/Desktop/ur_pick/ros2_ws/install/ur_onrobot_description:/home/user/Desktop/ur_pick/ros2_ws/install/onrobot_driver:/home/user/Desktop/ur_pick/ros2_ws/install/onrobot_description:/opt/ros/humble LD_LIBRARY_PATH=/home/user/Desktop/ur_pick/ros2_ws/install/onrobot_driver/lib:${LD_LIBRARY_PATH} PYTHONPATH=/home/user/Desktop/ur_pick/ros2_ws/install/ur_onrobot_moveit_config/local/lib/python3.10/dist-packages:${PYTHONPATH} /usr/bin/cmake /home/user/Desktop/ur_pick/ros2_ws/src/moveit2_tutorials_ur_onrobot/ur_onrobot_hello_moveit -DAMENT_CMAKE_SYMLINK_INSTALL=1 -DCMAKE_INSTALL_PREFIX=/home/user/Desktop/ur_pick/ros2_ws/install/ur_onrobot_hello_moveit
[3.319s] Invoking command in '/home/user/Desktop/ur_pick/ros2_ws/build/ur_onrobot_hello_moveit': AMENT_PREFIX_PATH=/home/user/Desktop/ur_pick/ros2_ws/install/ur_onrobot_moveit_config:/home/user/Desktop/ur_pick/ros2_ws/install/ur_onrobot_control:/home/user/Desktop/ur_pick/ros2_ws/install/ur_onrobot_description:/home/user/Desktop/ur_pick/ros2_ws/install/onrobot_driver:/home/user/Desktop/ur_pick/ros2_ws/install/onrobot_description:${AMENT_PREFIX_PATH} CMAKE_PREFIX_PATH=/home/user/Desktop/ur_pick/ros2_ws/install/ur_onrobot_moveit_config:/home/user/Desktop/ur_pick/ros2_ws/install/ur_onrobot_control:/home/user/Desktop/ur_pick/ros2_ws/install/ur_onrobot_description:/home/user/Desktop/ur_pick/ros2_ws/install/onrobot_driver:/home/user/Desktop/ur_pick/ros2_ws/install/onrobot_description:/opt/ros/humble LD_LIBRARY_PATH=/home/user/Desktop/ur_pick/ros2_ws/install/onrobot_driver/lib:${LD_LIBRARY_PATH} PYTHONPATH=/home/user/Desktop/ur_pick/ros2_ws/install/ur_onrobot_moveit_config/local/lib/python3.10/dist-packages:${PYTHONPATH} /usr/bin/cmake --build /home/user/Desktop/ur_pick/ros2_ws/build/ur_onrobot_hello_moveit -- -j15 -l15
[3.396s] [ 16%] Building CXX object CMakeFiles/planning_around_objects.dir/src/planning_around_objects.cpp.o
[3.400s] [ 33%] Building CXX object CMakeFiles/your_first_project.dir/src/your_first_project.cpp.o
[3.403s] [ 50%] Building CXX object CMakeFiles/visualizing_in_rviz.dir/src/visualizing_in_rviz.cpp.o
[9.714s] [ 66%] Linking CXX executable your_first_project
[10.139s] [ 66%] Built target your_first_project
[13.152s] [ 83%] Linking CXX executable visualizing_in_rviz
[13.416s] [100%] Linking CXX executable planning_around_objects
[13.828s] [100%] Built target visualizing_in_rviz
[14.038s] [100%] Built target planning_around_objects
[14.060s] Invoked command in '/home/user/Desktop/ur_pick/ros2_ws/build/ur_onrobot_hello_moveit' returned '0': AMENT_PREFIX_PATH=/home/user/Desktop/ur_pick/ros2_ws/install/ur_onrobot_moveit_config:/home/user/Desktop/ur_pick/ros2_ws/install/ur_onrobot_control:/home/user/Desktop/ur_pick/ros2_ws/install/ur_onrobot_description:/home/user/Desktop/ur_pick/ros2_ws/install/onrobot_driver:/home/user/Desktop/ur_pick/ros2_ws/install/onrobot_description:${AMENT_PREFIX_PATH} CMAKE_PREFIX_PATH=/home/user/Desktop/ur_pick/ros2_ws/install/ur_onrobot_moveit_config:/home/user/Desktop/ur_pick/ros2_ws/install/ur_onrobot_control:/home/user/Desktop/ur_pick/ros2_ws/install/ur_onrobot_description:/home/user/Desktop/ur_pick/ros2_ws/install/onrobot_driver:/home/user/Desktop/ur_pick/ros2_ws/install/onrobot_description:/opt/ros/humble LD_LIBRARY_PATH=/home/user/Desktop/ur_pick/ros2_ws/install/onrobot_driver/lib:${LD_LIBRARY_PATH} PYTHONPATH=/home/user/Desktop/ur_pick/ros2_ws/install/ur_onrobot_moveit_config/local/lib/python3.10/dist-packages:${PYTHONPATH} /usr/bin/cmake --build /home/user/Desktop/ur_pick/ros2_ws/build/ur_onrobot_hello_moveit -- -j15 -l15
[14.062s] Invoking command in '/home/user/Desktop/ur_pick/ros2_ws/build/ur_onrobot_hello_moveit': AMENT_PREFIX_PATH=/home/user/Desktop/ur_pick/ros2_ws/install/ur_onrobot_moveit_config:/home/user/Desktop/ur_pick/ros2_ws/install/ur_onrobot_control:/home/user/Desktop/ur_pick/ros2_ws/install/ur_onrobot_description:/home/user/Desktop/ur_pick/ros2_ws/install/onrobot_driver:/home/user/Desktop/ur_pick/ros2_ws/install/onrobot_description:${AMENT_PREFIX_PATH} CMAKE_PREFIX_PATH=/home/user/Desktop/ur_pick/ros2_ws/install/ur_onrobot_moveit_config:/home/user/Desktop/ur_pick/ros2_ws/install/ur_onrobot_control:/home/user/Desktop/ur_pick/ros2_ws/install/ur_onrobot_description:/home/user/Desktop/ur_pick/ros2_ws/install/onrobot_driver:/home/user/Desktop/ur_pick/ros2_ws/install/onrobot_description:/opt/ros/humble LD_LIBRARY_PATH=/home/user/Desktop/ur_pick/ros2_ws/install/onrobot_driver/lib:${LD_LIBRARY_PATH} PYTHONPATH=/home/user/Desktop/ur_pick/ros2_ws/install/ur_onrobot_moveit_config/local/lib/python3.10/dist-packages:${PYTHONPATH} /usr/bin/cmake --install /home/user/Desktop/ur_pick/ros2_ws/build/ur_onrobot_hello_moveit
[14.075s] -- Install configuration: ""
[14.075s] -- Execute custom install script
[14.076s] -- Symlinking: /home/user/Desktop/ur_pick/ros2_ws/install/ur_onrobot_hello_moveit/lib/ur_onrobot_hello_moveit/your_first_project
[14.087s] -- Symlinking: /home/user/Desktop/ur_pick/ros2_ws/install/ur_onrobot_hello_moveit/lib/ur_onrobot_hello_moveit/visualizing_in_rviz
[14.100s] -- Symlinking: /home/user/Desktop/ur_pick/ros2_ws/install/ur_onrobot_hello_moveit/lib/ur_onrobot_hello_moveit/planning_around_objects
[14.110s] -- Symlinking: /home/user/Desktop/ur_pick/ros2_ws/install/ur_onrobot_hello_moveit/share/ur_onrobot_hello_moveit/rviz/moveit2_tutorials.rviz
[14.125s] -- Symlinking: /home/user/Desktop/ur_pick/ros2_ws/install/ur_onrobot_hello_moveit/share/ur_onrobot_hello_moveit/launch/tutorials_rviz.launch.py
[14.141s] -- Symlinking: /home/user/Desktop/ur_pick/ros2_ws/install/ur_onrobot_hello_moveit/share/ament_index/resource_index/package_run_dependencies/ur_onrobot_hello_moveit
[14.157s] -- Symlinking: /home/user/Desktop/ur_pick/ros2_ws/install/ur_onrobot_hello_moveit/share/ament_index/resource_index/parent_prefix_path/ur_onrobot_hello_moveit
[14.173s] -- Symlinking: /home/user/Desktop/ur_pick/ros2_ws/install/ur_onrobot_hello_moveit/share/ur_onrobot_hello_moveit/environment/ament_prefix_path.sh
[14.182s] -- Symlinking: /home/user/Desktop/ur_pick/ros2_ws/install/ur_onrobot_hello_moveit/share/ur_onrobot_hello_moveit/environment/ament_prefix_path.dsv
[14.197s] -- Symlinking: /home/user/Desktop/ur_pick/ros2_ws/install/ur_onrobot_hello_moveit/share/ur_onrobot_hello_moveit/environment/path.sh
[14.207s] -- Symlinking: /home/user/Desktop/ur_pick/ros2_ws/install/ur_onrobot_hello_moveit/share/ur_onrobot_hello_moveit/environment/path.dsv
[14.223s] -- Symlinking: /home/user/Desktop/ur_pick/ros2_ws/install/ur_onrobot_hello_moveit/share/ur_onrobot_hello_moveit/local_setup.bash
[14.232s] -- Symlinking: /home/user/Desktop/ur_pick/ros2_ws/install/ur_onrobot_hello_moveit/share/ur_onrobot_hello_moveit/local_setup.sh
[14.245s] -- Symlinking: /home/user/Desktop/ur_pick/ros2_ws/install/ur_onrobot_hello_moveit/share/ur_onrobot_hello_moveit/local_setup.zsh
[14.261s] -- Symlinking: /home/user/Desktop/ur_pick/ros2_ws/install/ur_onrobot_hello_moveit/share/ur_onrobot_hello_moveit/local_setup.dsv
[14.275s] -- Symlinking: /home/user/Desktop/ur_pick/ros2_ws/install/ur_onrobot_hello_moveit/share/ur_onrobot_hello_moveit/package.dsv
[14.290s] -- Symlinking: /home/user/Desktop/ur_pick/ros2_ws/install/ur_onrobot_hello_moveit/share/ament_index/resource_index/packages/ur_onrobot_hello_moveit
[14.305s] -- Symlinking: /home/user/Desktop/ur_pick/ros2_ws/install/ur_onrobot_hello_moveit/share/ur_onrobot_hello_moveit/cmake/ur_onrobot_hello_moveitConfig.cmake
[14.320s] -- Symlinking: /home/user/Desktop/ur_pick/ros2_ws/install/ur_onrobot_hello_moveit/share/ur_onrobot_hello_moveit/cmake/ur_onrobot_hello_moveitConfig-version.cmake
[14.334s] -- Symlinking: /home/user/Desktop/ur_pick/ros2_ws/install/ur_onrobot_hello_moveit/share/ur_onrobot_hello_moveit/package.xml
[14.352s] Invoked command in '/home/user/Desktop/ur_pick/ros2_ws/build/ur_onrobot_hello_moveit' returned '0': AMENT_PREFIX_PATH=/home/user/Desktop/ur_pick/ros2_ws/install/ur_onrobot_moveit_config:/home/user/Desktop/ur_pick/ros2_ws/install/ur_onrobot_control:/home/user/Desktop/ur_pick/ros2_ws/install/ur_onrobot_description:/home/user/Desktop/ur_pick/ros2_ws/install/onrobot_driver:/home/user/Desktop/ur_pick/ros2_ws/install/onrobot_description:${AMENT_PREFIX_PATH} CMAKE_PREFIX_PATH=/home/user/Desktop/ur_pick/ros2_ws/install/ur_onrobot_moveit_config:/home/user/Desktop/ur_pick/ros2_ws/install/ur_onrobot_control:/home/user/Desktop/ur_pick/ros2_ws/install/ur_onrobot_description:/home/user/Desktop/ur_pick/ros2_ws/install/onrobot_driver:/home/user/Desktop/ur_pick/ros2_ws/install/onrobot_description:/opt/ros/humble LD_LIBRARY_PATH=/home/user/Desktop/ur_pick/ros2_ws/install/onrobot_driver/lib:${LD_LIBRARY_PATH} PYTHONPATH=/home/user/Desktop/ur_pick/ros2_ws/install/ur_onrobot_moveit_config/local/lib/python3.10/dist-packages:${PYTHONPATH} /usr/bin/cmake --install /home/user/Desktop/ur_pick/ros2_ws/build/ur_onrobot_hello_moveit
