[0.014s] Invoking command in '/home/user/Desktop/ur_pick/ros2_ws/build/onrobot_description': CMAKE_PREFIX_PATH=/opt/ros/humble /usr/bin/cmake /home/user/Desktop/ur_pick/ros2_ws/src/onrobot_description -DAMENT_CMAKE_SYMLINK_INSTALL=1 -DCMAKE_INSTALL_PREFIX=/home/user/Desktop/ur_pick/ros2_ws/install/onrobot_description
[0.195s] -- The C compiler identification is GNU 12.3.0
[0.341s] -- The CXX compiler identification is GNU 12.3.0
[0.357s] -- Detecting C compiler ABI info
[0.452s] -- Detecting C compiler ABI info - done
[0.458s] -- Check for working C compiler: /usr/bin/cc - skipped
[0.459s] -- Detecting C compile features
[0.460s] -- Detecting C compile features - done
[0.463s] -- Detecting CXX compiler ABI info
[0.575s] -- Detecting CXX compiler ABI info - done
[0.582s] -- Check for working CXX compiler: /usr/bin/c++ - skipped
[0.582s] -- Detecting CXX compile features
[0.583s] -- Detecting CXX compile features - done
[0.586s] -- Found ament_cmake: 1.3.14 (/opt/ros/humble/share/ament_cmake/cmake)
[0.751s] -- Found Python3: /usr/bin/python3 (found version "3.10.12") found components: Interpreter 
[0.822s] -- Override CMake install command with custom implementation using symlinks instead of copying resources
[0.869s] -- Found ament_lint_auto: 0.12.15 (/opt/ros/humble/share/ament_lint_auto/cmake)
[0.980s] -- Added test 'copyright' to check source files copyright and LICENSE
[0.999s] -- Added test 'flake8' to check Python code syntax and style conventions
[1.001s] -- Added test 'lint_cmake' to check CMake code style
[1.002s] -- Added test 'pep257' to check Python code against some of the docstring style conventions in PEP 257
[1.012s] -- Added test 'xmllint' to check XML markup files
[1.014s] -- Configuring done
[1.018s] -- Generating done
[1.019s] -- Build files have been written to: /home/user/Desktop/ur_pick/ros2_ws/build/onrobot_description
[1.024s] Invoked command in '/home/user/Desktop/ur_pick/ros2_ws/build/onrobot_description' returned '0': CMAKE_PREFIX_PATH=/opt/ros/humble /usr/bin/cmake /home/user/Desktop/ur_pick/ros2_ws/src/onrobot_description -DAMENT_CMAKE_SYMLINK_INSTALL=1 -DCMAKE_INSTALL_PREFIX=/home/user/Desktop/ur_pick/ros2_ws/install/onrobot_description
[1.027s] Invoking command in '/home/user/Desktop/ur_pick/ros2_ws/build/onrobot_description': CMAKE_PREFIX_PATH=/opt/ros/humble /usr/bin/cmake --build /home/user/Desktop/ur_pick/ros2_ws/build/onrobot_description -- -j15 -l15
[1.077s] Invoked command in '/home/user/Desktop/ur_pick/ros2_ws/build/onrobot_description' returned '0': CMAKE_PREFIX_PATH=/opt/ros/humble /usr/bin/cmake --build /home/user/Desktop/ur_pick/ros2_ws/build/onrobot_description -- -j15 -l15
[1.090s] Invoking command in '/home/user/Desktop/ur_pick/ros2_ws/build/onrobot_description': CMAKE_PREFIX_PATH=/opt/ros/humble /usr/bin/cmake --install /home/user/Desktop/ur_pick/ros2_ws/build/onrobot_description
[1.100s] -- Install configuration: ""
[1.100s] -- Execute custom install script
[1.101s] -- Symlinking: /home/user/Desktop/ur_pick/ros2_ws/install/onrobot_description/share/onrobot_description/launch/view_onrobot.launch.py
[1.117s] -- Symlinking: /home/user/Desktop/ur_pick/ros2_ws/install/onrobot_description/share/onrobot_description/meshes/rg2/collision/base_link.stl
[1.127s] -- Symlinking: /home/user/Desktop/ur_pick/ros2_ws/install/onrobot_description/share/onrobot_description/meshes/rg2/collision/inner_finger.stl
[1.142s] -- Symlinking: /home/user/Desktop/ur_pick/ros2_ws/install/onrobot_description/share/onrobot_description/meshes/rg2/collision/inner_knuckle.stl
[1.157s] -- Symlinking: /home/user/Desktop/ur_pick/ros2_ws/install/onrobot_description/share/onrobot_description/meshes/rg2/collision/outer_knuckle.stl
[1.168s] -- Symlinking: /home/user/Desktop/ur_pick/ros2_ws/install/onrobot_description/share/onrobot_description/meshes/rg2/visual/base_link.stl
[1.180s] -- Symlinking: /home/user/Desktop/ur_pick/ros2_ws/install/onrobot_description/share/onrobot_description/meshes/rg2/visual/inner_finger.stl
[1.196s] -- Symlinking: /home/user/Desktop/ur_pick/ros2_ws/install/onrobot_description/share/onrobot_description/meshes/rg2/visual/inner_knuckle.stl
[1.205s] -- Symlinking: /home/user/Desktop/ur_pick/ros2_ws/install/onrobot_description/share/onrobot_description/meshes/rg2/visual/outer_knuckle.stl
[1.215s] -- Symlinking: /home/user/Desktop/ur_pick/ros2_ws/install/onrobot_description/share/onrobot_description/meshes/rg6/collision/base_link.stl
[1.225s] -- Symlinking: /home/user/Desktop/ur_pick/ros2_ws/install/onrobot_description/share/onrobot_description/meshes/rg6/collision/inner_finger.stl
[1.241s] -- Symlinking: /home/user/Desktop/ur_pick/ros2_ws/install/onrobot_description/share/onrobot_description/meshes/rg6/collision/inner_knuckle.stl
[1.253s] -- Symlinking: /home/user/Desktop/ur_pick/ros2_ws/install/onrobot_description/share/onrobot_description/meshes/rg6/collision/outer_knuckle.stl
[1.266s] -- Symlinking: /home/user/Desktop/ur_pick/ros2_ws/install/onrobot_description/share/onrobot_description/meshes/rg6/visual/base_link.stl
[1.281s] -- Symlinking: /home/user/Desktop/ur_pick/ros2_ws/install/onrobot_description/share/onrobot_description/meshes/rg6/visual/inner_finger.stl
[1.296s] -- Symlinking: /home/user/Desktop/ur_pick/ros2_ws/install/onrobot_description/share/onrobot_description/meshes/rg6/visual/inner_knuckle.stl
[1.312s] -- Symlinking: /home/user/Desktop/ur_pick/ros2_ws/install/onrobot_description/share/onrobot_description/meshes/rg6/visual/outer_knuckle.stl
[1.327s] -- Symlinking: /home/user/Desktop/ur_pick/ros2_ws/install/onrobot_description/share/onrobot_description/rviz/view_onrobot.rviz
[1.338s] -- Symlinking: /home/user/Desktop/ur_pick/ros2_ws/install/onrobot_description/share/onrobot_description/urdf/inc/rg_common.xacro
[1.352s] -- Symlinking: /home/user/Desktop/ur_pick/ros2_ws/install/onrobot_description/share/onrobot_description/urdf/onrobot.urdf.xacro
[1.361s] -- Symlinking: /home/user/Desktop/ur_pick/ros2_ws/install/onrobot_description/share/onrobot_description/urdf/onrobot_macro.xacro
[1.377s] -- Symlinking: /home/user/Desktop/ur_pick/ros2_ws/install/onrobot_description/share/onrobot_description/urdf/rg2_macro.xacro
[1.387s] -- Symlinking: /home/user/Desktop/ur_pick/ros2_ws/install/onrobot_description/share/onrobot_description/urdf/rg6_macro.xacro
[1.403s] -- Symlinking: /home/user/Desktop/ur_pick/ros2_ws/install/onrobot_description/share/ament_index/resource_index/package_run_dependencies/onrobot_description
[1.412s] -- Symlinking: /home/user/Desktop/ur_pick/ros2_ws/install/onrobot_description/share/ament_index/resource_index/parent_prefix_path/onrobot_description
[1.426s] -- Symlinking: /home/user/Desktop/ur_pick/ros2_ws/install/onrobot_description/share/onrobot_description/environment/ament_prefix_path.sh
[1.436s] -- Symlinking: /home/user/Desktop/ur_pick/ros2_ws/install/onrobot_description/share/onrobot_description/environment/ament_prefix_path.dsv
[1.449s] -- Symlinking: /home/user/Desktop/ur_pick/ros2_ws/install/onrobot_description/share/onrobot_description/environment/path.sh
[1.458s] -- Symlinking: /home/user/Desktop/ur_pick/ros2_ws/install/onrobot_description/share/onrobot_description/environment/path.dsv
[1.471s] -- Symlinking: /home/user/Desktop/ur_pick/ros2_ws/install/onrobot_description/share/onrobot_description/local_setup.bash
[1.481s] -- Symlinking: /home/user/Desktop/ur_pick/ros2_ws/install/onrobot_description/share/onrobot_description/local_setup.sh
[1.491s] -- Symlinking: /home/user/Desktop/ur_pick/ros2_ws/install/onrobot_description/share/onrobot_description/local_setup.zsh
[1.501s] -- Symlinking: /home/user/Desktop/ur_pick/ros2_ws/install/onrobot_description/share/onrobot_description/local_setup.dsv
[1.515s] -- Symlinking: /home/user/Desktop/ur_pick/ros2_ws/install/onrobot_description/share/onrobot_description/package.dsv
[1.531s] -- Symlinking: /home/user/Desktop/ur_pick/ros2_ws/install/onrobot_description/share/ament_index/resource_index/packages/onrobot_description
[1.540s] -- Symlinking: /home/user/Desktop/ur_pick/ros2_ws/install/onrobot_description/share/onrobot_description/cmake/onrobot_descriptionConfig.cmake
[1.554s] -- Symlinking: /home/user/Desktop/ur_pick/ros2_ws/install/onrobot_description/share/onrobot_description/cmake/onrobot_descriptionConfig-version.cmake
[1.569s] -- Symlinking: /home/user/Desktop/ur_pick/ros2_ws/install/onrobot_description/share/onrobot_description/package.xml
[1.581s] Invoked command in '/home/user/Desktop/ur_pick/ros2_ws/build/onrobot_description' returned '0': CMAKE_PREFIX_PATH=/opt/ros/humble /usr/bin/cmake --install /home/user/Desktop/ur_pick/ros2_ws/build/onrobot_description
